Archive member included to satisfy reference by file (symbol)

C:/ST/STM32CubeIDE_1.18.0/STM32CubeIDE/plugins/com.st.stm32cube.ide.mcu.externaltools.gnu-tools-for-stm32.13.3.rel1.win32_1.0.0.202411081344/tools/bin/../lib/gcc/arm-none-eabi/13.3.1/../../../../arm-none-eabi/lib/thumb/v7e-m+fp/hard\libc_nano.a(libc_a-atoi.o)
                              ./Core/CLI_Terminal/CLI_Command/cli_command.o (atoi)
C:/ST/STM32CubeIDE_1.18.0/STM32CubeIDE/plugins/com.st.stm32cube.ide.mcu.externaltools.gnu-tools-for-stm32.13.3.rel1.win32_1.0.0.202411081344/tools/bin/../lib/gcc/arm-none-eabi/13.3.1/../../../../arm-none-eabi/lib/thumb/v7e-m+fp/hard\libc_nano.a(libc_a-exit.o)
                              C:/ST/STM32CubeIDE_1.18.0/STM32CubeIDE/plugins/com.st.stm32cube.ide.mcu.externaltools.gnu-tools-for-stm32.13.3.rel1.win32_1.0.0.202411081344/tools/bin/../lib/gcc/arm-none-eabi/13.3.1/../../../../arm-none-eabi/lib/thumb/v7e-m+fp/hard/crt0.o (exit)
C:/ST/STM32CubeIDE_1.18.0/STM32CubeIDE/plugins/com.st.stm32cube.ide.mcu.externaltools.gnu-tools-for-stm32.13.3.rel1.win32_1.0.0.202411081344/tools/bin/../lib/gcc/arm-none-eabi/13.3.1/../../../../arm-none-eabi/lib/thumb/v7e-m+fp/hard\libc_nano.a(libc_a-strtol.o)
                              C:/ST/STM32CubeIDE_1.18.0/STM32CubeIDE/plugins/com.st.stm32cube.ide.mcu.externaltools.gnu-tools-for-stm32.13.3.rel1.win32_1.0.0.202411081344/tools/bin/../lib/gcc/arm-none-eabi/13.3.1/../../../../arm-none-eabi/lib/thumb/v7e-m+fp/hard\libc_nano.a(libc_a-atoi.o) (_strtol_r)
C:/ST/STM32CubeIDE_1.18.0/STM32CubeIDE/plugins/com.st.stm32cube.ide.mcu.externaltools.gnu-tools-for-stm32.13.3.rel1.win32_1.0.0.202411081344/tools/bin/../lib/gcc/arm-none-eabi/13.3.1/../../../../arm-none-eabi/lib/thumb/v7e-m+fp/hard\libc_nano.a(libc_a-ctype_.o)
                              C:/ST/STM32CubeIDE_1.18.0/STM32CubeIDE/plugins/com.st.stm32cube.ide.mcu.externaltools.gnu-tools-for-stm32.13.3.rel1.win32_1.0.0.202411081344/tools/bin/../lib/gcc/arm-none-eabi/13.3.1/../../../../arm-none-eabi/lib/thumb/v7e-m+fp/hard\libc_nano.a(libc_a-strtol.o) (_ctype_)
C:/ST/STM32CubeIDE_1.18.0/STM32CubeIDE/plugins/com.st.stm32cube.ide.mcu.externaltools.gnu-tools-for-stm32.13.3.rel1.win32_1.0.0.202411081344/tools/bin/../lib/gcc/arm-none-eabi/13.3.1/../../../../arm-none-eabi/lib/thumb/v7e-m+fp/hard\libc_nano.a(libc_a-nano-vfprintf_float.o)
                              (_printf_float)
C:/ST/STM32CubeIDE_1.18.0/STM32CubeIDE/plugins/com.st.stm32cube.ide.mcu.externaltools.gnu-tools-for-stm32.13.3.rel1.win32_1.0.0.202411081344/tools/bin/../lib/gcc/arm-none-eabi/13.3.1/../../../../arm-none-eabi/lib/thumb/v7e-m+fp/hard\libc_nano.a(libc_a-nano-vfprintf_i.o)
                              C:/ST/STM32CubeIDE_1.18.0/STM32CubeIDE/plugins/com.st.stm32cube.ide.mcu.externaltools.gnu-tools-for-stm32.13.3.rel1.win32_1.0.0.202411081344/tools/bin/../lib/gcc/arm-none-eabi/13.3.1/../../../../arm-none-eabi/lib/thumb/v7e-m+fp/hard\libc_nano.a(libc_a-nano-vfprintf_float.o) (_printf_common)
C:/ST/STM32CubeIDE_1.18.0/STM32CubeIDE/plugins/com.st.stm32cube.ide.mcu.externaltools.gnu-tools-for-stm32.13.3.rel1.win32_1.0.0.202411081344/tools/bin/../lib/gcc/arm-none-eabi/13.3.1/../../../../arm-none-eabi/lib/thumb/v7e-m+fp/hard\libc_nano.a(libc_a-findfp.o)
                              C:/ST/STM32CubeIDE_1.18.0/STM32CubeIDE/plugins/com.st.stm32cube.ide.mcu.externaltools.gnu-tools-for-stm32.13.3.rel1.win32_1.0.0.202411081344/tools/bin/../lib/gcc/arm-none-eabi/13.3.1/../../../../arm-none-eabi/lib/thumb/v7e-m+fp/hard\libc_nano.a(libc_a-exit.o) (__stdio_exit_handler)
C:/ST/STM32CubeIDE_1.18.0/STM32CubeIDE/plugins/com.st.stm32cube.ide.mcu.externaltools.gnu-tools-for-stm32.13.3.rel1.win32_1.0.0.202411081344/tools/bin/../lib/gcc/arm-none-eabi/13.3.1/../../../../arm-none-eabi/lib/thumb/v7e-m+fp/hard\libc_nano.a(libc_a-fwalk.o)
                              C:/ST/STM32CubeIDE_1.18.0/STM32CubeIDE/plugins/com.st.stm32cube.ide.mcu.externaltools.gnu-tools-for-stm32.13.3.rel1.win32_1.0.0.202411081344/tools/bin/../lib/gcc/arm-none-eabi/13.3.1/../../../../arm-none-eabi/lib/thumb/v7e-m+fp/hard\libc_nano.a(libc_a-findfp.o) (_fwalk_sglue)
C:/ST/STM32CubeIDE_1.18.0/STM32CubeIDE/plugins/com.st.stm32cube.ide.mcu.externaltools.gnu-tools-for-stm32.13.3.rel1.win32_1.0.0.202411081344/tools/bin/../lib/gcc/arm-none-eabi/13.3.1/../../../../arm-none-eabi/lib/thumb/v7e-m+fp/hard\libc_nano.a(libc_a-snprintf.o)
                              ./BSP/I2C_Slave/i2c_slave.o (snprintf)
C:/ST/STM32CubeIDE_1.18.0/STM32CubeIDE/plugins/com.st.stm32cube.ide.mcu.externaltools.gnu-tools-for-stm32.13.3.rel1.win32_1.0.0.202411081344/tools/bin/../lib/gcc/arm-none-eabi/13.3.1/../../../../arm-none-eabi/lib/thumb/v7e-m+fp/hard\libc_nano.a(libc_a-sprintf.o)
                              ./Core/CLI_Terminal/CLI_Src/embedded_cli.o (sprintf)
[...]
Memory Configuration

Name             Origin             Length             Attributes
CCMRAM           0x10000000         0x00010000         xrw
RAM              0x20000000         0x00020000         xrw
FLASH            0x08000000         0x0007c000         xr
*default*        0x00000000         0xffffffff

Linker script and memory map

LOAD C:/ST/STM32CubeIDE_1.18.0/STM32CubeIDE/plugins/com.st.stm32cube.ide.mcu.externaltools.gnu-tools-for-stm32.13.3.rel1.win32_1.0.0.202411081344/tools/bin/../lib/gcc/arm-none-eabi/13.3.1/thumb/v7e-m+fp/hard/crti.o
LOAD C:/ST/STM32CubeIDE_1.18.0/STM32CubeIDE/plugins/com.st.stm32cube.ide.mcu.externaltools.gnu-tools-for-stm32.13.3.rel1.win32_1.0.0.202411081344/tools/bin/../lib/gcc/arm-none-eabi/13.3.1/thumb/v7e-m+fp/hard/crtbegin.o
LOAD C:/ST/STM32CubeIDE_1.18.0/STM32CubeIDE/plugins/com.st.stm32cube.ide.mcu.externaltools.gnu-tools-for-stm32.13.3.rel1.win32_1.0.0.202411081344/tools/bin/../lib/gcc/arm-none-eabi/13.3.1/../../../../arm-none-eabi/lib/thumb/v7e-m+fp/hard/crt0.o
LOAD ./BSP/Delay/delay.o
LOAD ./BSP/I2C/i2c.o
LOAD ./BSP/I2C_Slave/i2c_slave.o
LOAD ./BSP/I2C_Slave/register.o
LOAD ./BSP/SysTick/systick.o
LOAD ./BSP/UART/uart.o
LOAD ./Core/Auto_run/auto_run.o
LOAD ./Core/Board/board.o
LOAD ./Core/CLI_Terminal/CLI_Command/cli_command.o
LOAD ./Core/CLI_Terminal/CLI_Setup/cli_setup.o
LOAD ./Core/CLI_Terminal/CLI_Src/embedded_cli.o
LOAD ./Core/DateTime/date_time.o
LOAD ./Core/Devices/ADG1414/adg1414.o
LOAD ./Core/Devices/MB85RS2MT/mb85rs2mt.o
LOAD ./Core/Devices/SFC5500/sfc5500.o
LOAD ./Core/LED/IR_LED/ir_led.o
LOAD ./Core/LED/Status_LED/status_led.o
LOAD ./Core/Sensor_I2C/BME280/bme280.o
LOAD ./Core/Sensor_I2C/BMP390/bmp390.o
LOAD ./Core/Sensor_I2C/H250/h250.o
LOAD ./Core/Sensor_I2C/H3LIS331DL/h3lis331dl.o
LOAD ./Core/Sensor_I2C/K33/k33.o
LOAD ./Core/Sensor_I2C/LSM6DSOX/lsm6dsox.o
LOAD ./Core/Sensor_I2C/sensor_i2c.o
LOAD ./Core/Src/main.o
LOAD ./Core/Src/stm32f4xx_hal_msp.o
LOAD ./Core/Src/stm32f4xx_it.o
LOAD ./Core/Src/syscalls.o
LOAD ./Core/Src/sysmem.o
LOAD ./Core/Src/system_stm32f4xx.o
LOAD ./Core/Startup/startup_stm32f407vgtx.o
LOAD ./Core/Temperature/Heater/heater.o
LOAD ./Core/Temperature/LT8722/lt8722.o
LOAD ./Core/Temperature/NTC/ntc.o
LOAD ./Core/Temperature/temperature.o
LOAD ./Core/WDog/watchdog.o
LOAD ./Drivers/STM32F4xx_HAL_Driver/Src/stm32f4xx_hal.o
LOAD ./Drivers/STM32F4xx_HAL_Driver/Src/stm32f4xx_hal_cortex.o
LOAD ./Drivers/STM32F4xx_HAL_Driver/Src/stm32f4xx_hal_dma.o
LOAD ./Drivers/STM32F4xx_HAL_Driver/Src/stm32f4xx_hal_dma_ex.o
LOAD ./Drivers/STM32F4xx_HAL_Driver/Src/stm32f4xx_hal_exti.o
LOAD ./Drivers/STM32F4xx_HAL_Driver/Src/stm32f4xx_hal_flash.o
LOAD ./Drivers/STM32F4xx_HAL_Driver/Src/stm32f4xx_hal_flash_ex.o
LOAD ./Drivers/STM32F4xx_HAL_Driver/Src/stm32f4xx_hal_flash_ramfunc.o
LOAD ./Drivers/STM32F4xx_HAL_Driver/Src/stm32f4xx_hal_gpio.o
LOAD ./Drivers/STM32F4xx_HAL_Driver/Src/stm32f4xx_hal_pwr.o
LOAD ./Drivers/STM32F4xx_HAL_Driver/Src/stm32f4xx_hal_pwr_ex.o
LOAD ./Drivers/STM32F4xx_HAL_Driver/Src/stm32f4xx_hal_rcc.o
LOAD ./Drivers/STM32F4xx_HAL_Driver/Src/stm32f4xx_hal_rcc_ex.o
LOAD ./Drivers/STM32F4xx_HAL_Driver/Src/stm32f4xx_hal_tim.o
LOAD ./Drivers/STM32F4xx_HAL_Driver/Src/stm32f4xx_hal_tim_ex.o
LOAD ./Drivers/STM32F4xx_HAL_Driver/Src/stm32f4xx_ll_adc.o
LOAD ./Drivers/STM32F4xx_HAL_Driver/Src/stm32f4xx_ll_dma.o
LOAD ./Drivers/STM32F4xx_HAL_Driver/Src/stm32f4xx_ll_exti.o
LOAD ./Drivers/STM32F4xx_HAL_Driver/Src/stm32f4xx_ll_gpio.o
LOAD ./Drivers/STM32F4xx_HAL_Driver/Src/stm32f4xx_ll_i2c.o
LOAD ./Drivers/STM32F4xx_HAL_Driver/Src/stm32f4xx_ll_rcc.o
LOAD ./Drivers/STM32F4xx_HAL_Driver/Src/stm32f4xx_ll_spi.o
LOAD ./Drivers/STM32F4xx_HAL_Driver/Src/stm32f4xx_ll_tim.o
LOAD ./Drivers/STM32F4xx_HAL_Driver/Src/stm32f4xx_ll_usart.o
LOAD ./Drivers/STM32F4xx_HAL_Driver/Src/stm32f4xx_ll_utils.o
LOAD ./Scheduler/scheduler.o
LOAD ./ThirdParty/libfsp/crc16.o
LOAD ./ThirdParty/libfsp/fsp.o
START GROUP
LOAD C:/ST/STM32CubeIDE_1.18.0/STM32CubeIDE/plugins/com.st.stm32cube.ide.mcu.externaltools.gnu-tools-for-stm32.13.3.rel1.win32_1.0.0.202411081344/tools/bin/../lib/gcc/arm-none-eabi/13.3.1/../../../../arm-none-eabi/lib/thumb/v7e-m+fp/hard\libc_nano.a
LOAD C:/ST/STM32CubeIDE_1.18.0/STM32CubeIDE/plugins/com.st.stm32cube.ide.mcu.externaltools.gnu-tools-for-stm32.13.3.rel1.win32_1.0.0.202411081344/tools/bin/../lib/gcc/arm-none-eabi/13.3.1/../../../../arm-none-eabi/lib/thumb/v7e-m+fp/hard\libm.a
END GROUP
START GROUP
LOAD C:/ST/STM32CubeIDE_1.18.0/STM32CubeIDE/plugins/com.st.stm32cube.ide.mcu.externaltools.gnu-tools-for-stm32.13.3.rel1.win32_1.0.0.202411081344/tools/bin/../lib/gcc/arm-none-eabi/13.3.1/thumb/v7e-m+fp/hard\libgcc.a
LOAD C:/ST/STM32CubeIDE_1.18.0/STM32CubeIDE/plugins/com.st.stm32cube.ide.mcu.externaltools.gnu-tools-for-stm32.13.3.rel1.win32_1.0.0.202411081344/tools/bin/../lib/gcc/arm-none-eabi/13.3.1/../../../../arm-none-eabi/lib/thumb/v7e-m+fp/hard\libc_nano.a
END GROUP
START GROUP
LOAD C:/ST/STM32CubeIDE_1.18.0/STM32CubeIDE/plugins/com.st.stm32cube.ide.mcu.externaltools.gnu-tools-for-stm32.13.3.rel1.win32_1.0.0.202411081344/tools/bin/../lib/gcc/arm-none-eabi/13.3.1/thumb/v7e-m+fp/hard\libgcc.a
LOAD C:/ST/STM32CubeIDE_1.18.0/STM32CubeIDE/plugins/com.st.stm32cube.ide.mcu.externaltools.gnu-tools-for-stm32.13.3.rel1.win32_1.0.0.202411081344/tools/bin/../lib/gcc/arm-none-eabi/13.3.1/../../../../arm-none-eabi/lib/thumb/v7e-m+fp/hard\libc_nano.a
LOAD C:/ST/STM32CubeIDE_1.18.0/STM32CubeIDE/plugins/com.st.stm32cube.ide.mcu.externaltools.gnu-tools-for-stm32.13.3.rel1.win32_1.0.0.202411081344/tools/bin/../lib/gcc/arm-none-eabi/13.3.1/../../../../arm-none-eabi/lib/thumb/v7e-m+fp/hard\libnosys.a
END GROUP
START GROUP
LOAD C:/ST/STM32CubeIDE_1.18.0/STM32CubeIDE/plugins/com.st.stm32cube.ide.mcu.externaltools.gnu-tools-for-stm32.13.3.rel1.win32_1.0.0.202411081344/tools/bin/../lib/gcc/arm-none-eabi/13.3.1/thumb/v7e-m+fp/hard\libgcc.a
LOAD C:/ST/STM32CubeIDE_1.18.0/STM32CubeIDE/plugins/com.st.stm32cube.ide.mcu.externaltools.gnu-tools-for-stm32.13.3.rel1.win32_1.0.0.202411081344/tools/bin/../lib/gcc/arm-none-eabi/13.3.1/../../../../arm-none-eabi/lib/thumb/v7e-m+fp/hard\libc_nano.a
LOAD C:/ST/STM32CubeIDE_1.18.0/STM32CubeIDE/plugins/com.st.stm32cube.ide.mcu.externaltools.gnu-tools-for-stm32.13.3.rel1.win32_1.0.0.202411081344/tools/bin/../lib/gcc/arm-none-eabi/13.3.1/../../../../arm-none-eabi/lib/thumb/v7e-m+fp/hard\libnosys.a
END GROUP
LOAD C:/ST/STM32CubeIDE_1.18.0/STM32CubeIDE/plugins/com.st.stm32cube.ide.mcu.externaltools.gnu-tools-for-stm32.13.3.rel1.win32_1.0.0.202411081344/tools/bin/../lib/gcc/arm-none-eabi/13.3.1/thumb/v7e-m+fp/hard/crtend.o
LOAD C:/ST/STM32CubeIDE_1.18.0/STM32CubeIDE/plugins/com.st.stm32cube.ide.mcu.externaltools.gnu-tools-for-stm32.13.3.rel1.win32_1.0.0.202411081344/tools/bin/../lib/gcc/arm-none-eabi/13.3.1/thumb/v7e-m+fp/hard/crtn.o
                0x20020000                        _estack = (ORIGIN (RAM) + LENGTH (RAM))
                0x00000200                        _Min_Heap_Size = 0x200
                0x00000400                        _Min_Stack_Size = 0x400

.isr_vector     0x08000000      0x188
                0x08000000                        . = ALIGN (0x4)
 *(.isr_vector)
 .isr_vector    0x08000000      0x188 ./Core/Startup/startup_stm32f407vgtx.o
                0x08000000                g_pfnVectors
                0x08000188                        . = ALIGN (0x4)

.text           0x08000190    0x10530
                0x08000190                        . = ALIGN (0x4)
 *(.text)
 .text          0x08000190       0x40 C:/ST/STM32CubeIDE_1.18.0/STM32CubeIDE/plugins/com.st.stm32cube.ide.mcu.externaltools.gnu-tools-for-stm32.13.3.rel1.win32_1.0.0.202411081344/tools/bin/../lib/gcc/arm-none-eabi/13.3.1/thumb/v7e-m+fp/hard/crtbegin.o
 .text          0x080001d0       0x14 C:/ST/STM32CubeIDE_1.18.0/STM32CubeIDE/plugins/com.st.stm32cube.ide.mcu.externaltools.gnu-tools-for-stm32.13.3.rel1.win32_1.0.0.202411081344/tools/bin/../lib/gcc/arm-none-eabi/13.3.1/../../../../arm-none-eabi/lib/thumb/v7e-m+fp/hard\libc_nano.a(libc_a-strcmp.o)
                0x080001d0                strcmp
 *fill*         0x080001e4        0xc 
 .text          0x080001f0       0xa0 C:/ST/STM32CubeIDE_1.18.0/STM32CubeIDE/plugins/com.st.stm32cube.ide.mcu.externaltools.gnu-tools-for-stm32.13.3.rel1.win32_1.0.0.202411081344/tools/bin/../lib/gcc/arm-none-eabi/13.3.1/../../../../arm-none-eabi/lib/thumb/v7e-m+fp/hard\libc_nano.a(libc_a-memchr.o)
                0x080001f0                memchr
 .text          0x08000290       0x10 C:/ST/STM32CubeIDE_1.18.0/STM32CubeIDE/plugins/com.st.stm32cube.ide.mcu.externaltools.gnu-tools-for-stm32.13.3.rel1.win32_1.0.0.202411081344/tools/bin/../lib/gcc/arm-none-eabi/13.3.1/../../../../arm-none-eabi/lib/thumb/v7e-m+fp/hard\libc_nano.a(libc_a-strlen.o)
                0x08000290                strlen
 .text          0x080002a0      0x378 C:/ST/STM32CubeIDE_1.18.0/STM32CubeIDE/plugins/com.st.stm32cube.ide.mcu.externaltools.gnu-tools-for-stm32.13.3.rel1.win32_1.0.0.202411081344/tools/bin/../lib/gcc/arm-none-eabi/13.3.1/thumb/v7e-m+fp/hard\libgcc.a(_arm_addsubdf3.o)
                0x080002a0                __aeabi_drsub
                0x080002a8                __aeabi_dsub
                0x080002a8                __subdf3
                0x080002ac                __aeabi_dadd
                0x080002ac                __adddf3
                0x08000524                __floatunsidf
                0x08000524                __aeabi_ui2d
                0x08000544                __floatsidf
                0x08000544                __aeabi_i2d
                0x08000568                __aeabi_f2d
                0x08000568                __extendsfdf2
                0x080005ac                __floatundidf
                0x080005ac                __aeabi_ul2d
                0x080005bc                __floatdidf
                0x080005bc                __aeabi_l2d
 .text          0x08000618      0x424 C:/ST/STM32CubeIDE_1.18.0/STM32CubeIDE/plugins/com.st.stm32cube.ide.mcu.externaltools.gnu-tools-for-stm32.13.3.rel1.win32_1.0.0.202411081344/tools/bin/../lib/gcc/arm-none-eabi/13.3.1/thumb/v7e-m+fp/hard\libgcc.a(_arm_muldivdf3.o)
                0x08000618                __aeabi_dmul
                0x08000618                __muldf3
                0x0800086c                __divdf3
                0x0800086c                __aeabi_ddiv
 .text          0x08000a3c      0x110 C:/ST/STM32CubeIDE_1.18.0/STM32CubeIDE/plugins/com.st.stm32cube.ide.mcu.externaltools.gnu-tools-for-stm32.13.3.rel1.win32_1.0.0.202411081344/tools/bin/../lib/gcc/arm-none-eabi/13.3.1/thumb/v7e-m+fp/hard\libgcc.a(_arm_cmpdf2.o)
                0x08000a3c                __gtdf2
                0x08000a3c                __gedf2
                0x08000a44                __ltdf2
                0x08000a44                __ledf2
                0x08000a4c                __nedf2
                0x08000a4c                __eqdf2
                0x08000a4c                __cmpdf2
                0x08000ac8                __aeabi_cdrcmple
                0x08000ad8                __aeabi_cdcmpeq
                0x08000ad8                __aeabi_cdcmple
                0x08000ae8                __aeabi_dcmpeq
                0x08000afc                __aeabi_dcmplt
                0x08000b10                __aeabi_dcmple
                0x08000b24                __aeabi_dcmpge
                0x08000b38                __aeabi_dcmpgt
 .text          0x08000b4c       0x2c C:/ST/STM32CubeIDE_1.18.0/STM32CubeIDE/plugins/com.st.stm32cube.ide.mcu.externaltools.gnu-tools-for-stm32.13.3.rel1.win32_1.0.0.202411081344/tools/bin/../lib/gcc/arm-none-eabi/13.3.1/thumb/v7e-m+fp/hard\libgcc.a(_arm_unorddf2.o)
                0x08000b4c                __unorddf2
                0x08000b4c                __aeabi_dcmpun
 .text          0x08000b78       0x50 C:/ST/STM32CubeIDE_1.18.0/STM32CubeIDE/plugins/com.st.stm32cube.ide.mcu.externaltools.gnu-tools-for-stm32.13.3.rel1.win32_1.0.0.202411081344/tools/bin/../lib/gcc/arm-none-eabi/13.3.1/thumb/v7e-m+fp/hard\libgcc.a(_arm_fixdfsi.o)
                0x08000b78                __aeabi_d2iz
                0x08000b78                __fixdfsi
 .text          0x08000bc8      0x21c C:/ST/STM32CubeIDE_1.18.0/STM32CubeIDE/plugins/com.st.stm32cube.ide.mcu.externaltools.gnu-tools-for-stm32.13.3.rel1.win32_1.0.0.202411081344/tools/bin/../lib/gcc/arm-none-eabi/13.3.1/thumb/v7e-m+fp/hard\libgcc.a(_arm_addsubsf3.o)
                0x08000bc8                __aeabi_frsub
                0x08000bd0                __subsf3
                0x08000bd0                __aeabi_fsub
                0x08000bd4                __aeabi_fadd
                0x08000bd4                __addsf3
                0x08000d34                __aeabi_ui2f
                0x08000d34                __floatunsisf
                0x08000d3c                __aeabi_i2f
                0x08000d3c                __floatsisf
                0x08000d58                __aeabi_ul2f
                0x08000d58                __floatundisf
                0x08000d68                __aeabi_l2f
                0x08000d68                __floatdisf
 .text          0x08000de4       0xa0 C:/ST/STM32CubeIDE_1.18.0/STM32CubeIDE/plugins/com.st.stm32cube.ide.mcu.externaltools.gnu-tools-for-stm32.13.3.rel1.win32_1.0.0.202411081344/tools/bin/../lib/gcc/arm-none-eabi/13.3.1/thumb/v7e-m+fp/hard\libgcc.a(_aeabi_ldivmod.o)
                0x08000de4                __aeabi_ldivmod
 .text          0x08000e84       0x30 C:/ST/STM32CubeIDE_1.18.0/STM32CubeIDE/plugins/com.st.stm32cube.ide.mcu.externaltools.gnu-tools-for-stm32.13.3.rel1.win32_1.0.0.202411081344/tools/bin/../lib/gcc/arm-none-eabi/13.3.1/thumb/v7e-m+fp/hard\libgcc.a(_aeabi_uldivmod.o)
                0x08000e84                __aeabi_uldivmod
 .text          0x08000eb4      0x2f8 C:/ST/STM32CubeIDE_1.18.0/STM32CubeIDE/plugins/com.st.stm32cube.ide.mcu.externaltools.gnu-tools-for-stm32.13.3.rel1.win32_1.0.0.202411081344/tools/bin/../lib/gcc/arm-none-eabi/13.3.1/thumb/v7e-m+fp/hard\libgcc.a(_udivmoddi4.o)
                0x08000eb4                __udivmoddi4
 .text          0x080011ac        0x4 C:/ST/STM32CubeIDE_1.18.0/STM32CubeIDE/plugins/com.st.stm32cube.ide.mcu.externaltools.gnu-tools-for-stm32.13.3.rel1.win32_1.0.0.202411081344/tools/bin/../lib/gcc/arm-none-eabi/13.3.1/thumb/v7e-m+fp/hard\libgcc.a(_dvmd_tls.o)
                0x080011ac                __aeabi_idiv0
                0x080011ac                __aeabi_ldiv0
 *(.text*)
 .text.LL_SYSTICK_IsActiveCounterFlag
                0x080011b0       0x28 ./BSP/Delay/delay.o
 .text.delay_us
                0x080011d8       0x48 ./BSP/Delay/delay.o
                0x080011d8                delay_us
 .text.LL_I2C_IsActiveFlag_TXE
                0x08001220       0x26 ./BSP/I2C/i2c.o
 .text.LL_I2C_IsActiveFlag_RXNE
                0x08001246       0x26 ./BSP/I2C/i2c.o
 .text.LL_I2C_IsActiveFlag_SB
                0x0800126c       0x26 ./BSP/I2C/i2c.o
 .text.LL_I2C_IsActiveFlag_ADDR
                0x08001292       0x26 ./BSP/I2C/i2c.o
 .text.LL_I2C_IsActiveFlag_BUSY
                0x080012b8       0x26 ./BSP/I2C/i2c.o
 .text.LL_I2C_ClearFlag_ADDR
                0x080012de       0x24 ./BSP/I2C/i2c.o
 .text.LL_I2C_AcknowledgeNextData
                0x08001302       0x26 ./BSP/I2C/i2c.o
 .text.LL_I2C_GenerateStartCondition
                0x08001328       0x20 ./BSP/I2C/i2c.o
 .text.LL_I2C_GenerateStopCondition
                0x08001348       0x20 ./BSP/I2C/i2c.o
 .text.LL_I2C_ReceiveData8
                0x08001368       0x1a ./BSP/I2C/i2c.o
 .text.LL_I2C_TransmitData8
                0x08001382       0x28 ./BSP/I2C/i2c.o
 .text.I2C_Write
                0x080013aa      0x120 ./BSP/I2C/i2c.o
                0x080013aa                I2C_Write
 .text.I2C_ReadMulti
                0x080014ca      0x204 ./BSP/I2C/i2c.o
                0x080014ca                I2C_ReadMulti
 .text.LL_I2C_Enable
                0x080016ce       0x20 ./BSP/I2C_Slave/i2c_slave.o
 .text.LL_I2C_Disable
                0x080016ee       0x20 ./BSP/I2C_Slave/i2c_slave.o
 .text.LL_I2C_EnableClockStretching
                0x0800170e       0x20 ./BSP/I2C_Slave/i2c_slave.o
 .text.LL_I2C_DisableGeneralCall
                0x0800172e       0x20 ./BSP/I2C_Slave/i2c_slave.o
 .text.LL_I2C_DisableOwnAddress2
                0x0800174e       0x20 ./BSP/I2C_Slave/i2c_slave.o
 .text.LL_I2C_EnableIT_EVT
                0x0800176e       0x20 ./BSP/I2C_Slave/i2c_slave.o
 .text.LL_I2C_EnableIT_BUF
                0x0800178e       0x20 ./BSP/I2C_Slave/i2c_slave.o
 .text.LL_I2C_DisableIT_BUF
                0x080017ae       0x20 ./BSP/I2C_Slave/i2c_slave.o
 .text.LL_I2C_EnableIT_ERR
                0x080017ce       0x20 ./BSP/I2C_Slave/i2c_slave.o
 .text.LL_I2C_IsActiveFlag_TXE
                0x080017ee       0x26 ./BSP/I2C_Slave/i2c_slave.o
 .text.LL_I2C_IsActiveFlag_RXNE
                0x08001814       0x26 ./BSP/I2C_Slave/i2c_slave.o
 .text.LL_I2C_IsActiveFlag_ADDR
                0x0800183a       0x26 ./BSP/I2C_Slave/i2c_slave.o
 .text.LL_I2C_IsActiveFlag_AF
                0x08001860       0x28 ./BSP/I2C_Slave/i2c_slave.o
 .text.LL_I2C_IsActiveFlag_STOP
                0x08001888       0x26 ./BSP/I2C_Slave/i2c_slave.o
 .text.LL_I2C_IsActiveFlag_BERR
                0x080018ae       0x28 ./BSP/I2C_Slave/i2c_slave.o
 .text.LL_I2C_IsActiveFlag_ARLO
                0x080018d6       0x28 ./BSP/I2C_Slave/i2c_slave.o
 .text.LL_I2C_IsActiveFlag_OVR
                0x080018fe       0x28 ./BSP/I2C_Slave/i2c_slave.o
 .text.LL_I2C_ClearFlag_ADDR
                0x08001926       0x24 ./BSP/I2C_Slave/i2c_slave.o
 .text.LL_I2C_ClearFlag_AF
                0x0800194a       0x20 ./BSP/I2C_Slave/i2c_slave.o
 .text.LL_I2C_ClearFlag_STOP
                0x0800196a       0x28 ./BSP/I2C_Slave/i2c_slave.o
 .text.LL_I2C_ClearFlag_BERR
                0x08001992       0x20 ./BSP/I2C_Slave/i2c_slave.o
 .text.LL_I2C_ClearFlag_ARLO
                0x080019b2       0x20 ./BSP/I2C_Slave/i2c_slave.o
 .text.LL_I2C_ClearFlag_OVR
                0x080019d2       0x20 ./BSP/I2C_Slave/i2c_slave.o
 .text.LL_I2C_GetTransferDirection
                0x080019f2       0x1c ./BSP/I2C_Slave/i2c_slave.o
 .text.LL_I2C_ReceiveData8
                0x08001a0e       0x1a ./BSP/I2C_Slave/i2c_slave.o
 .text.LL_I2C_TransmitData8
                0x08001a28       0x28 ./BSP/I2C_Slave/i2c_slave.o
 .text.I2C_ReInit
                0x08001a50       0xa0 ./BSP/I2C_Slave/i2c_slave.o
                0x08001a50                I2C_ReInit
 .text.i2c_slave_clear
                0x08001af0       0x34 ./BSP/I2C_Slave/i2c_slave.o
                0x08001af0                i2c_slave_clear
 .text.i2c_slave_init
                0x08001b24       0x3c ./BSP/I2C_Slave/i2c_slave.o
                0x08001b24                i2c_slave_init
 .text.I2C_event_IRQ
                0x08001b60      0x210 ./BSP/I2C_Slave/i2c_slave.o
                0x08001b60                I2C_event_IRQ
 .text.I2C_error_IRQ
                0x08001d70       0x9c ./BSP/I2C_Slave/i2c_slave.o
                0x08001d70                I2C_error_IRQ
 .text.__NVIC_SetPriority
                0x08001e0c       0x54 ./BSP/SysTick/systick.o
 .text.SysTick_Config
                0x08001e60       0x44 ./BSP/SysTick/systick.o
 .text.systick_timer_start
                0x08001ea4       0x20 ./BSP/SysTick/systick.o
                0x08001ea4                systick_timer_start
 .text.systick_timer_init
                0x08001ec4       0x24 ./BSP/SysTick/systick.o
                0x08001ec4                systick_timer_init
 .text.LL_USART_IsActiveFlag_FE
                0x08001ee8       0x26 ./BSP/UART/uart.o
 .text.LL_USART_IsActiveFlag_NE
                0x08001f0e       0x26 ./BSP/UART/uart.o
 .text.LL_USART_IsActiveFlag_ORE
                0x08001f34       0x26 ./BSP/UART/uart.o
 .text.LL_USART_IsActiveFlag_RXNE
                0x08001f5a       0x26 ./BSP/UART/uart.o
 .text.LL_USART_IsActiveFlag_TXE
                0x08001f80       0x26 ./BSP/UART/uart.o
 .text.LL_USART_ClearFlag_FE
                0x08001fa6       0x24 ./BSP/UART/uart.o
 .text.LL_USART_ClearFlag_NE
                0x08001fca       0x24 ./BSP/UART/uart.o
 .text.LL_USART_ClearFlag_ORE
                0x08001fee       0x24 ./BSP/UART/uart.o
 .text.LL_USART_EnableIT_RXNE
                0x08002012       0x46 ./BSP/UART/uart.o
 .text.LL_USART_EnableIT_TXE
                0x08002058       0x46 ./BSP/UART/uart.o
 .text.LL_USART_DisableIT_RXNE
                0x0800209e       0x46 ./BSP/UART/uart.o
 .text.LL_USART_DisableIT_TXE
                0x080020e4       0x46 ./BSP/UART/uart.o
 .text.LL_USART_IsEnabledIT_RXNE
                0x0800212a       0x26 ./BSP/UART/uart.o
 .text.LL_USART_IsEnabledIT_TXE
                0x08002150       0x26 ./BSP/UART/uart.o
 .text.LL_USART_ReceiveData8
                0x08002176       0x1a ./BSP/UART/uart.o
 .text.LL_USART_TransmitData8
                0x08002190       0x1e ./BSP/UART/uart.o
 *fill*         0x080021ae        0x2 
 .text.get_usart_buffer
                0x080021b0       0x54 ./BSP/UART/uart.o
                0x080021b0                get_usart_buffer
 .text.store_char
                0x08002204       0x56 ./BSP/UART/uart.o
                0x08002204                store_char
 .text.UART_ReadRing
                0x0800225a       0x70 ./BSP/UART/uart.o
                0x0800225a                UART_ReadRing
 .text.UART_WriteRing
                0x080022ca       0x78 ./BSP/UART/uart.o
                0x080022ca                UART_WriteRing
 .text.IsDataAvailable
                0x08002342       0x52 ./BSP/UART/uart.o
                0x08002342                IsDataAvailable
 .text.UART_SendStringRing
                0x08002394       0x2e ./BSP/UART/uart.o
                0x08002394                UART_SendStringRing
 .text.UART_Ring_ISR
                0x080023c2       0xf0 ./BSP/UART/uart.o
                0x080023c2                UART_Ring_ISR
 *fill*         0x080024b2        0x2 
 .text.__NVIC_SystemReset
                0x080024b4       0x2c ./Core/CLI_Terminal/CLI_Command/cli_command.o
 .text.LL_GPIO_SetOutputPin
                0x080024e0       0x1c ./Core/CLI_Terminal/CLI_Command/cli_command.o
 .text.LL_GPIO_ResetOutputPin
                0x080024fc       0x1e ./Core/CLI_Terminal/CLI_Command/cli_command.o
 *fill*         0x0800251a        0x2 
 .text.CLI_Command_Init
                0x0800251c       0x20 ./Core/CLI_Terminal/CLI_Command/cli_command.o
                0x0800251c                CLI_Command_Init
 .text.CLI_Command_CreateTask
                0x0800253c       0x18 ./Core/CLI_Terminal/CLI_Command/cli_command.o
                0x0800253c                CLI_Command_CreateTask
 .text.CLI_Command_Task_Update
                0x08002554       0x44 ./Core/CLI_Terminal/CLI_Command/cli_command.o
 .text.CMD_Clear_CLI
                0x08002598       0x34 ./Core/CLI_Terminal/CLI_Command/cli_command.o
 .text.CMD_Reset
                0x080025cc       0x10 ./Core/CLI_Terminal/CLI_Command/cli_command.o
 .text.CMD_NTC_Get_Temp
                0x080025dc      0x1c8 ./Core/CLI_Terminal/CLI_Command/cli_command.o
 .text.CMD_PWR_5V_Set
                0x080027a4       0x74 ./Core/CLI_Terminal/CLI_Command/cli_command.o
 .text.CMD_PWR_5V_Get
                0x08002818       0x48 ./Core/CLI_Terminal/CLI_Command/cli_command.o
 .text.CMD_TEC_Init
                0x08002860      0x158 ./Core/CLI_Terminal/CLI_Command/cli_command.o
 .text.CMD_TEC_Set_Volt
                0x080029b8      0x130 ./Core/CLI_Terminal/CLI_Command/cli_command.o
 .text.CMD_TEC_Get_Volt
                0x08002ae8      0x138 ./Core/CLI_Terminal/CLI_Command/cli_command.o
 .text.CMD_TEC_Set_Dir
                0x08002c20      0x124 ./Core/CLI_Terminal/CLI_Command/cli_command.o
 .text.CMD_TEC_Get_Dir
                0x08002d44      0x14c ./Core/CLI_Terminal/CLI_Command/cli_command.o
 .text.CMD_HTR_Set_Duty
                0x08002e90      0x100 ./Core/CLI_Terminal/CLI_Command/cli_command.o
 .text.CMD_HTR_Get_Duty
                0x08002f90       0xe8 ./Core/CLI_Terminal/CLI_Command/cli_command.o
 .text.CMD_Ref_Set_Temp
                0x08003078       0x7c ./Core/CLI_Terminal/CLI_Command/cli_command.o
 .text.CMD_Ref_Get_Temp
                0x080030f4       0x6c ./Core/CLI_Terminal/CLI_Command/cli_command.o
 .text.CMD_Ref_Set_NTC
                0x08003160       0x5c ./Core/CLI_Terminal/CLI_Command/cli_command.o
 .text.CMD_Ref_Get_NTC
                0x080031bc       0x50 ./Core/CLI_Terminal/CLI_Command/cli_command.o
 .text.CMD_TEC_Set_Auto
                0x0800320c      0x124 ./Core/CLI_Terminal/CLI_Command/cli_command.o
 .text.CMD_TEC_Get_Auto
                0x08003330      0x118 ./Core/CLI_Terminal/CLI_Command/cli_command.o
 .text.CMD_HTR_Set_Auto
                0x08003448       0xe0 ./Core/CLI_Terminal/CLI_Command/cli_command.o
 .text.CMD_HTR_Get_Auto
                0x08003528      0x118 ./Core/CLI_Terminal/CLI_Command/cli_command.o
 .text.CMD_Temp_Set_Auto
                0x08003640       0x68 ./Core/CLI_Terminal/CLI_Command/cli_command.o
 .text.CMD_Temp_Get_Auto
                0x080036a8       0x50 ./Core/CLI_Terminal/CLI_Command/cli_command.o
 .text.CMD_Sens_List
                0x080036f8      0x20c ./Core/CLI_Terminal/CLI_Command/cli_command.o
 .text.CMD_LSMSens_Get
                0x08003904      0x108 ./Core/CLI_Terminal/CLI_Command/cli_command.o
 .text.CMD_H3LSens_Get
                0x08003a0c       0x80 ./Core/CLI_Terminal/CLI_Command/cli_command.o
 .text.CMD_BMESens_Get
                0x08003a8c      0x120 ./Core/CLI_Terminal/CLI_Command/cli_command.o
 .text.CMD_H250Sens_Get
                0x08003bac       0x70 ./Core/CLI_Terminal/CLI_Command/cli_command.o
 .text.CMD_K33Sens_Get
                0x08003c1c      0x1a0 ./Core/CLI_Terminal/CLI_Command/cli_command.o
 .text.CMD_Ref_Set_NFC
                0x08003dbc       0x7c ./Core/CLI_Terminal/CLI_Command/cli_command.o
 .text.CMD_Ref_Get_NFC
                0x08003e38       0x78 ./Core/CLI_Terminal/CLI_Command/cli_command.o
 .text.CMD_SFC_Flow_Get
                0x08003eb0       0x78 ./Core/CLI_Terminal/CLI_Command/cli_command.o
 .text.CMD_SFC_Dev_Inf
                0x08003f28       0x3c ./Core/CLI_Terminal/CLI_Command/cli_command.o
 .text.getCliStaticBindings
                0x08003f64       0x14 ./Core/CLI_Terminal/CLI_Command/cli_command.o
                0x08003f64                getCliStaticBindings
 .text.getCliStaticBindingCount
                0x08003f78       0x10 ./Core/CLI_Terminal/CLI_Command/cli_command.o
                0x08003f78                getCliStaticBindingCount
 .text.writeCharTocli_EXPConsole
                0x08003f88       0x28 ./Core/CLI_Terminal/CLI_Setup/cli_setup.o
 .text.SystemCLI_Init
                0x08003fb0       0x98 ./Core/CLI_Terminal/CLI_Setup/cli_setup.o
                0x08003fb0                SystemCLI_Init
 .text.get_EXPConsole_CliPointer
                0x08004048       0x18 ./Core/CLI_Terminal/CLI_Setup/cli_setup.o
                0x08004048                get_EXPConsole_CliPointer
 .text.embeddedCliDefaultConfig
                0x08004060       0x54 ./Core/CLI_Terminal/CLI_Src/embedded_cli.o
                0x08004060                embeddedCliDefaultConfig
 .text.embeddedCliRequiredSize
                0x080040b4       0x62 ./Core/CLI_Terminal/CLI_Src/embedded_cli.o
                0x080040b4                embeddedCliRequiredSize
 .text.embeddedCliNew
                0x08004116      0x11e ./Core/CLI_Terminal/CLI_Src/embedded_cli.o
                0x08004116                embeddedCliNew
 .text.embeddedCliReceiveChar
                0x08004234       0x46 ./Core/CLI_Terminal/CLI_Src/embedded_cli.o
                0x08004234                embeddedCliReceiveChar
 .text.embeddedCliProcess
                0x0800427a      0x120 ./Core/CLI_Terminal/CLI_Src/embedded_cli.o
                0x0800427a                embeddedCliProcess
 *fill*         0x0800439a        0x2 
 .text.embeddedCliPrint
                0x0800439c       0x9c ./Core/CLI_Terminal/CLI_Src/embedded_cli.o
                0x0800439c                embeddedCliPrint
 .text.embeddedCliTokenizeArgs
                0x08004438       0xe8 ./Core/CLI_Terminal/CLI_Src/embedded_cli.o
                0x08004438                embeddedCliTokenizeArgs
 .text.embeddedCliGetToken
                0x08004520       0x36 ./Core/CLI_Terminal/CLI_Src/embedded_cli.o
                0x08004520                embeddedCliGetToken
 .text.embeddedCliGetTokenVariable
                0x08004556       0x36 ./Core/CLI_Terminal/CLI_Src/embedded_cli.o
                0x08004556                embeddedCliGetTokenVariable
 .text.embeddedCliGetTokenCount
                0x0800458c       0x5a ./Core/CLI_Terminal/CLI_Src/embedded_cli.o
                0x0800458c                embeddedCliGetTokenCount
 *fill*         0x080045e6        0x2 
 .text.navigateHistory
                0x080045e8       0xe8 ./Core/CLI_Terminal/CLI_Src/embedded_cli.o
 .text.onEscapedInput
                0x080046d0       0xbc ./Core/CLI_Terminal/CLI_Src/embedded_cli.o
 .text.onCharInput
                0x0800478c       0xa4 ./Core/CLI_Terminal/CLI_Src/embedded_cli.o
 .text.onControlInput
                0x08004830      0x128 ./Core/CLI_Terminal/CLI_Src/embedded_cli.o
 .text.parseCommand
                0x08004958      0x254 ./Core/CLI_Terminal/CLI_Src/embedded_cli.o
 .text.printBindingHelp
                0x08004bac       0x40 ./Core/CLI_Terminal/CLI_Src/embedded_cli.o
 .text.getAutocompletedCommand
                0x08004bec      0x17a ./Core/CLI_Terminal/CLI_Src/embedded_cli.o
 *fill*         0x08004d66        0x2 
 .text.printLiveAutocompletion
                0x08004d68       0xc4 ./Core/CLI_Terminal/CLI_Src/embedded_cli.o
 .text.onAutocompleteRequest
                0x08004e2c      0x124 ./Core/CLI_Terminal/CLI_Src/embedded_cli.o
 .text.clearCurrentLine
                0x08004f50       0x6a ./Core/CLI_Terminal/CLI_Src/embedded_cli.o
 .text.writeToOutput
                0x08004fba       0x42 ./Core/CLI_Terminal/CLI_Src/embedded_cli.o
 .text.moveCursor
                0x08004ffc       0x6c ./Core/CLI_Terminal/CLI_Src/embedded_cli.o
 .text.isControlChar
                0x08005068       0x40 ./Core/CLI_Terminal/CLI_Src/embedded_cli.o
 .text.isDisplayableChar
                0x080050a8       0x2e ./Core/CLI_Terminal/CLI_Src/embedded_cli.o
 .text.fifoBufAvailable
                0x080050d6       0x42 ./Core/CLI_Terminal/CLI_Src/embedded_cli.o
 .text.fifoBufPop
                0x08005118       0x50 ./Core/CLI_Terminal/CLI_Src/embedded_cli.o
 .text.fifoBufPush
                0x08005168       0x54 ./Core/CLI_Terminal/CLI_Src/embedded_cli.o
 .text.historyPut
                0x080051bc       0xc8 ./Core/CLI_Terminal/CLI_Src/embedded_cli.o
 .text.historyGet
                0x08005284       0x38 ./Core/CLI_Terminal/CLI_Src/embedded_cli.o
 .text.historyRemove
                0x080052bc       0xba ./Core/CLI_Terminal/CLI_Src/embedded_cli.o
 .text.getTokenPosition
                0x08005376       0x7c ./Core/CLI_Terminal/CLI_Src/embedded_cli.o
 .text.findCategoryIndex
                0x080053f2       0x48 ./Core/CLI_Terminal/CLI_Src/embedded_cli.o
 *fill*         0x0800543a        0x2 
 .text.printAlignedColumn
                0x0800543c       0x4c ./Core/CLI_Terminal/CLI_Src/embedded_cli.o
 .text.CMD_Help
                0x08005488      0x3cc ./Core/CLI_Terminal/CLI_Src/embedded_cli.o
                0x08005488                CMD_Help
 .text.onUnknownCommand
                0x08005854       0x44 ./Core/CLI_Terminal/CLI_Src/embedded_cli.o
 .text.SoftTime_Task_Update
                0x08005898      0x184 ./Core/DateTime/date_time.o
                0x08005898                SoftTime_Task_Update
 .text.SoftTime_CreateTask
                0x08005a1c       0x5c ./Core/DateTime/date_time.o
                0x08005a1c                SoftTime_CreateTask
 .text.LL_GPIO_SetOutputPin
                0x08005a78       0x1c ./Core/Devices/MB85RS2MT/mb85rs2mt.o
 .text.MB85RS2MT_Deselect
                0x08005a94       0x20 ./Core/Devices/MB85RS2MT/mb85rs2mt.o
 .text.MB85RS2MT_Init
                0x08005ab4       0x16 ./Core/Devices/MB85RS2MT/mb85rs2mt.o
                0x08005ab4                MB85RS2MT_Init
 .text.LL_USART_IsActiveFlag_RXNE
                0x08005aca       0x26 ./Core/Devices/SFC5500/sfc5500.o
 .text.LL_USART_IsActiveFlag_TC
                0x08005af0       0x26 ./Core/Devices/SFC5500/sfc5500.o
 .text.LL_USART_IsActiveFlag_TXE
                0x08005b16       0x26 ./Core/Devices/SFC5500/sfc5500.o
 .text.LL_USART_EnableIT_RXNE
                0x08005b3c       0x46 ./Core/Devices/SFC5500/sfc5500.o
 .text.LL_USART_ReceiveData8
                0x08005b82       0x1a ./Core/Devices/SFC5500/sfc5500.o
 .text.LL_USART_TransmitData8
                0x08005b9c       0x1e ./Core/Devices/SFC5500/sfc5500.o
 .text.LL_GPIO_SetPinMode
                0x08005bba       0x7a ./Core/Devices/SFC5500/sfc5500.o
 .text.LL_GPIO_SetOutputPin
                0x08005c34       0x1c ./Core/Devices/SFC5500/sfc5500.o
 .text.LL_GPIO_ResetOutputPin
                0x08005c50       0x1e ./Core/Devices/SFC5500/sfc5500.o
 *fill*         0x08005c6e        0x2 
 .text.LL_AHB1_GRP1_EnableClock
                0x08005c70       0x30 ./Core/Devices/SFC5500/sfc5500.o
 .text.shdlc_crc
                0x08005ca0       0x48 ./Core/Devices/SFC5500/sfc5500.o
 .text.shdlc_send_command
                0x08005ce8      0x118 ./Core/Devices/SFC5500/sfc5500.o
 .text.shdlc_process_response
                0x08005e00       0xec ./Core/Devices/SFC5500/sfc5500.o
 .text.SFC5500_Init
                0x08005eec       0x62 ./Core/Devices/SFC5500/sfc5500.o
                0x08005eec                SFC5500_Init
 *fill*         0x08005f4e        0x2 
 .text.SFC5500_GetDeviceInfo
                0x08005f50      0x134 ./Core/Devices/SFC5500/sfc5500.o
                0x08005f50                SFC5500_GetDeviceInfo
 .text.SFC5500_SetSetpoint
                0x08006084       0xe8 ./Core/Devices/SFC5500/sfc5500.o
                0x08006084                SFC5500_SetSetpoint
 .text.SFC5500_GetSetpoint
                0x0800616c       0xdc ./Core/Devices/SFC5500/sfc5500.o
                0x0800616c                SFC5500_GetSetpoint
 .text.SFC5500_ReadMeasuredFlow
                0x08006248       0xdc ./Core/Devices/SFC5500/sfc5500.o
                0x08006248                SFC5500_ReadMeasuredFlow
 .text.SFC5500_UART_IRQHandler
                0x08006324       0x60 ./Core/Devices/SFC5500/sfc5500.o
                0x08006324                SFC5500_UART_IRQHandler
 .text.LL_GPIO_SetOutputPin
                0x08006384       0x1c ./Core/LED/Status_LED/status_led.o
 .text.LL_GPIO_ResetOutputPin
                0x080063a0       0x1e ./Core/LED/Status_LED/status_led.o
 *fill*         0x080063be        0x2 
 .text.LED_Status_Init
                0x080063c0       0x34 ./Core/LED/Status_LED/status_led.o
                0x080063c0                LED_Status_Init
 .text.status_led_update
                0x080063f4       0x3c ./Core/LED/Status_LED/status_led.o
                0x080063f4                status_led_update
 .text.status_led_powerup
                0x08006430       0x90 ./Core/LED/Status_LED/status_led.o
 .text.status_led_normal
                0x080064c0       0x44 ./Core/LED/Status_LED/status_led.o
 .text.status_led_error
                0x08006504       0x8c ./Core/LED/Status_LED/status_led.o
 .text.status_led_led_green_on
                0x08006590       0x18 ./Core/LED/Status_LED/status_led.o
 .text.status_led_led_green_off
                0x080065a8       0x18 ./Core/LED/Status_LED/status_led.o
 .text.status_led_led_blue_on
                0x080065c0       0x18 ./Core/LED/Status_LED/status_led.o
 .text.status_led_led_blue_off
                0x080065d8       0x18 ./Core/LED/Status_LED/status_led.o
 .text.LED_Status_CreateTask
                0x080065f0       0x18 ./Core/LED/Status_LED/status_led.o
                0x080065f0                LED_Status_CreateTask
 .text.BME280_Write
                0x08006608       0x34 ./Core/Sensor_I2C/BME280/bme280.o
                0x08006608                BME280_Write
 .text.BME280_Read
                0x0800663c       0x3c ./Core/Sensor_I2C/BME280/bme280.o
                0x0800663c                BME280_Read
 .text.BME280_Init
                0x08006678       0x50 ./Core/Sensor_I2C/BME280/bme280.o
                0x08006678                BME280_Init
 .text.BME280_Read_ID
                0x080066c8       0x24 ./Core/Sensor_I2C/BME280/bme280.o
                0x080066c8                BME280_Read_ID
 .text.BME280_Read_CalibrationData
                0x080066ec      0x17c ./Core/Sensor_I2C/BME280/bme280.o
                0x080066ec                BME280_Read_CalibrationData
 .text.BME280_Read_RawData
                0x08006868       0x62 ./Core/Sensor_I2C/BME280/bme280.o
                0x08006868                BME280_Read_RawData
 *fill*         0x080068ca        0x2 
 .text.BME280_Compensate_Temperature
                0x080068cc       0x98 ./Core/Sensor_I2C/BME280/bme280.o
                0x080068cc                BME280_Compensate_Temperature
 .text.BME280_Compensate_Pressure
                0x08006964      0x58c ./Core/Sensor_I2C/BME280/bme280.o
                0x08006964                BME280_Compensate_Pressure
 .text.BME280_Compensate_Humidity
                0x08006ef0       0xe0 ./Core/Sensor_I2C/BME280/bme280.o
                0x08006ef0                BME280_Compensate_Humidity
 .text.BME280_Convert_Raw_To_Physical
                0x08006fd0       0x52 ./Core/Sensor_I2C/BME280/bme280.o
                0x08006fd0                BME280_Convert_Raw_To_Physical
 *fill*         0x08007022        0x2 
 .text.BME280_Read_Data
                0x08007024       0x38 ./Core/Sensor_I2C/BME280/bme280.o
                0x08007024                BME280_Read_Data
 .text.H250_I2C_Read
                0x0800705c       0x3c ./Core/Sensor_I2C/H250/h250.o
                0x0800705c                H250_I2C_Read
 .text.H250_I2C_Init
                0x08007098       0x28 ./Core/Sensor_I2C/H250/h250.o
                0x08007098                H250_I2C_Init
 .text.H250_I2C_Read_Data
                0x080070c0       0x3c ./Core/Sensor_I2C/H250/h250.o
                0x080070c0                H250_I2C_Read_Data
 .text.H3LIS331DL_Write
                0x080070fc       0x34 ./Core/Sensor_I2C/H3LIS331DL/h3lis331dl.o
                0x080070fc                H3LIS331DL_Write
 .text.H3LIS331DL_Read
                0x08007130       0x3c ./Core/Sensor_I2C/H3LIS331DL/h3lis331dl.o
                0x08007130                H3LIS331DL_Read
 .text.H3LIS331DL_Init
                0x0800716c       0x40 ./Core/Sensor_I2C/H3LIS331DL/h3lis331dl.o
                0x0800716c                H3LIS331DL_Init
 .text.H3LIS331DL_Read_ID
                0x080071ac       0x24 ./Core/Sensor_I2C/H3LIS331DL/h3lis331dl.o
                0x080071ac                H3LIS331DL_Read_ID
 .text.H3LIS331DL_Read_RawData
                0x080071d0       0x64 ./Core/Sensor_I2C/H3LIS331DL/h3lis331dl.o
                0x080071d0                H3LIS331DL_Read_RawData
 .text.H3LIS331DL_Get_Accel
                0x08007234       0x84 ./Core/Sensor_I2C/H3LIS331DL/h3lis331dl.o
                0x08007234                H3LIS331DL_Get_Accel
 .text.LL_I2C_IsActiveFlag_TXE
                0x080072b8       0x26 ./Core/Sensor_I2C/K33/k33.o
 .text.LL_I2C_IsActiveFlag_RXNE
                0x080072de       0x26 ./Core/Sensor_I2C/K33/k33.o
 .text.LL_I2C_IsActiveFlag_SB
                0x08007304       0x26 ./Core/Sensor_I2C/K33/k33.o
 .text.LL_I2C_IsActiveFlag_ADDR
                0x0800732a       0x26 ./Core/Sensor_I2C/K33/k33.o
 .text.LL_I2C_IsActiveFlag_BUSY
                0x08007350       0x26 ./Core/Sensor_I2C/K33/k33.o
 .text.LL_I2C_ClearFlag_ADDR
                0x08007376       0x24 ./Core/Sensor_I2C/K33/k33.o
 .text.LL_I2C_AcknowledgeNextData
                0x0800739a       0x26 ./Core/Sensor_I2C/K33/k33.o
 .text.LL_I2C_GenerateStartCondition
                0x080073c0       0x20 ./Core/Sensor_I2C/K33/k33.o
 .text.LL_I2C_GenerateStopCondition
                0x080073e0       0x20 ./Core/Sensor_I2C/K33/k33.o
 .text.LL_I2C_ReceiveData8
                0x08007400       0x1a ./Core/Sensor_I2C/K33/k33.o
 .text.LL_I2C_TransmitData8
                0x0800741a       0x28 ./Core/Sensor_I2C/K33/k33.o
 .text.CheckSum
                0x08007442       0x3c ./Core/Sensor_I2C/K33/k33.o
                0x08007442                CheckSum
 *fill*         0x0800747e        0x2 
 .text.K33_I2C_Read_RAM
                0x08007480      0x300 ./Core/Sensor_I2C/K33/k33.o
                0x08007480                K33_I2C_Read_RAM
 .text.K33_Read_Data
                0x08007780      0x174 ./Core/Sensor_I2C/K33/k33.o
                0x08007780                K33_Read_Data
 .text.LSM6DSOX_Write
                0x080078f4       0x34 ./Core/Sensor_I2C/LSM6DSOX/lsm6dsox.o
                0x080078f4                LSM6DSOX_Write
 .text.LSM6DSOX_Read
                0x08007928       0x3c ./Core/Sensor_I2C/LSM6DSOX/lsm6dsox.o
                0x08007928                LSM6DSOX_Read
 .text.LSM6DSOX_Init
                0x08007964       0x40 ./Core/Sensor_I2C/LSM6DSOX/lsm6dsox.o
                0x08007964                LSM6DSOX_Init
 .text.LSM6DSOX_Read_ID
                0x080079a4       0x24 ./Core/Sensor_I2C/LSM6DSOX/lsm6dsox.o
                0x080079a4                LSM6DSOX_Read_ID
 .text.LSM6DSOX_Read_Data
                0x080079c8      0x17c ./Core/Sensor_I2C/LSM6DSOX/lsm6dsox.o
                0x080079c8                LSM6DSOX_Read_Data
 .text.LL_GPIO_SetOutputPin
                0x08007b44       0x1c ./Core/Sensor_I2C/sensor_i2c.o
 .text.Sensor_I2C_Init
                0x08007b60       0x9c ./Core/Sensor_I2C/sensor_i2c.o
                0x08007b60                Sensor_I2C_Init
 .text.__NVIC_GetPriorityGrouping
                0x08007bfc       0x1c ./Core/Src/main.o
 .text.__NVIC_EnableIRQ
                0x08007c18       0x3c ./Core/Src/main.o
 .text.__NVIC_SetPriority
                0x08007c54       0x54 ./Core/Src/main.o
 .text.NVIC_EncodePriority
                0x08007ca8       0x66 ./Core/Src/main.o
 .text.LL_ADC_REG_SetSequencerRanks
                0x08007d0e       0x7a ./Core/Src/main.o
 .text.LL_ADC_REG_SetFlagEndOfConversion
                0x08007d88       0x26 ./Core/Src/main.o
 .text.LL_ADC_SetChannelSamplingTime
                0x08007dae       0xc2 ./Core/Src/main.o
 .text.LL_DMA_SetDataTransferDirection
                0x08007e70       0x48 ./Core/Src/main.o
 .text.LL_DMA_SetMode
                0x08007eb8       0x48 ./Core/Src/main.o
 .text.LL_DMA_SetPeriphIncMode
                0x08007f00       0x48 ./Core/Src/main.o
 .text.LL_DMA_SetMemoryIncMode
                0x08007f48       0x48 ./Core/Src/main.o
 .text.LL_DMA_SetPeriphSize
                0x08007f90       0x48 ./Core/Src/main.o
 .text.LL_DMA_SetMemorySize
                0x08007fd8       0x48 ./Core/Src/main.o
 .text.LL_DMA_SetStreamPriorityLevel
                0x08008020       0x48 ./Core/Src/main.o
 .text.LL_DMA_SetChannelSelection
                0x08008068       0x48 ./Core/Src/main.o
 .text.LL_DMA_DisableFifoMode
                0x080080b0       0x40 ./Core/Src/main.o
 .text.LL_I2C_Enable
                0x080080f0       0x20 ./Core/Src/main.o
 .text.LL_I2C_EnableClockStretching
                0x08008110       0x20 ./Core/Src/main.o
 .text.LL_I2C_DisableGeneralCall
                0x08008130       0x20 ./Core/Src/main.o
 .text.LL_I2C_SetOwnAddress2
                0x08008150       0x26 ./Core/Src/main.o
 .text.LL_I2C_DisableOwnAddress2
                0x08008176       0x20 ./Core/Src/main.o
 .text.LL_I2C_EnableIT_EVT
                0x08008196       0x20 ./Core/Src/main.o
 *fill*         0x080081b6        0x2 
 .text.LL_RCC_HSE_Enable
                0x080081b8       0x20 ./Core/Src/main.o
 .text.LL_RCC_HSE_IsReady
                0x080081d8       0x28 ./Core/Src/main.o
 .text.LL_RCC_SetSysClkSource
                0x08008200       0x28 ./Core/Src/main.o
 .text.LL_RCC_GetSysClkSource
                0x08008228       0x1c ./Core/Src/main.o
 .text.LL_RCC_SetAHBPrescaler
                0x08008244       0x28 ./Core/Src/main.o
 .text.LL_RCC_SetAPB1Prescaler
                0x0800826c       0x28 ./Core/Src/main.o
 .text.LL_RCC_SetAPB2Prescaler
                0x08008294       0x28 ./Core/Src/main.o
 .text.LL_RCC_PLL_Enable
                0x080082bc       0x20 ./Core/Src/main.o
 .text.LL_RCC_PLL_IsReady
                0x080082dc       0x28 ./Core/Src/main.o
 .text.LL_RCC_PLL_ConfigDomain_SYS
                0x08008304       0x4c ./Core/Src/main.o
 .text.LL_AHB1_GRP1_EnableClock
                0x08008350       0x30 ./Core/Src/main.o
 .text.LL_APB1_GRP1_EnableClock
                0x08008380       0x30 ./Core/Src/main.o
 .text.LL_APB2_GRP1_EnableClock
                0x080083b0       0x30 ./Core/Src/main.o
 .text.LL_FLASH_SetLatency
                0x080083e0       0x28 ./Core/Src/main.o
 .text.LL_FLASH_GetLatency
                0x08008408       0x1c ./Core/Src/main.o
 .text.LL_PWR_SetRegulVoltageScaling
                0x08008424       0x28 ./Core/Src/main.o
 .text.LL_PWR_IsActiveFlag_VOS
                0x0800844c       0x28 ./Core/Src/main.o
 .text.LL_SPI_Enable
                0x08008474       0x20 ./Core/Src/main.o
 .text.LL_SPI_SetStandard
                0x08008494       0x26 ./Core/Src/main.o
 .text.LL_TIM_DisableARRPreload
                0x080084ba       0x20 ./Core/Src/main.o
 *fill*         0x080084da        0x2 
 .text.LL_TIM_OC_DisableFast
                0x080084dc       0x8c ./Core/Src/main.o
 .text.LL_TIM_OC_EnablePreload
                0x08008568       0x88 ./Core/Src/main.o
 .text.LL_TIM_SetClockSource
                0x080085f0       0x2a ./Core/Src/main.o
 .text.LL_TIM_SetTriggerOutput
                0x0800861a       0x26 ./Core/Src/main.o
 .text.LL_TIM_DisableMasterSlaveMode
                0x08008640       0x20 ./Core/Src/main.o
 .text.LL_USART_Enable
                0x08008660       0x20 ./Core/Src/main.o
 .text.LL_USART_ConfigAsyncMode
                0x08008680       0x2c ./Core/Src/main.o
 .text.LL_GPIO_SetOutputPin
                0x080086ac       0x1c ./Core/Src/main.o
 .text.LL_GPIO_ResetOutputPin
                0x080086c8       0x1e ./Core/Src/main.o
 *fill*         0x080086e6        0x2 
 .text.main     0x080086e8       0x94 ./Core/Src/main.o
                0x080086e8                main
 .text.SystemClock_Config
                0x0800877c       0x9c ./Core/Src/main.o
                0x0800877c                SystemClock_Config
 .text.MX_ADC1_Init
                0x08008818      0x244 ./Core/Src/main.o
 .text.MX_I2C1_Init
                0x08008a5c       0xb0 ./Core/Src/main.o
 .text.MX_I2C2_Init
                0x08008b0c       0xfc ./Core/Src/main.o
 .text.MX_SPI1_Init
                0x08008c08       0xac ./Core/Src/main.o
 .text.MX_SPI2_Init
                0x08008cb4       0xac ./Core/Src/main.o
 .text.MX_SPI3_Init
                0x08008d60       0xac ./Core/Src/main.o
 .text.MX_TIM1_Init
                0x08008e0c      0x130 ./Core/Src/main.o
 .text.MX_TIM3_Init
                0x08008f3c       0x60 ./Core/Src/main.o
 .text.MX_TIM4_Init
                0x08008f9c       0xf4 ./Core/Src/main.o
 .text.MX_USART1_UART_Init
                0x08009090       0xc0 ./Core/Src/main.o
 .text.MX_USART2_UART_Init
                0x08009150       0xc0 ./Core/Src/main.o
 .text.MX_USART6_UART_Init
                0x08009210       0xc0 ./Core/Src/main.o
 .text.MX_DMA_Init
                0x080092d0       0x30 ./Core/Src/main.o
 .text.MX_GPIO_Init
                0x08009300      0x1d4 ./Core/Src/main.o
 .text.Error_Handler
                0x080094d4        0xc ./Core/Src/main.o
                0x080094d4                Error_Handler
 .text.HAL_MspInit
                0x080094e0       0x50 ./Core/Src/stm32f4xx_hal_msp.o
                0x080094e0                HAL_MspInit
 .text.HAL_TIM_OC_MspInit
                0x08009530       0x44 ./Core/Src/stm32f4xx_hal_msp.o
                0x08009530                HAL_TIM_OC_MspInit
 .text.HAL_TIM_MspPostInit
                0x08009574       0x74 ./Core/Src/stm32f4xx_hal_msp.o
                0x08009574                HAL_TIM_MspPostInit
 .text.NMI_Handler
                0x080095e8        0x8 ./Core/Src/stm32f4xx_it.o
                0x080095e8                NMI_Handler
 .text.HardFault_Handler
                0x080095f0        0x8 ./Core/Src/stm32f4xx_it.o
                0x080095f0                HardFault_Handler
 .text.MemManage_Handler
                0x080095f8        0x8 ./Core/Src/stm32f4xx_it.o
                0x080095f8                MemManage_Handler
 .text.BusFault_Handler
                0x08009600        0x8 ./Core/Src/stm32f4xx_it.o
                0x08009600                BusFault_Handler
 .text.UsageFault_Handler
                0x08009608        0x8 ./Core/Src/stm32f4xx_it.o
                0x08009608                UsageFault_Handler
 .text.SVC_Handler
                0x08009610        0xe ./Core/Src/stm32f4xx_it.o
                0x08009610                SVC_Handler
 .text.DebugMon_Handler
                0x0800961e        0xe ./Core/Src/stm32f4xx_it.o
                0x0800961e                DebugMon_Handler
 .text.PendSV_Handler
                0x0800962c        0xe ./Core/Src/stm32f4xx_it.o
                0x0800962c                PendSV_Handler
 *fill*         0x0800963a        0x2 
 .text.SysTick_Handler
                0x0800963c       0x20 ./Core/Src/stm32f4xx_it.o
                0x0800963c                SysTick_Handler
 .text.I2C2_EV_IRQHandler
                0x0800965c        0xc ./Core/Src/stm32f4xx_it.o
                0x0800965c                I2C2_EV_IRQHandler
 .text.I2C2_ER_IRQHandler
                0x08009668        0xc ./Core/Src/stm32f4xx_it.o
                0x08009668                I2C2_ER_IRQHandler
 .text.USART1_IRQHandler
                0x08009674       0x14 ./Core/Src/stm32f4xx_it.o
                0x08009674                USART1_IRQHandler
 .text.USART2_IRQHandler
                0x08009688        0xe ./Core/Src/stm32f4xx_it.o
                0x08009688                USART2_IRQHandler
 .text.DMA2_Stream0_IRQHandler
                0x08009696        0xe ./Core/Src/stm32f4xx_it.o
                0x08009696                DMA2_Stream0_IRQHandler
 .text.USART6_IRQHandler
                0x080096a4       0x14 ./Core/Src/stm32f4xx_it.o
                0x080096a4                USART6_IRQHandler
 .text._getpid  0x080096b8       0x10 ./Core/Src/syscalls.o
                0x080096b8                _getpid
 .text._kill    0x080096c8       0x20 ./Core/Src/syscalls.o
                0x080096c8                _kill
 .text._exit    0x080096e8       0x16 ./Core/Src/syscalls.o
                0x080096e8                _exit
 .text._read    0x080096fe       0x3a ./Core/Src/syscalls.o
                0x080096fe                _read
 .text._write   0x08009738       0x38 ./Core/Src/syscalls.o
                0x08009738                _write
 .text._close   0x08009770       0x18 ./Core/Src/syscalls.o
                0x08009770                _close
 .text._fstat   0x08009788       0x20 ./Core/Src/syscalls.o
                0x08009788                _fstat
 .text._isatty  0x080097a8       0x16 ./Core/Src/syscalls.o
                0x080097a8                _isatty
 .text._lseek   0x080097be       0x1a ./Core/Src/syscalls.o
                0x080097be                _lseek
 .text._sbrk    0x080097d8       0x6c ./Core/Src/sysmem.o
                0x080097d8                _sbrk
 .text.SystemInit
                0x08009844       0x24 ./Core/Src/system_stm32f4xx.o
                0x08009844                SystemInit
 .text.Reset_Handler
                0x08009868       0x50 ./Core/Startup/startup_stm32f407vgtx.o
                0x08009868                Reset_Handler
 .text.Default_Handler
                0x080098b8        0x2 ./Core/Startup/startup_stm32f407vgtx.o
                0x080098b8                RTC_Alarm_IRQHandler
                0x080098b8                HASH_RNG_IRQHandler
                0x080098b8                EXTI2_IRQHandler
                0x080098b8                TIM8_CC_IRQHandler
                0x080098b8                TIM1_CC_IRQHandler
                0x080098b8                DMA2_Stream5_IRQHandler
                0x080098b8                DMA1_Stream5_IRQHandler
                0x080098b8                PVD_IRQHandler
                0x080098b8                SDIO_IRQHandler
                0x080098b8                TAMP_STAMP_IRQHandler
                0x080098b8                CAN2_RX1_IRQHandler
                0x080098b8                EXTI3_IRQHandler
                0x080098b8                TIM8_TRG_COM_TIM14_IRQHandler
                0x080098b8                TIM1_UP_TIM10_IRQHandler
                0x080098b8                TIM8_UP_TIM13_IRQHandler
                0x080098b8                I2C3_ER_IRQHandler
                0x080098b8                EXTI0_IRQHandler
                0x080098b8                DMA1_Stream2_IRQHandler
                0x080098b8                CAN1_RX0_IRQHandler
                0x080098b8                FPU_IRQHandler
                0x080098b8                OTG_HS_WKUP_IRQHandler
                0x080098b8                CAN2_SCE_IRQHandler
                0x080098b8                DMA2_Stream2_IRQHandler
                0x080098b8                SPI1_IRQHandler
                0x080098b8                TIM6_DAC_IRQHandler
                0x080098b8                TIM1_BRK_TIM9_IRQHandler
                0x080098b8                DCMI_IRQHandler
                0x080098b8                CAN2_RX0_IRQHandler
                0x080098b8                DMA2_Stream3_IRQHandler
                0x080098b8                USART3_IRQHandler
                0x080098b8                CAN1_RX1_IRQHandler
                0x080098b8                UART5_IRQHandler
                0x080098b8                TIM4_IRQHandler
                0x080098b8                I2C1_EV_IRQHandler
                0x080098b8                DMA1_Stream6_IRQHandler
                0x080098b8                DMA1_Stream1_IRQHandler
                0x080098b8                UART4_IRQHandler
                0x080098b8                TIM3_IRQHandler
                0x080098b8                RCC_IRQHandler
                0x080098b8                TIM8_BRK_TIM12_IRQHandler
                0x080098b8                Default_Handler
                0x080098b8                EXTI15_10_IRQHandler
                0x080098b8                ADC_IRQHandler
                0x080098b8                DMA1_Stream7_IRQHandler
                0x080098b8                TIM7_IRQHandler
                0x080098b8                CAN2_TX_IRQHandler
                0x080098b8                TIM5_IRQHandler
                0x080098b8                DMA2_Stream7_IRQHandler
                0x080098b8                I2C3_EV_IRQHandler
                0x080098b8                EXTI9_5_IRQHandler
                0x080098b8                RTC_WKUP_IRQHandler
                0x080098b8                ETH_WKUP_IRQHandler
                0x080098b8                SPI2_IRQHandler
                0x080098b8                OTG_HS_EP1_IN_IRQHandler
                0x080098b8                DMA1_Stream0_IRQHandler
                0x080098b8                CAN1_TX_IRQHandler
                0x080098b8                EXTI4_IRQHandler
                0x080098b8                FSMC_IRQHandler
                0x080098b8                ETH_IRQHandler
                0x080098b8                OTG_HS_EP1_OUT_IRQHandler
                0x080098b8                WWDG_IRQHandler
                0x080098b8                TIM2_IRQHandler
                0x080098b8                OTG_FS_WKUP_IRQHandler
                0x080098b8                TIM1_TRG_COM_TIM11_IRQHandler
                0x080098b8                OTG_HS_IRQHandler
                0x080098b8                EXTI1_IRQHandler
                0x080098b8                DMA2_Stream1_IRQHandler
                0x080098b8                CAN1_SCE_IRQHandler
                0x080098b8                FLASH_IRQHandler
                0x080098b8                DMA2_Stream4_IRQHandler
                0x080098b8                OTG_FS_IRQHandler
                0x080098b8                SPI3_IRQHandler
                0x080098b8                DMA1_Stream4_IRQHandler
                0x080098b8                I2C1_ER_IRQHandler
                0x080098b8                DMA2_Stream6_IRQHandler
                0x080098b8                DMA1_Stream3_IRQHandler
 .text.LL_TIM_OC_SetCompareCH1
                0x080098ba       0x1c ./Core/Temperature/Heater/heater.o
 .text.LL_TIM_OC_SetCompareCH2
                0x080098d6       0x1c ./Core/Temperature/Heater/heater.o
 .text.LL_TIM_OC_SetCompareCH3
                0x080098f2       0x1c ./Core/Temperature/Heater/heater.o
 .text.LL_TIM_OC_SetCompareCH4
                0x0800990e       0x1c ./Core/Temperature/Heater/heater.o
 *fill*         0x0800992a        0x2 
 .text.heater_set_duty_pwm_channel
                0x0800992c       0x7c ./Core/Temperature/Heater/heater.o
                0x0800992c                heater_set_duty_pwm_channel
 .text.LL_SPI_IsActiveFlag_RXNE
                0x080099a8       0x26 ./Core/Temperature/LT8722/lt8722.o
 .text.LL_SPI_ReceiveData8
                0x080099ce       0x1c ./Core/Temperature/LT8722/lt8722.o
 .text.LL_SPI_TransmitData8
                0x080099ea       0x24 ./Core/Temperature/LT8722/lt8722.o
 .text.LL_GPIO_SetOutputPin
                0x08009a0e       0x1c ./Core/Temperature/LT8722/lt8722.o
 .text.LL_GPIO_ResetOutputPin
                0x08009a2a       0x1e ./Core/Temperature/LT8722/lt8722.o
 .text.csLOW    0x08009a48       0x20 ./Core/Temperature/LT8722/lt8722.o
 .text.csHIGH   0x08009a68       0x20 ./Core/Temperature/LT8722/lt8722.o
 .text.SPI_LL_Transmit
                0x08009a88       0x3c ./Core/Temperature/LT8722/lt8722.o
 .text.SPI_write_and_read_buffer
                0x08009ac4       0x5a ./Core/Temperature/LT8722/lt8722.o
                0x08009ac4                SPI_write_and_read_buffer
 *fill*         0x08009b1e        0x2 
 .text.lt8722_voltage_to_dac
                0x08009b20       0x4c ./Core/Temperature/LT8722/lt8722.o
                0x08009b20                lt8722_voltage_to_dac
 .text.lt8722_dac_to_voltage
                0x08009b6c       0x88 ./Core/Temperature/LT8722/lt8722.o
                0x08009b6c                lt8722_dac_to_voltage
 .text.lt8722_transaction
                0x08009bf4       0xfe ./Core/Temperature/LT8722/lt8722.o
                0x08009bf4                lt8722_transaction
 *fill*         0x08009cf2        0x2 
 .text.lt8722_reg_read
                0x08009cf4       0x70 ./Core/Temperature/LT8722/lt8722.o
                0x08009cf4                lt8722_reg_read
 .text.lt8722_reg_write
                0x08009d64       0x54 ./Core/Temperature/LT8722/lt8722.o
                0x08009d64                lt8722_reg_write
 .text.lt8722_reg_write_mask
                0x08009db8       0x4e ./Core/Temperature/LT8722/lt8722.o
                0x08009db8                lt8722_reg_write_mask
 .text.lt8722_set_enable_req
                0x08009e06       0x22 ./Core/Temperature/LT8722/lt8722.o
                0x08009e06                lt8722_set_enable_req
 .text.lt8722_set_swen_req
                0x08009e28       0x22 ./Core/Temperature/LT8722/lt8722.o
                0x08009e28                lt8722_set_swen_req
 .text.lt8722_reset
                0x08009e4a       0x20 ./Core/Temperature/LT8722/lt8722.o
                0x08009e4a                lt8722_reset
 .text.lt8722_clear_faults
                0x08009e6a       0x30 ./Core/Temperature/LT8722/lt8722.o
                0x08009e6a                lt8722_clear_faults
 .text.lt8722_set_dac
                0x08009e9a       0x26 ./Core/Temperature/LT8722/lt8722.o
                0x08009e9a                lt8722_set_dac
 .text.lt8722_init
                0x08009ec0      0x190 ./Core/Temperature/LT8722/lt8722.o
                0x08009ec0                lt8722_init
 .text.lt8722_set_output_voltage_channel
                0x0800a050       0xe0 ./Core/Temperature/LT8722/lt8722.o
                0x0800a050                lt8722_set_output_voltage_channel
 .text.Calculate_CRC8
                0x0800a130       0x78 ./Core/Temperature/LT8722/lt8722.o
                0x0800a130                Calculate_CRC8
 .text.put_unaligned_be32
                0x0800a1a8       0x42 ./Core/Temperature/LT8722/lt8722.o
                0x0800a1a8                put_unaligned_be32
 .text.get_unaligned_be32
                0x0800a1ea       0x3a ./Core/Temperature/LT8722/lt8722.o
                0x0800a1ea                get_unaligned_be32
 .text.get_unaligned_be16
                0x0800a224       0x24 ./Core/Temperature/LT8722/lt8722.o
                0x0800a224                get_unaligned_be16
 .text.find_first_set_bit
                0x0800a248       0x3c ./Core/Temperature/LT8722/lt8722.o
                0x0800a248                find_first_set_bit
 .text.field_prep
                0x0800a284       0x24 ./Core/Temperature/LT8722/lt8722.o
                0x0800a284                field_prep
 .text.LL_ADC_Enable
                0x0800a2a8       0x20 ./Core/Temperature/NTC/ntc.o
 .text.LL_ADC_IsEnabled
                0x0800a2c8       0x26 ./Core/Temperature/NTC/ntc.o
 .text.LL_ADC_REG_StartConversionSWStart
                0x0800a2ee       0x20 ./Core/Temperature/NTC/ntc.o
 *fill*         0x0800a30e        0x2 
 .text.LL_DMA_EnableStream
                0x0800a310       0x40 ./Core/Temperature/NTC/ntc.o
 .text.LL_DMA_SetDataTransferDirection
                0x0800a350       0x48 ./Core/Temperature/NTC/ntc.o
 .text.LL_DMA_SetMode
                0x0800a398       0x48 ./Core/Temperature/NTC/ntc.o
 .text.LL_DMA_SetPeriphIncMode
                0x0800a3e0       0x48 ./Core/Temperature/NTC/ntc.o
 .text.LL_DMA_SetMemoryIncMode
                0x0800a428       0x48 ./Core/Temperature/NTC/ntc.o
 .text.LL_DMA_SetPeriphSize
                0x0800a470       0x48 ./Core/Temperature/NTC/ntc.o
 .text.LL_DMA_SetMemorySize
                0x0800a4b8       0x48 ./Core/Temperature/NTC/ntc.o
 .text.LL_DMA_SetDataLength
                0x0800a500       0x48 ./Core/Temperature/NTC/ntc.o
 .text.LL_DMA_SetChannelSelection
                0x0800a548       0x48 ./Core/Temperature/NTC/ntc.o
 .text.LL_DMA_SetMemoryAddress
                0x0800a590       0x30 ./Core/Temperature/NTC/ntc.o
 .text.LL_DMA_SetPeriphAddress
                0x0800a5c0       0x30 ./Core/Temperature/NTC/ntc.o
 .text.NTC_DMA_ADC_Init
                0x0800a5f0       0xa8 ./Core/Temperature/NTC/ntc.o
                0x0800a5f0                NTC_DMA_ADC_Init
 .text.NTC_get_temperature
                0x0800a698       0x80 ./Core/Temperature/NTC/ntc.o
                0x0800a698                NTC_get_temperature
 .text.temperature_update
                0x0800a718       0xb4 ./Core/Temperature/temperature.o
 .text.temperature_auto_TEC
                0x0800a7cc      0x14c ./Core/Temperature/temperature.o
                0x0800a7cc                temperature_auto_TEC
 .text.temperature_auto_HTR
                0x0800a918       0xec ./Core/Temperature/temperature.o
                0x0800a918                temperature_auto_HTR
 .text.Temperature_GetSet_CreateTask
                0x0800aa04       0x18 ./Core/Temperature/temperature.o
                0x0800aa04                Temperature_GetSet_CreateTask
 .text.temperature_set_setpoint
                0x0800aa1c       0x20 ./Core/Temperature/temperature.o
                0x0800aa1c                temperature_set_setpoint
 .text.temperature_get_setpoint
                0x0800aa3c       0x18 ./Core/Temperature/temperature.o
                0x0800aa3c                temperature_get_setpoint
 .text.temperature_set_tec_vol
                0x0800aa54       0xc8 ./Core/Temperature/temperature.o
                0x0800aa54                temperature_set_tec_vol
 .text.temperature_get_tec_vol_set
                0x0800ab1c       0x38 ./Core/Temperature/temperature.o
                0x0800ab1c                temperature_get_tec_vol_set
 .text.temperature_get_tec_vol_adc
                0x0800ab54       0x38 ./Core/Temperature/temperature.o
                0x0800ab54                temperature_get_tec_vol_adc
 .text.temperature_set_heater_duty
                0x0800ab8c       0x50 ./Core/Temperature/temperature.o
                0x0800ab8c                temperature_set_heater_duty
 .text.temperature_get_heater_duty
                0x0800abdc       0x3c ./Core/Temperature/temperature.o
                0x0800abdc                temperature_get_heater_duty
 .text.temperature_set_tec_dir
                0x0800ac18       0x64 ./Core/Temperature/temperature.o
                0x0800ac18                temperature_set_tec_dir
 .text.temperature_get_tec_dir
                0x0800ac7c       0x64 ./Core/Temperature/temperature.o
                0x0800ac7c                temperature_get_tec_dir
 .text.temperature_set_tec_auto
                0x0800ace0       0x84 ./Core/Temperature/temperature.o
                0x0800ace0                temperature_set_tec_auto
 .text.temperature_get_tec_auto
                0x0800ad64       0x64 ./Core/Temperature/temperature.o
                0x0800ad64                temperature_get_tec_auto
 .text.temperature_set_heater_auto
                0x0800adc8       0x88 ./Core/Temperature/temperature.o
                0x0800adc8                temperature_set_heater_auto
 .text.temperature_get_heater_auto
                0x0800ae50       0x60 ./Core/Temperature/temperature.o
                0x0800ae50                temperature_get_heater_auto
 .text.temperature_set_ntc_ref
                0x0800aeb0       0x24 ./Core/Temperature/temperature.o
                0x0800aeb0                temperature_set_ntc_ref
 .text.temperature_get_ntc_ref
                0x0800aed4       0x24 ./Core/Temperature/temperature.o
                0x0800aed4                temperature_get_ntc_ref
 .text.temperature_set_auto_ctrl
                0x0800aef8       0x24 ./Core/Temperature/temperature.o
                0x0800aef8                temperature_set_auto_ctrl
 .text.temperature_get_auto_ctrl
                0x0800af1c       0x24 ./Core/Temperature/temperature.o
                0x0800af1c                temperature_get_auto_ctrl
 .text.LL_GPIO_SetOutputPin
                0x0800af40       0x1c ./Core/WDog/watchdog.o
 .text.LL_GPIO_ResetOutputPin
                0x0800af5c       0x1e ./Core/WDog/watchdog.o
 *fill*         0x0800af7a        0x2 
 .text.Ex_Watchdog_Init
                0x0800af7c       0x18 ./Core/WDog/watchdog.o
                0x0800af7c                Ex_Watchdog_Init
 .text.Ex_Watchdog_CreateTask
                0x0800af94       0x18 ./Core/WDog/watchdog.o
                0x0800af94                Ex_Watchdog_CreateTask
 .text.status_wdt_update
                0x0800afac       0x60 ./Core/WDog/watchdog.o
                0x0800afac                status_wdt_update
 .text.HAL_Init
                0x0800b00c       0x44 ./Drivers/STM32F4xx_HAL_Driver/Src/stm32f4xx_hal.o
                0x0800b00c                HAL_Init
 .text.HAL_InitTick
                0x0800b050       0x60 ./Drivers/STM32F4xx_HAL_Driver/Src/stm32f4xx_hal.o
                0x0800b050                HAL_InitTick
 .text.HAL_IncTick
                0x0800b0b0       0x28 ./Drivers/STM32F4xx_HAL_Driver/Src/stm32f4xx_hal.o
                0x0800b0b0                HAL_IncTick
 .text.__NVIC_SetPriorityGrouping
                0x0800b0d8       0x48 ./Drivers/STM32F4xx_HAL_Driver/Src/stm32f4xx_hal_cortex.o
 .text.__NVIC_GetPriorityGrouping
                0x0800b120       0x1c ./Drivers/STM32F4xx_HAL_Driver/Src/stm32f4xx_hal_cortex.o
 .text.__NVIC_SetPriority
                0x0800b13c       0x54 ./Drivers/STM32F4xx_HAL_Driver/Src/stm32f4xx_hal_cortex.o
 .text.NVIC_EncodePriority
                0x0800b190       0x66 ./Drivers/STM32F4xx_HAL_Driver/Src/stm32f4xx_hal_cortex.o
 *fill*         0x0800b1f6        0x2 
 .text.SysTick_Config
                0x0800b1f8       0x44 ./Drivers/STM32F4xx_HAL_Driver/Src/stm32f4xx_hal_cortex.o
 .text.HAL_NVIC_SetPriorityGrouping
                0x0800b23c       0x16 ./Drivers/STM32F4xx_HAL_Driver/Src/stm32f4xx_hal_cortex.o
                0x0800b23c                HAL_NVIC_SetPriorityGrouping
 .text.HAL_NVIC_SetPriority
                0x0800b252       0x38 ./Drivers/STM32F4xx_HAL_Driver/Src/stm32f4xx_hal_cortex.o
                0x0800b252                HAL_NVIC_SetPriority
 .text.HAL_SYSTICK_Config
                0x0800b28a       0x18 ./Drivers/STM32F4xx_HAL_Driver/Src/stm32f4xx_hal_cortex.o
                0x0800b28a                HAL_SYSTICK_Config
 *fill*         0x0800b2a2        0x2 
 .text.HAL_GPIO_Init
                0x0800b2a4      0x338 ./Drivers/STM32F4xx_HAL_Driver/Src/stm32f4xx_hal_gpio.o
                0x0800b2a4                HAL_GPIO_Init
 .text.HAL_TIM_OC_Init
                0x0800b5dc       0x9e ./Drivers/STM32F4xx_HAL_Driver/Src/stm32f4xx_hal_tim.o
                0x0800b5dc                HAL_TIM_OC_Init
 *fill*         0x0800b67a        0x2 
 .text.HAL_TIM_OC_ConfigChannel
                0x0800b67c       0xb8 ./Drivers/STM32F4xx_HAL_Driver/Src/stm32f4xx_hal_tim.o
                0x0800b67c                HAL_TIM_OC_ConfigChannel
 .text.TIM_Base_SetConfig
                0x0800b734      0x158 ./Drivers/STM32F4xx_HAL_Driver/Src/stm32f4xx_hal_tim.o
                0x0800b734                TIM_Base_SetConfig
 .text.TIM_OC1_SetConfig
                0x0800b88c       0xe0 ./Drivers/STM32F4xx_HAL_Driver/Src/stm32f4xx_hal_tim.o
 .text.TIM_OC2_SetConfig
                0x0800b96c       0xec ./Drivers/STM32F4xx_HAL_Driver/Src/stm32f4xx_hal_tim.o
                0x0800b96c                TIM_OC2_SetConfig
 .text.TIM_OC3_SetConfig
                0x0800ba58       0xe8 ./Drivers/STM32F4xx_HAL_Driver/Src/stm32f4xx_hal_tim.o
 .text.TIM_OC4_SetConfig
                0x0800bb40       0xac ./Drivers/STM32F4xx_HAL_Driver/Src/stm32f4xx_hal_tim.o
 .text.HAL_TIMEx_MasterConfigSynchronization
                0x0800bbec       0xf8 ./Drivers/STM32F4xx_HAL_Driver/Src/stm32f4xx_hal_tim_ex.o
                0x0800bbec                HAL_TIMEx_MasterConfigSynchronization
 .text.LL_ADC_REG_SetSequencerLength
                0x0800bce4       0x26 ./Drivers/STM32F4xx_HAL_Driver/Src/stm32f4xx_ll_adc.o
 .text.LL_ADC_IsEnabled
                0x0800bd0a       0x26 ./Drivers/STM32F4xx_HAL_Driver/Src/stm32f4xx_ll_adc.o
 .text.LL_ADC_CommonInit
                0x0800bd30       0x90 ./Drivers/STM32F4xx_HAL_Driver/Src/stm32f4xx_ll_adc.o
                0x0800bd30                LL_ADC_CommonInit
 .text.LL_ADC_Init
                0x0800bdc0       0x58 ./Drivers/STM32F4xx_HAL_Driver/Src/stm32f4xx_ll_adc.o
                0x0800bdc0                LL_ADC_Init
 .text.LL_ADC_REG_Init
                0x0800be18       0x84 ./Drivers/STM32F4xx_HAL_Driver/Src/stm32f4xx_ll_adc.o
                0x0800be18                LL_ADC_REG_Init
 .text.LL_GPIO_SetPinMode
                0x0800be9c       0x7a ./Drivers/STM32F4xx_HAL_Driver/Src/stm32f4xx_ll_gpio.o
 .text.LL_GPIO_SetPinOutputType
                0x0800bf16       0x30 ./Drivers/STM32F4xx_HAL_Driver/Src/stm32f4xx_ll_gpio.o
 .text.LL_GPIO_SetPinSpeed
                0x0800bf46       0x7a ./Drivers/STM32F4xx_HAL_Driver/Src/stm32f4xx_ll_gpio.o
 .text.LL_GPIO_SetPinPull
                0x0800bfc0       0x7a ./Drivers/STM32F4xx_HAL_Driver/Src/stm32f4xx_ll_gpio.o
 .text.LL_GPIO_SetAFPin_0_7
                0x0800c03a       0x7a ./Drivers/STM32F4xx_HAL_Driver/Src/stm32f4xx_ll_gpio.o
 .text.LL_GPIO_SetAFPin_8_15
                0x0800c0b4       0x7e ./Drivers/STM32F4xx_HAL_Driver/Src/stm32f4xx_ll_gpio.o
 .text.LL_GPIO_Init
                0x0800c132      0x102 ./Drivers/STM32F4xx_HAL_Driver/Src/stm32f4xx_ll_gpio.o
                0x0800c132                LL_GPIO_Init
 .text.LL_I2C_Enable
                0x0800c234       0x20 ./Drivers/STM32F4xx_HAL_Driver/Src/stm32f4xx_ll_i2c.o
 .text.LL_I2C_Disable
                0x0800c254       0x20 ./Drivers/STM32F4xx_HAL_Driver/Src/stm32f4xx_ll_i2c.o
 .text.LL_I2C_SetOwnAddress1
                0x0800c274       0x30 ./Drivers/STM32F4xx_HAL_Driver/Src/stm32f4xx_ll_i2c.o
 .text.LL_I2C_ConfigSpeed
                0x0800c2a4      0x130 ./Drivers/STM32F4xx_HAL_Driver/Src/stm32f4xx_ll_i2c.o
 .text.LL_I2C_SetMode
                0x0800c3d4       0x26 ./Drivers/STM32F4xx_HAL_Driver/Src/stm32f4xx_ll_i2c.o
 .text.LL_I2C_AcknowledgeNextData
                0x0800c3fa       0x26 ./Drivers/STM32F4xx_HAL_Driver/Src/stm32f4xx_ll_i2c.o
 .text.LL_APB1_GRP1_ForceReset
                0x0800c420       0x24 ./Drivers/STM32F4xx_HAL_Driver/Src/stm32f4xx_ll_i2c.o
 .text.LL_APB1_GRP1_ReleaseReset
                0x0800c444       0x28 ./Drivers/STM32F4xx_HAL_Driver/Src/stm32f4xx_ll_i2c.o
 .text.LL_I2C_DeInit
                0x0800c46c       0x74 ./Drivers/STM32F4xx_HAL_Driver/Src/stm32f4xx_ll_i2c.o
                0x0800c46c                LL_I2C_DeInit
 .text.LL_I2C_Init
                0x0800c4e0       0x62 ./Drivers/STM32F4xx_HAL_Driver/Src/stm32f4xx_ll_i2c.o
                0x0800c4e0                LL_I2C_Init
 *fill*         0x0800c542        0x2 
 .text.LL_RCC_GetSysClkSource
                0x0800c544       0x1c ./Drivers/STM32F4xx_HAL_Driver/Src/stm32f4xx_ll_rcc.o
 .text.LL_RCC_GetAHBPrescaler
                0x0800c560       0x1c ./Drivers/STM32F4xx_HAL_Driver/Src/stm32f4xx_ll_rcc.o
 .text.LL_RCC_GetAPB1Prescaler
                0x0800c57c       0x1c ./Drivers/STM32F4xx_HAL_Driver/Src/stm32f4xx_ll_rcc.o
 .text.LL_RCC_GetAPB2Prescaler
                0x0800c598       0x1c ./Drivers/STM32F4xx_HAL_Driver/Src/stm32f4xx_ll_rcc.o
 .text.LL_RCC_PLL_GetMainSource
                0x0800c5b4       0x1c ./Drivers/STM32F4xx_HAL_Driver/Src/stm32f4xx_ll_rcc.o
 .text.LL_RCC_PLL_GetN
                0x0800c5d0       0x1c ./Drivers/STM32F4xx_HAL_Driver/Src/stm32f4xx_ll_rcc.o
 .text.LL_RCC_PLL_GetP
                0x0800c5ec       0x1c ./Drivers/STM32F4xx_HAL_Driver/Src/stm32f4xx_ll_rcc.o
 .text.LL_RCC_PLL_GetDivider
                0x0800c608       0x1c ./Drivers/STM32F4xx_HAL_Driver/Src/stm32f4xx_ll_rcc.o
 .text.LL_RCC_GetSystemClocksFreq
                0x0800c624       0x4a ./Drivers/STM32F4xx_HAL_Driver/Src/stm32f4xx_ll_rcc.o
                0x0800c624                LL_RCC_GetSystemClocksFreq
 *fill*         0x0800c66e        0x2 
 .text.RCC_GetSystemClockFreq
                0x0800c670       0x50 ./Drivers/STM32F4xx_HAL_Driver/Src/stm32f4xx_ll_rcc.o
                0x0800c670                RCC_GetSystemClockFreq
 .text.RCC_GetHCLKClockFreq
                0x0800c6c0       0x2c ./Drivers/STM32F4xx_HAL_Driver/Src/stm32f4xx_ll_rcc.o
                0x0800c6c0                RCC_GetHCLKClockFreq
 .text.RCC_GetPCLK1ClockFreq
                0x0800c6ec       0x28 ./Drivers/STM32F4xx_HAL_Driver/Src/stm32f4xx_ll_rcc.o
                0x0800c6ec                RCC_GetPCLK1ClockFreq
 .text.RCC_GetPCLK2ClockFreq
                0x0800c714       0x28 ./Drivers/STM32F4xx_HAL_Driver/Src/stm32f4xx_ll_rcc.o
                0x0800c714                RCC_GetPCLK2ClockFreq
 .text.RCC_PLL_GetFreqDomain_SYS
                0x0800c73c       0x7c ./Drivers/STM32F4xx_HAL_Driver/Src/stm32f4xx_ll_rcc.o
                0x0800c73c                RCC_PLL_GetFreqDomain_SYS
 .text.LL_SPI_IsEnabled
                0x0800c7b8       0x26 ./Drivers/STM32F4xx_HAL_Driver/Src/stm32f4xx_ll_spi.o
 .text.LL_SPI_SetCRCPolynomial
                0x0800c7de       0x20 ./Drivers/STM32F4xx_HAL_Driver/Src/stm32f4xx_ll_spi.o
 .text.LL_SPI_Init
                0x0800c7fe       0xa4 ./Drivers/STM32F4xx_HAL_Driver/Src/stm32f4xx_ll_spi.o
                0x0800c7fe                LL_SPI_Init
 .text.LL_TIM_SetPrescaler
                0x0800c8a2       0x1c ./Drivers/STM32F4xx_HAL_Driver/Src/stm32f4xx_ll_tim.o
 .text.LL_TIM_SetAutoReload
                0x0800c8be       0x1c ./Drivers/STM32F4xx_HAL_Driver/Src/stm32f4xx_ll_tim.o
 .text.LL_TIM_SetRepetitionCounter
                0x0800c8da       0x1c ./Drivers/STM32F4xx_HAL_Driver/Src/stm32f4xx_ll_tim.o
 .text.LL_TIM_OC_SetCompareCH1
                0x0800c8f6       0x1c ./Drivers/STM32F4xx_HAL_Driver/Src/stm32f4xx_ll_tim.o
 .text.LL_TIM_OC_SetCompareCH2
                0x0800c912       0x1c ./Drivers/STM32F4xx_HAL_Driver/Src/stm32f4xx_ll_tim.o
 .text.LL_TIM_OC_SetCompareCH3
                0x0800c92e       0x1c ./Drivers/STM32F4xx_HAL_Driver/Src/stm32f4xx_ll_tim.o
 .text.LL_TIM_OC_SetCompareCH4
                0x0800c94a       0x1c ./Drivers/STM32F4xx_HAL_Driver/Src/stm32f4xx_ll_tim.o
 .text.LL_TIM_GenerateEvent_UPDATE
                0x0800c966       0x20 ./Drivers/STM32F4xx_HAL_Driver/Src/stm32f4xx_ll_tim.o
 *fill*         0x0800c986        0x2 
 .text.LL_TIM_Init
                0x0800c988      0x134 ./Drivers/STM32F4xx_HAL_Driver/Src/stm32f4xx_ll_tim.o
                0x0800c988                LL_TIM_Init
 .text.LL_TIM_OC_Init
                0x0800cabc       0x82 ./Drivers/STM32F4xx_HAL_Driver/Src/stm32f4xx_ll_tim.o
                0x0800cabc                LL_TIM_OC_Init
 .text.LL_TIM_BDTR_Init
                0x0800cb3e       0x84 ./Drivers/STM32F4xx_HAL_Driver/Src/stm32f4xx_ll_tim.o
                0x0800cb3e                LL_TIM_BDTR_Init
 *fill*         0x0800cbc2        0x2 
 .text.OC1Config
                0x0800cbc4       0xd8 ./Drivers/STM32F4xx_HAL_Driver/Src/stm32f4xx_ll_tim.o
 .text.OC2Config
                0x0800cc9c       0xe0 ./Drivers/STM32F4xx_HAL_Driver/Src/stm32f4xx_ll_tim.o
 .text.OC3Config
                0x0800cd7c       0xe0 ./Drivers/STM32F4xx_HAL_Driver/Src/stm32f4xx_ll_tim.o
 .text.OC4Config
                0x0800ce5c       0xb0 ./Drivers/STM32F4xx_HAL_Driver/Src/stm32f4xx_ll_tim.o
 .text.LL_USART_IsEnabled
                0x0800cf0c       0x28 ./Drivers/STM32F4xx_HAL_Driver/Src/stm32f4xx_ll_usart.o
 .text.LL_USART_SetStopBitsLength
                0x0800cf34       0x26 ./Drivers/STM32F4xx_HAL_Driver/Src/stm32f4xx_ll_usart.o
 .text.LL_USART_SetHWFlowCtrl
                0x0800cf5a       0x26 ./Drivers/STM32F4xx_HAL_Driver/Src/stm32f4xx_ll_usart.o
 .text.LL_USART_SetBaudRate
                0x0800cf80      0x45c ./Drivers/STM32F4xx_HAL_Driver/Src/stm32f4xx_ll_usart.o
 .text.LL_USART_Init
                0x0800d3dc      0x100 ./Drivers/STM32F4xx_HAL_Driver/Src/stm32f4xx_ll_usart.o
                0x0800d3dc                LL_USART_Init
 .text.LL_mDelay
                0x0800d4dc       0x4c ./Drivers/STM32F4xx_HAL_Driver/Src/stm32f4xx_ll_utils.o
                0x0800d4dc                LL_mDelay
 .text.LL_SetSystemCoreClock
                0x0800d528       0x20 ./Drivers/STM32F4xx_HAL_Driver/Src/stm32f4xx_ll_utils.o
                0x0800d528                LL_SetSystemCoreClock
 .text.SCH_Initialize
                0x0800d548       0x54 ./Scheduler/scheduler.o
                0x0800d548                SCH_Initialize
 .text.SCH_TIM_Start
                0x0800d59c       0x2c ./Scheduler/scheduler.o
                0x0800d59c                SCH_TIM_Start
 .text.SCH_TIM_HasCompleted
                0x0800d5c8       0x2c ./Scheduler/scheduler.o
                0x0800d5c8                SCH_TIM_HasCompleted
 .text.SCH_TASK_CreateTask
                0x0800d5f4       0x80 ./Scheduler/scheduler.o
                0x0800d5f4                SCH_TASK_CreateTask
 .text.SCH_RunSystemTickTimer
                0x0800d674      0x128 ./Scheduler/scheduler.o
                0x0800d674                SCH_RunSystemTickTimer
 .text.SCH_StartSchedular
                0x0800d79c        0xc ./Scheduler/scheduler.o
                0x0800d79c                SCH_StartSchedular
 .text.SCH_HandleScheduledTask
                0x0800d7a8       0xb4 ./Scheduler/scheduler.o
                0x0800d7a8                SCH_HandleScheduledTask
 .text.atoi     0x0800d85c        0x8 C:/ST/STM32CubeIDE_1.18.0/STM32CubeIDE/plugins/com.st.stm32cube.ide.mcu.externaltools.gnu-tools-for-stm32.13.3.rel1.win32_1.0.0.202411081344/tools/bin/../lib/gcc/arm-none-eabi/13.3.1/../../../../arm-none-eabi/lib/thumb/v7e-m+fp/hard\libc_nano.a(libc_a-atoi.o)
                0x0800d85c                atoi
 .text._strtol_l.isra.0
                0x0800d864       0xf4 C:/ST/STM32CubeIDE_1.18.0/STM32CubeIDE/plugins/com.st.stm32cube.ide.mcu.externaltools.gnu-tools-for-stm32.13.3.rel1.win32_1.0.0.202411081344/tools/bin/../lib/gcc/arm-none-eabi/13.3.1/../../../../arm-none-eabi/lib/thumb/v7e-m+fp/hard\libc_nano.a(libc_a-strtol.o)
 .text.strtol   0x0800d958       0x14 C:/ST/STM32CubeIDE_1.18.0/STM32CubeIDE/plugins/com.st.stm32cube.ide.mcu.externaltools.gnu-tools-for-stm32.13.3.rel1.win32_1.0.0.202411081344/tools/bin/../lib/gcc/arm-none-eabi/13.3.1/../../../../arm-none-eabi/lib/thumb/v7e-m+fp/hard\libc_nano.a(libc_a-strtol.o)
                0x0800d958                strtol
 .text.__cvt    0x0800d96c       0xca C:/ST/STM32CubeIDE_1.18.0/STM32CubeIDE/plugins/com.st.stm32cube.ide.mcu.externaltools.gnu-tools-for-stm32.13.3.rel1.win32_1.0.0.202411081344/tools/bin/../lib/gcc/arm-none-eabi/13.3.1/../../../../arm-none-eabi/lib/thumb/v7e-m+fp/hard\libc_nano.a(libc_a-nano-vfprintf_float.o)
                0x0800d96c                __cvt
 .text.__exponent
                0x0800da36       0x74 C:/ST/STM32CubeIDE_1.18.0/STM32CubeIDE/plugins/com.st.stm32cube.ide.mcu.externaltools.gnu-tools-for-stm32.13.3.rel1.win32_1.0.0.202411081344/tools/bin/../lib/gcc/arm-none-eabi/13.3.1/../../../../arm-none-eabi/lib/thumb/v7e-m+fp/hard\libc_nano.a(libc_a-nano-vfprintf_float.o)
                0x0800da36                __exponent
 *fill*         0x0800daaa        0x2 
 .text._printf_float
                0x0800daac      0x454 C:/ST/STM32CubeIDE_1.18.0/STM32CubeIDE/plugins/com.st.stm32cube.ide.mcu.externaltools.gnu-tools-for-stm32.13.3.rel1.win32_1.0.0.202411081344/tools/bin/../lib/gcc/arm-none-eabi/13.3.1/../../../../arm-none-eabi/lib/thumb/v7e-m+fp/hard\libc_nano.a(libc_a-nano-vfprintf_float.o)
                0x0800daac                _printf_float
 .text._printf_common
                0x0800df00       0xda C:/ST/STM32CubeIDE_1.18.0/STM32CubeIDE/plugins/com.st.stm32cube.ide.mcu.externaltools.gnu-tools-for-stm32.13.3.rel1.win32_1.0.0.202411081344/tools/bin/../lib/gcc/arm-none-eabi/13.3.1/../../../../arm-none-eabi/lib/thumb/v7e-m+fp/hard\libc_nano.a(libc_a-nano-vfprintf_i.o)
                0x0800df00                _printf_common
 *fill*         0x0800dfda        0x2 
 .text._printf_i
                0x0800dfdc      0x23c C:/ST/STM32CubeIDE_1.18.0/STM32CubeIDE/plugins/com.st.stm32cube.ide.mcu.externaltools.gnu-tools-for-stm32.13.3.rel1.win32_1.0.0.202411081344/tools/bin/../lib/gcc/arm-none-eabi/13.3.1/../../../../arm-none-eabi/lib/thumb/v7e-m+fp/hard\libc_nano.a(libc_a-nano-vfprintf_i.o)
                0x0800dfdc                _printf_i
 .text.std      0x0800e218       0x6c C:/ST/STM32CubeIDE_1.18.0/STM32CubeIDE/plugins/com.st.stm32cube.ide.mcu.externaltools.gnu-tools-for-stm32.13.3.rel1.win32_1.0.0.202411081344/tools/bin/../lib/gcc/arm-none-eabi/13.3.1/../../../../arm-none-eabi/lib/thumb/v7e-m+fp/hard\libc_nano.a(libc_a-findfp.o)
 .text.stdio_exit_handler
                0x0800e284       0x18 C:/ST/STM32CubeIDE_1.18.0/STM32CubeIDE/plugins/com.st.stm32cube.ide.mcu.externaltools.gnu-tools-for-stm32.13.3.rel1.win32_1.0.0.202411081344/tools/bin/../lib/gcc/arm-none-eabi/13.3.1/../../../../arm-none-eabi/lib/thumb/v7e-m+fp/hard\libc_nano.a(libc_a-findfp.o)
 .text.cleanup_stdio
                0x0800e29c       0x40 C:/ST/STM32CubeIDE_1.18.0/STM32CubeIDE/plugins/com.st.stm32cube.ide.mcu.externaltools.gnu-tools-for-stm32.13.3.rel1.win32_1.0.0.202411081344/tools/bin/../lib/gcc/arm-none-eabi/13.3.1/../../../../arm-none-eabi/lib/thumb/v7e-m+fp/hard\libc_nano.a(libc_a-findfp.o)
 .text.global_stdio_init.part.0
                0x0800e2dc       0x3c C:/ST/STM32CubeIDE_1.18.0/STM32CubeIDE/plugins/com.st.stm32cube.ide.mcu.externaltools.gnu-tools-for-stm32.13.3.rel1.win32_1.0.0.202411081344/tools/bin/../lib/gcc/arm-none-eabi/13.3.1/../../../../arm-none-eabi/lib/thumb/v7e-m+fp/hard\libc_nano.a(libc_a-findfp.o)
 .text.__sfp_lock_acquire
                0x0800e318        0xc C:/ST/STM32CubeIDE_1.18.0/STM32CubeIDE/plugins/com.st.stm32cube.ide.mcu.externaltools.gnu-tools-for-stm32.13.3.rel1.win32_1.0.0.202411081344/tools/bin/../lib/gcc/arm-none-eabi/13.3.1/../../../../arm-none-eabi/lib/thumb/v7e-m+fp/hard\libc_nano.a(libc_a-findfp.o)
                0x0800e318                __sfp_lock_acquire
 .text.__sfp_lock_release
                0x0800e324        0xc C:/ST/STM32CubeIDE_1.18.0/STM32CubeIDE/plugins/com.st.stm32cube.ide.mcu.externaltools.gnu-tools-for-stm32.13.3.rel1.win32_1.0.0.202411081344/tools/bin/../lib/gcc/arm-none-eabi/13.3.1/../../../../arm-none-eabi/lib/thumb/v7e-m+fp/hard\libc_nano.a(libc_a-findfp.o)
                0x0800e324                __sfp_lock_release
 .text.__sinit  0x0800e330       0x30 C:/ST/STM32CubeIDE_1.18.0/STM32CubeIDE/plugins/com.st.stm32cube.ide.mcu.externaltools.gnu-tools-for-stm32.13.3.rel1.win32_1.0.0.202411081344/tools/bin/../lib/gcc/arm-none-eabi/13.3.1/../../../../arm-none-eabi/lib/thumb/v7e-m+fp/hard\libc_nano.a(libc_a-findfp.o)
                0x0800e330                __sinit
 .text._fwalk_sglue
                0x0800e360       0x3c C:/ST/STM32CubeIDE_1.18.0/STM32CubeIDE/plugins/com.st.stm32cube.ide.mcu.externaltools.gnu-tools-for-stm32.13.3.rel1.win32_1.0.0.202411081344/tools/bin/../lib/gcc/arm-none-eabi/13.3.1/../../../../arm-none-eabi/lib/thumb/v7e-m+fp/hard\libc_nano.a(libc_a-fwalk.o)
                0x0800e360                _fwalk_sglue
 .text.snprintf
                0x0800e39c       0x6c C:/ST/STM32CubeIDE_1.18.0/STM32CubeIDE/plugins/com.st.stm32cube.ide.mcu.externaltools.gnu-tools-for-stm32.13.3.rel1.win32_1.0.0.202411081344/tools/bin/../lib/gcc/arm-none-eabi/13.3.1/../../../../arm-none-eabi/lib/thumb/v7e-m+fp/hard\libc_nano.a(libc_a-snprintf.o)
                0x0800e39c                sniprintf
                0x0800e39c                snprintf
 .text.sprintf  0x0800e408       0x44 C:/ST/STM32CubeIDE_1.18.0/STM32CubeIDE/plugins/com.st.stm32cube.ide.mcu.externaltools.gnu-tools-for-stm32.13.3.rel1.win32_1.0.0.202411081344/tools/bin/../lib/gcc/arm-none-eabi/13.3.1/../../../../arm-none-eabi/lib/thumb/v7e-m+fp/hard\libc_nano.a(libc_a-sprintf.o)
                0x0800e408                siprintf
                0x0800e408                sprintf
 .text.__sread  0x0800e44c       0x22 C:/ST/STM32CubeIDE_1.18.0/STM32CubeIDE/plugins/com.st.stm32cube.ide.mcu.externaltools.gnu-tools-for-stm32.13.3.rel1.win32_1.0.0.202411081344/tools/bin/../lib/gcc/arm-none-eabi/13.3.1/../../../../arm-none-eabi/lib/thumb/v7e-m+fp/hard\libc_nano.a(libc_a-stdio.o)
                0x0800e44c                __sread
 .text.__swrite
                0x0800e46e       0x38 C:/ST/STM32CubeIDE_1.18.0/STM32CubeIDE/plugins/com.st.stm32cube.ide.mcu.externaltools.gnu-tools-for-stm32.13.3.rel1.win32_1.0.0.202411081344/tools/bin/../lib/gcc/arm-none-eabi/13.3.1/../../../../arm-none-eabi/lib/thumb/v7e-m+fp/hard\libc_nano.a(libc_a-stdio.o)
                0x0800e46e                __swrite
 .text.__sseek  0x0800e4a6       0x24 C:/ST/STM32CubeIDE_1.18.0/STM32CubeIDE/plugins/com.st.stm32cube.ide.mcu.externaltools.gnu-tools-for-stm32.13.3.rel1.win32_1.0.0.202411081344/tools/bin/../lib/gcc/arm-none-eabi/13.3.1/../../../../arm-none-eabi/lib/thumb/v7e-m+fp/hard\libc_nano.a(libc_a-stdio.o)
                0x0800e4a6                __sseek
 .text.__sclose
                0x0800e4ca        0x8 C:/ST/STM32CubeIDE_1.18.0/STM32CubeIDE/plugins/com.st.stm32cube.ide.mcu.externaltools.gnu-tools-for-stm32.13.3.rel1.win32_1.0.0.202411081344/tools/bin/../lib/gcc/arm-none-eabi/13.3.1/../../../../arm-none-eabi/lib/thumb/v7e-m+fp/hard\libc_nano.a(libc_a-stdio.o)
                0x0800e4ca                __sclose
 .text.memmove  0x0800e4d2       0x34 C:/ST/STM32CubeIDE_1.18.0/STM32CubeIDE/plugins/com.st.stm32cube.ide.mcu.externaltools.gnu-tools-for-stm32.13.3.rel1.win32_1.0.0.202411081344/tools/bin/../lib/gcc/arm-none-eabi/13.3.1/../../../../arm-none-eabi/lib/thumb/v7e-m+fp/hard\libc_nano.a(libc_a-memmove.o)
                0x0800e4d2                memmove
 .text.memset   0x0800e506       0x10 C:/ST/STM32CubeIDE_1.18.0/STM32CubeIDE/plugins/com.st.stm32cube.ide.mcu.externaltools.gnu-tools-for-stm32.13.3.rel1.win32_1.0.0.202411081344/tools/bin/../lib/gcc/arm-none-eabi/13.3.1/../../../../arm-none-eabi/lib/thumb/v7e-m+fp/hard\libc_nano.a(libc_a-memset.o)
                0x0800e506                memset
 .text.strcat   0x0800e516       0x1e C:/ST/STM32CubeIDE_1.18.0/STM32CubeIDE/plugins/com.st.stm32cube.ide.mcu.externaltools.gnu-tools-for-stm32.13.3.rel1.win32_1.0.0.202411081344/tools/bin/../lib/gcc/arm-none-eabi/13.3.1/../../../../arm-none-eabi/lib/thumb/v7e-m+fp/hard\libc_nano.a(libc_a-strcat.o)
                0x0800e516                strcat
 .text.strchr   0x0800e534       0x1a C:/ST/STM32CubeIDE_1.18.0/STM32CubeIDE/plugins/com.st.stm32cube.ide.mcu.externaltools.gnu-tools-for-stm32.13.3.rel1.win32_1.0.0.202411081344/tools/bin/../lib/gcc/arm-none-eabi/13.3.1/../../../../arm-none-eabi/lib/thumb/v7e-m+fp/hard\libc_nano.a(libc_a-strchr.o)
                0x0800e534                strchr
 *fill*         0x0800e54e        0x2 
 .text._localeconv_r
                0x0800e550        0x8 C:/ST/STM32CubeIDE_1.18.0/STM32CubeIDE/plugins/com.st.stm32cube.ide.mcu.externaltools.gnu-tools-for-stm32.13.3.rel1.win32_1.0.0.202411081344/tools/bin/../lib/gcc/arm-none-eabi/13.3.1/../../../../arm-none-eabi/lib/thumb/v7e-m+fp/hard\libc_nano.a(libc_a-localeconv.o)
                0x0800e550                _localeconv_r
 .text._close_r
                0x0800e558       0x20 C:/ST/STM32CubeIDE_1.18.0/STM32CubeIDE/plugins/com.st.stm32cube.ide.mcu.externaltools.gnu-tools-for-stm32.13.3.rel1.win32_1.0.0.202411081344/tools/bin/../lib/gcc/arm-none-eabi/13.3.1/../../../../arm-none-eabi/lib/thumb/v7e-m+fp/hard\libc_nano.a(libc_a-closer.o)
                0x0800e558                _close_r
 .text._lseek_r
                0x0800e578       0x24 C:/ST/STM32CubeIDE_1.18.0/STM32CubeIDE/plugins/com.st.stm32cube.ide.mcu.externaltools.gnu-tools-for-stm32.13.3.rel1.win32_1.0.0.202411081344/tools/bin/../lib/gcc/arm-none-eabi/13.3.1/../../../../arm-none-eabi/lib/thumb/v7e-m+fp/hard\libc_nano.a(libc_a-lseekr.o)
                0x0800e578                _lseek_r
 .text._read_r  0x0800e59c       0x24 C:/ST/STM32CubeIDE_1.18.0/STM32CubeIDE/plugins/com.st.stm32cube.ide.mcu.externaltools.gnu-tools-for-stm32.13.3.rel1.win32_1.0.0.202411081344/tools/bin/../lib/gcc/arm-none-eabi/13.3.1/../../../../arm-none-eabi/lib/thumb/v7e-m+fp/hard\libc_nano.a(libc_a-readr.o)
                0x0800e59c                _read_r
 .text._write_r
                0x0800e5c0       0x24 C:/ST/STM32CubeIDE_1.18.0/STM32CubeIDE/plugins/com.st.stm32cube.ide.mcu.externaltools.gnu-tools-for-stm32.13.3.rel1.win32_1.0.0.202411081344/tools/bin/../lib/gcc/arm-none-eabi/13.3.1/../../../../arm-none-eabi/lib/thumb/v7e-m+fp/hard\libc_nano.a(libc_a-writer.o)
                0x0800e5c0                _write_r
 .text.__errno  0x0800e5e4        0xc C:/ST/STM32CubeIDE_1.18.0/STM32CubeIDE/plugins/com.st.stm32cube.ide.mcu.externaltools.gnu-tools-for-stm32.13.3.rel1.win32_1.0.0.202411081344/tools/bin/../lib/gcc/arm-none-eabi/13.3.1/../../../../arm-none-eabi/lib/thumb/v7e-m+fp/hard\libc_nano.a(libc_a-errno.o)
                0x0800e5e4                __errno
 .text.__libc_init_array
                0x0800e5f0       0x48 C:/ST/STM32CubeIDE_1.18.0/STM32CubeIDE/plugins/com.st.stm32cube.ide.mcu.externaltools.gnu-tools-for-stm32.13.3.rel1.win32_1.0.0.202411081344/tools/bin/../lib/gcc/arm-none-eabi/13.3.1/../../../../arm-none-eabi/lib/thumb/v7e-m+fp/hard\libc_nano.a(libc_a-init.o)
                0x0800e5f0                __libc_init_array
 .text.__retarget_lock_init_recursive
                0x0800e638        0x2 C:/ST/STM32CubeIDE_1.18.0/STM32CubeIDE/plugins/com.st.stm32cube.ide.mcu.externaltools.gnu-tools-for-stm32.13.3.rel1.win32_1.0.0.202411081344/tools/bin/../lib/gcc/arm-none-eabi/13.3.1/../../../../arm-none-eabi/lib/thumb/v7e-m+fp/hard\libc_nano.a(libc_a-lock.o)
                0x0800e638                __retarget_lock_init_recursive
 .text.__retarget_lock_acquire_recursive
                0x0800e63a        0x2 C:/ST/STM32CubeIDE_1.18.0/STM32CubeIDE/plugins/com.st.stm32cube.ide.mcu.externaltools.gnu-tools-for-stm32.13.3.rel1.win32_1.0.0.202411081344/tools/bin/../lib/gcc/arm-none-eabi/13.3.1/../../../../arm-none-eabi/lib/thumb/v7e-m+fp/hard\libc_nano.a(libc_a-lock.o)
                0x0800e63a                __retarget_lock_acquire_recursive
 .text.__retarget_lock_release_recursive
                0x0800e63c        0x2 C:/ST/STM32CubeIDE_1.18.0/STM32CubeIDE/plugins/com.st.stm32cube.ide.mcu.externaltools.gnu-tools-for-stm32.13.3.rel1.win32_1.0.0.202411081344/tools/bin/../lib/gcc/arm-none-eabi/13.3.1/../../../../arm-none-eabi/lib/thumb/v7e-m+fp/hard\libc_nano.a(libc_a-lock.o)
                0x0800e63c                __retarget_lock_release_recursive
 .text.memcpy   0x0800e63e       0x1c C:/ST/STM32CubeIDE_1.18.0/STM32CubeIDE/plugins/com.st.stm32cube.ide.mcu.externaltools.gnu-tools-for-stm32.13.3.rel1.win32_1.0.0.202411081344/tools/bin/../lib/gcc/arm-none-eabi/13.3.1/../../../../arm-none-eabi/lib/thumb/v7e-m+fp/hard\libc_nano.a(libc_a-memcpy-stub.o)
                0x0800e63e                memcpy
 .text.quorem   0x0800e65a      0x110 C:/ST/STM32CubeIDE_1.18.0/STM32CubeIDE/plugins/com.st.stm32cube.ide.mcu.externaltools.gnu-tools-for-stm32.13.3.rel1.win32_1.0.0.202411081344/tools/bin/../lib/gcc/arm-none-eabi/13.3.1/../../../../arm-none-eabi/lib/thumb/v7e-m+fp/hard\libc_nano.a(libc_a-dtoa.o)
 *fill*         0x0800e76a        0x6 
 .text._dtoa_r  0x0800e770      0xba0 C:/ST/STM32CubeIDE_1.18.0/STM32CubeIDE/plugins/com.st.stm32cube.ide.mcu.externaltools.gnu-tools-for-stm32.13.3.rel1.win32_1.0.0.202411081344/tools/bin/../lib/gcc/arm-none-eabi/13.3.1/../../../../arm-none-eabi/lib/thumb/v7e-m+fp/hard\libc_nano.a(libc_a-dtoa.o)
                0x0800e770                _dtoa_r
 .text._free_r  0x0800f310       0x94 C:/ST/STM32CubeIDE_1.18.0/STM32CubeIDE/plugins/com.st.stm32cube.ide.mcu.externaltools.gnu-tools-for-stm32.13.3.rel1.win32_1.0.0.202411081344/tools/bin/../lib/gcc/arm-none-eabi/13.3.1/../../../../arm-none-eabi/lib/thumb/v7e-m+fp/hard\libc_nano.a(libc_a-freer.o)
                0x0800f310                _free_r