Archive member included to satisfy reference by file (symbol)

C:/ST/STM32CubeIDE_1.18.0/STM32CubeIDE/plugins/com.st.stm32cube.ide.mcu.externaltools.gnu-tools-for-stm32.13.3.rel1.win32_1.0.0.202411081344/tools/bin/../lib/gcc/arm-none-eabi/13.3.1/../../../../arm-none-eabi/lib/thumb/v7e-m+fp/hard\libc_nano.a(libc_a-atoi.o)
                              ./Core/CLI_Terminal/CLI_Command/cli_command.o (atoi)
C:/ST/STM32CubeIDE_1.18.0/STM32CubeIDE/plugins/com.st.stm32cube.ide.mcu.externaltools.gnu-tools-for-stm32.13.3.rel1.win32_1.0.0.202411081344/tools/bin/../lib/gcc/arm-none-eabi/13.3.1/../../../../arm-none-eabi/lib/thumb/v7e-m+fp/hard\libc_nano.a(libc_a-exit.o)
                              C:/ST/STM32CubeIDE_1.18.0/STM32CubeIDE/plugins/com.st.stm32cube.ide.mcu.externaltools.gnu-tools-for-stm32.13.3.rel1.win32_1.0.0.202411081344/tools/bin/../lib/gcc/arm-none-eabi/13.3.1/../../../../arm-none-eabi/lib/thumb/v7e-m+fp/hard/crt0.o (exit)
C:/ST/STM32CubeIDE_1.18.0/STM32CubeIDE/plugins/com.st.stm32cube.ide.mcu.externaltools.gnu-tools-for-stm32.13.3.rel1.win32_1.0.0.202411081344/tools/bin/../lib/gcc/arm-none-eabi/13.3.1/../../../../arm-none-eabi/lib/thumb/v7e-m+fp/hard\libc_nano.a(libc_a-strtol.o)
                              C:/ST/STM32CubeIDE_1.18.0/STM32CubeIDE/plugins/com.st.stm32cube.ide.mcu.externaltools.gnu-tools-for-stm32.13.3.rel1.win32_1.0.0.202411081344/tools/bin/../lib/gcc/arm-none-eabi/13.3.1/../../../../arm-none-eabi/lib/thumb/v7e-m+fp/hard\libc_nano.a(libc_a-atoi.o) (_strtol_r)
C:/ST/STM32CubeIDE_1.18.0/STM32CubeIDE/plugins/com.st.stm32cube.ide.mcu.externaltools.gnu-tools-for-stm32.13.3.rel1.win32_1.0.0.202411081344/tools/bin/../lib/gcc/arm-none-eabi/13.3.1/../../../../arm-none-eabi/lib/thumb/v7e-m+fp/hard\libc_nano.a(libc_a-ctype_.o)
                              C:/ST/STM32CubeIDE_1.18.0/STM32CubeIDE/plugins/com.st.stm32cube.ide.mcu.externaltools.gnu-tools-for-stm32.13.3.rel1.win32_1.0.0.202411081344/tools/bin/../lib/gcc/arm-none-eabi/13.3.1/../../../../arm-none-eabi/lib/thumb/v7e-m+fp/hard\libc_nano.a(libc_a-strtol.o) (_ctype_)
C:/ST/STM32CubeIDE_1.18.0/STM32CubeIDE/plugins/com.st.stm32cube.ide.mcu.externaltools.gnu-tools-for-stm32.13.3.rel1.win32_1.0.0.202411081344/tools/bin/../lib/gcc/arm-none-eabi/13.3.1/../../../../arm-none-eabi/lib/thumb/v7e-m+fp/hard\libc_nano.a(libc_a-nano-vfprintf_float.o)
                              (_printf_float)
C:/ST/STM32CubeIDE_1.18.0/STM32CubeIDE/plugins/com.st.stm32cube.ide.mcu.externaltools.gnu-tools-for-stm32.13.3.rel1.win32_1.0.0.202411081344/tools/bin/../lib/gcc/arm-none-eabi/13.3.1/../../../../arm-none-eabi/lib/thumb/v7e-m+fp/hard\libc_nano.a(libc_a-nano-vfprintf_i.o)
                              C:/ST/STM32CubeIDE_1.18.0/STM32CubeIDE/plugins/com.st.stm32cube.ide.mcu.externaltools.gnu-tools-for-stm32.13.3.rel1.win32_1.0.0.202411081344/tools/bin/../lib/gcc/arm-none-eabi/13.3.1/../../../../arm-none-eabi/lib/thumb/v7e-m+fp/hard\libc_nano.a(libc_a-nano-vfprintf_float.o) (_printf_common)
C:/ST/STM32CubeIDE_1.18.0/STM32CubeIDE/plugins/com.st.stm32cube.ide.mcu.externaltools.gnu-tools-for-stm32.13.3.rel1.win32_1.0.0.202411081344/tools/bin/../lib/gcc/arm-none-eabi/13.3.1/../../../../arm-none-eabi/lib/thumb/v7e-m+fp/hard\libc_nano.a(libc_a-findfp.o)
                              C:/ST/STM32CubeIDE_1.18.0/STM32CubeIDE/plugins/com.st.stm32cube.ide.mcu.externaltools.gnu-tools-for-stm32.13.3.rel1.win32_1.0.0.202411081344/tools/bin/../lib/gcc/arm-none-eabi/13.3.1/../../../../arm-none-eabi/lib/thumb/v7e-m+fp/hard\libc_nano.a(libc_a-exit.o) (__stdio_exit_handler)
C:/ST/STM32CubeIDE_1.18.0/STM32CubeIDE/plugins/com.st.stm32cube.ide.mcu.externaltools.gnu-tools-for-stm32.13.3.rel1.win32_1.0.0.202411081344/tools/bin/../lib/gcc/arm-none-eabi/13.3.1/../../../../arm-none-eabi/lib/thumb/v7e-m+fp/hard\libc_nano.a(libc_a-fwalk.o)
                              C:/ST/STM32CubeIDE_1.18.0/STM32CubeIDE/plugins/com.st.stm32cube.ide.mcu.externaltools.gnu-tools-for-stm32.13.3.rel1.win32_1.0.0.202411081344/tools/bin/../lib/gcc/arm-none-eabi/13.3.1/../../../../arm-none-eabi/lib/thumb/v7e-m+fp/hard\libc_nano.a(libc_a-findfp.o) (_fwalk_sglue)
C:/ST/STM32CubeIDE_1.18.0/STM32CubeIDE/plugins/com.st.stm32cube.ide.mcu.externaltools.gnu-tools-for-stm32.13.3.rel1.win32_1.0.0.202411081344/tools/bin/../lib/gcc/arm-none-eabi/13.3.1/../../../../arm-none-eabi/lib/thumb/v7e-m+fp/hard\libc_nano.a(libc_a-snprintf.o)
                              ./BSP/I2C_Slave/i2c_slave.o (snprintf)
C:/ST/STM32CubeIDE_1.18.0/STM32CubeIDE/plugins/com.st.stm32cube.ide.mcu.externaltools.gnu-tools-for-stm32.13.3.rel1.win32_1.0.0.202411081344/tools/bin/../lib/gcc/arm-none-eabi/13.3.1/../../../../arm-none-eabi/lib/thumb/v7e-m+fp/hard\libc_nano.a(libc_a-sprintf.o)
                              ./Core/CLI_Terminal/CLI_Src/embedded_cli.o (sprintf)
[...]
Memory Configuration

Name             Origin             Length             Attributes
CCMRAM           0x10000000         0x00010000         xrw
RAM              0x20000000         0x00020000         xrw
FLASH            0x08000000         0x0007c000         xr
*default*        0x00000000         0xffffffff

Linker script and memory map

LOAD C:/ST/STM32CubeIDE_1.18.0/STM32CubeIDE/plugins/com.st.stm32cube.ide.mcu.externaltools.gnu-tools-for-stm32.13.3.rel1.win32_1.0.0.202411081344/tools/bin/../lib/gcc/arm-none-eabi/13.3.1/thumb/v7e-m+fp/hard/crti.o
LOAD C:/ST/STM32CubeIDE_1.18.0/STM32CubeIDE/plugins/com.st.stm32cube.ide.mcu.externaltools.gnu-tools-for-stm32.13.3.rel1.win32_1.0.0.202411081344/tools/bin/../lib/gcc/arm-none-eabi/13.3.1/thumb/v7e-m+fp/hard/crtbegin.o
LOAD C:/ST/STM32CubeIDE_1.18.0/STM32CubeIDE/plugins/com.st.stm32cube.ide.mcu.externaltools.gnu-tools-for-stm32.13.3.rel1.win32_1.0.0.202411081344/tools/bin/../lib/gcc/arm-none-eabi/13.3.1/../../../../arm-none-eabi/lib/thumb/v7e-m+fp/hard/crt0.o
LOAD ./BSP/Delay/delay.o
LOAD ./BSP/I2C/i2c.o
LOAD ./BSP/I2C_Slave/i2c_slave.o
LOAD ./BSP/I2C_Slave/register.o
LOAD ./BSP/SysTick/systick.o
LOAD ./BSP/UART/uart.o
LOAD ./Core/Auto_run/auto_run.o
LOAD ./Core/Board/board.o
LOAD ./Core/CLI_Terminal/CLI_Command/cli_command.o
LOAD ./Core/CLI_Terminal/CLI_Setup/cli_setup.o
LOAD ./Core/CLI_Terminal/CLI_Src/embedded_cli.o
LOAD ./Core/DateTime/date_time.o
LOAD ./Core/Devices/ADG1414/adg1414.o
LOAD ./Core/Devices/MB85RS2MT/mb85rs2mt.o
LOAD ./Core/LASER_BOARD/MCP4902/mcp4902.o
LOAD ./Core/LASER_BOARD/laser_board.o
LOAD ./Core/LED/IR_LED/ir_led.o
LOAD ./Core/LED/Status_LED/status_led.o
LOAD ./Core/PHOTO_BOARD/ADS8327/ads8327.o
LOAD ./Core/PHOTO_BOARD/photo_board.o
LOAD ./Core/Sensor_I2C/BME280/bme280.o
LOAD ./Core/Sensor_I2C/BMP390/bmp390.o
LOAD ./Core/Sensor_I2C/H250/h250.o
LOAD ./Core/Sensor_I2C/H3LIS331DL/h3lis331dl.o
LOAD ./Core/Sensor_I2C/K33/k33.o
LOAD ./Core/Sensor_I2C/LSM6DSOX/lsm6dsox.o
LOAD ./Core/Sensor_I2C/sensor_i2c.o
LOAD ./Core/Src/main.o
LOAD ./Core/Src/stm32f4xx_hal_msp.o
LOAD ./Core/Src/stm32f4xx_it.o
LOAD ./Core/Src/syscalls.o
LOAD ./Core/Src/sysmem.o
LOAD ./Core/Src/system_stm32f4xx.o
LOAD ./Core/Startup/startup_stm32f407vgtx.o
LOAD ./Core/Temperature/Heater/heater.o
LOAD ./Core/Temperature/LT8722/lt8722.o
LOAD ./Core/Temperature/NTC/ntc.o
LOAD ./Core/Temperature/temperature.o
LOAD ./Core/WDog/watchdog.o
LOAD ./Drivers/STM32F4xx_HAL_Driver/Src/stm32f4xx_hal.o
LOAD ./Drivers/STM32F4xx_HAL_Driver/Src/stm32f4xx_hal_cortex.o
LOAD ./Drivers/STM32F4xx_HAL_Driver/Src/stm32f4xx_hal_dma.o
LOAD ./Drivers/STM32F4xx_HAL_Driver/Src/stm32f4xx_hal_dma_ex.o
LOAD ./Drivers/STM32F4xx_HAL_Driver/Src/stm32f4xx_hal_exti.o
LOAD ./Drivers/STM32F4xx_HAL_Driver/Src/stm32f4xx_hal_flash.o
LOAD ./Drivers/STM32F4xx_HAL_Driver/Src/stm32f4xx_hal_flash_ex.o
LOAD ./Drivers/STM32F4xx_HAL_Driver/Src/stm32f4xx_hal_flash_ramfunc.o
LOAD ./Drivers/STM32F4xx_HAL_Driver/Src/stm32f4xx_hal_gpio.o
LOAD ./Drivers/STM32F4xx_HAL_Driver/Src/stm32f4xx_hal_pwr.o
LOAD ./Drivers/STM32F4xx_HAL_Driver/Src/stm32f4xx_hal_pwr_ex.o
LOAD ./Drivers/STM32F4xx_HAL_Driver/Src/stm32f4xx_hal_rcc.o
LOAD ./Drivers/STM32F4xx_HAL_Driver/Src/stm32f4xx_hal_rcc_ex.o
LOAD ./Drivers/STM32F4xx_HAL_Driver/Src/stm32f4xx_hal_tim.o
LOAD ./Drivers/STM32F4xx_HAL_Driver/Src/stm32f4xx_hal_tim_ex.o
LOAD ./Drivers/STM32F4xx_HAL_Driver/Src/stm32f4xx_ll_adc.o
LOAD ./Drivers/STM32F4xx_HAL_Driver/Src/stm32f4xx_ll_dma.o
LOAD ./Drivers/STM32F4xx_HAL_Driver/Src/stm32f4xx_ll_exti.o
LOAD ./Drivers/STM32F4xx_HAL_Driver/Src/stm32f4xx_ll_gpio.o
LOAD ./Drivers/STM32F4xx_HAL_Driver/Src/stm32f4xx_ll_i2c.o
LOAD ./Drivers/STM32F4xx_HAL_Driver/Src/stm32f4xx_ll_rcc.o
LOAD ./Drivers/STM32F4xx_HAL_Driver/Src/stm32f4xx_ll_spi.o
LOAD ./Drivers/STM32F4xx_HAL_Driver/Src/stm32f4xx_ll_tim.o
LOAD ./Drivers/STM32F4xx_HAL_Driver/Src/stm32f4xx_ll_usart.o
LOAD ./Drivers/STM32F4xx_HAL_Driver/Src/stm32f4xx_ll_utils.o
LOAD ./Scheduler/scheduler.o
LOAD ./ThirdParty/libfsp/crc16.o
LOAD ./ThirdParty/libfsp/fsp.o
START GROUP
LOAD C:/ST/STM32CubeIDE_1.18.0/STM32CubeIDE/plugins/com.st.stm32cube.ide.mcu.externaltools.gnu-tools-for-stm32.13.3.rel1.win32_1.0.0.202411081344/tools/bin/../lib/gcc/arm-none-eabi/13.3.1/../../../../arm-none-eabi/lib/thumb/v7e-m+fp/hard\libc_nano.a
LOAD C:/ST/STM32CubeIDE_1.18.0/STM32CubeIDE/plugins/com.st.stm32cube.ide.mcu.externaltools.gnu-tools-for-stm32.13.3.rel1.win32_1.0.0.202411081344/tools/bin/../lib/gcc/arm-none-eabi/13.3.1/../../../../arm-none-eabi/lib/thumb/v7e-m+fp/hard\libm.a
END GROUP
START GROUP
LOAD C:/ST/STM32CubeIDE_1.18.0/STM32CubeIDE/plugins/com.st.stm32cube.ide.mcu.externaltools.gnu-tools-for-stm32.13.3.rel1.win32_1.0.0.202411081344/tools/bin/../lib/gcc/arm-none-eabi/13.3.1/thumb/v7e-m+fp/hard\libgcc.a
LOAD C:/ST/STM32CubeIDE_1.18.0/STM32CubeIDE/plugins/com.st.stm32cube.ide.mcu.externaltools.gnu-tools-for-stm32.13.3.rel1.win32_1.0.0.202411081344/tools/bin/../lib/gcc/arm-none-eabi/13.3.1/../../../../arm-none-eabi/lib/thumb/v7e-m+fp/hard\libc_nano.a
END GROUP
START GROUP
LOAD C:/ST/STM32CubeIDE_1.18.0/STM32CubeIDE/plugins/com.st.stm32cube.ide.mcu.externaltools.gnu-tools-for-stm32.13.3.rel1.win32_1.0.0.202411081344/tools/bin/../lib/gcc/arm-none-eabi/13.3.1/thumb/v7e-m+fp/hard\libgcc.a
LOAD C:/ST/STM32CubeIDE_1.18.0/STM32CubeIDE/plugins/com.st.stm32cube.ide.mcu.externaltools.gnu-tools-for-stm32.13.3.rel1.win32_1.0.0.202411081344/tools/bin/../lib/gcc/arm-none-eabi/13.3.1/../../../../arm-none-eabi/lib/thumb/v7e-m+fp/hard\libc_nano.a
LOAD C:/ST/STM32CubeIDE_1.18.0/STM32CubeIDE/plugins/com.st.stm32cube.ide.mcu.externaltools.gnu-tools-for-stm32.13.3.rel1.win32_1.0.0.202411081344/tools/bin/../lib/gcc/arm-none-eabi/13.3.1/../../../../arm-none-eabi/lib/thumb/v7e-m+fp/hard\libnosys.a
END GROUP
START GROUP
LOAD C:/ST/STM32CubeIDE_1.18.0/STM32CubeIDE/plugins/com.st.stm32cube.ide.mcu.externaltools.gnu-tools-for-stm32.13.3.rel1.win32_1.0.0.202411081344/tools/bin/../lib/gcc/arm-none-eabi/13.3.1/thumb/v7e-m+fp/hard\libgcc.a
LOAD C:/ST/STM32CubeIDE_1.18.0/STM32CubeIDE/plugins/com.st.stm32cube.ide.mcu.externaltools.gnu-tools-for-stm32.13.3.rel1.win32_1.0.0.202411081344/tools/bin/../lib/gcc/arm-none-eabi/13.3.1/../../../../arm-none-eabi/lib/thumb/v7e-m+fp/hard\libc_nano.a
LOAD C:/ST/STM32CubeIDE_1.18.0/STM32CubeIDE/plugins/com.st.stm32cube.ide.mcu.externaltools.gnu-tools-for-stm32.13.3.rel1.win32_1.0.0.202411081344/tools/bin/../lib/gcc/arm-none-eabi/13.3.1/../../../../arm-none-eabi/lib/thumb/v7e-m+fp/hard\libnosys.a
END GROUP
LOAD C:/ST/STM32CubeIDE_1.18.0/STM32CubeIDE/plugins/com.st.stm32cube.ide.mcu.externaltools.gnu-tools-for-stm32.13.3.rel1.win32_1.0.0.202411081344/tools/bin/../lib/gcc/arm-none-eabi/13.3.1/thumb/v7e-m+fp/hard/crtend.o
LOAD C:/ST/STM32CubeIDE_1.18.0/STM32CubeIDE/plugins/com.st.stm32cube.ide.mcu.externaltools.gnu-tools-for-stm32.13.3.rel1.win32_1.0.0.202411081344/tools/bin/../lib/gcc/arm-none-eabi/13.3.1/thumb/v7e-m+fp/hard/crtn.o
                0x20020000                        _estack = (ORIGIN (RAM) + LENGTH (RAM))
                0x00000200                        _Min_Heap_Size = 0x200
                0x00000400                        _Min_Stack_Size = 0x400

.isr_vector     0x08000000      0x188
                0x08000000                        . = ALIGN (0x4)
 *(.isr_vector)
 .isr_vector    0x08000000      0x188 ./Core/Startup/startup_stm32f407vgtx.o
                0x08000000                g_pfnVectors
                0x08000188                        . = ALIGN (0x4)

.text           0x08000190     0xf6a0
                0x08000190                        . = ALIGN (0x4)
 *(.text)
 .text          0x08000190       0x40 C:/ST/STM32CubeIDE_1.18.0/STM32CubeIDE/plugins/com.st.stm32cube.ide.mcu.externaltools.gnu-tools-for-stm32.13.3.rel1.win32_1.0.0.202411081344/tools/bin/../lib/gcc/arm-none-eabi/13.3.1/thumb/v7e-m+fp/hard/crtbegin.o
 .text          0x080001d0       0x14 C:/ST/STM32CubeIDE_1.18.0/STM32CubeIDE/plugins/com.st.stm32cube.ide.mcu.externaltools.gnu-tools-for-stm32.13.3.rel1.win32_1.0.0.202411081344/tools/bin/../lib/gcc/arm-none-eabi/13.3.1/../../../../arm-none-eabi/lib/thumb/v7e-m+fp/hard\libc_nano.a(libc_a-strcmp.o)
                0x080001d0                strcmp
 *fill*         0x080001e4        0xc 
 .text          0x080001f0       0xa0 C:/ST/STM32CubeIDE_1.18.0/STM32CubeIDE/plugins/com.st.stm32cube.ide.mcu.externaltools.gnu-tools-for-stm32.13.3.rel1.win32_1.0.0.202411081344/tools/bin/../lib/gcc/arm-none-eabi/13.3.1/../../../../arm-none-eabi/lib/thumb/v7e-m+fp/hard\libc_nano.a(libc_a-memchr.o)
                0x080001f0                memchr
 .text          0x08000290       0x10 C:/ST/STM32CubeIDE_1.18.0/STM32CubeIDE/plugins/com.st.stm32cube.ide.mcu.externaltools.gnu-tools-for-stm32.13.3.rel1.win32_1.0.0.202411081344/tools/bin/../lib/gcc/arm-none-eabi/13.3.1/../../../../arm-none-eabi/lib/thumb/v7e-m+fp/hard\libc_nano.a(libc_a-strlen.o)
                0x08000290                strlen
 .text          0x080002a0      0x378 C:/ST/STM32CubeIDE_1.18.0/STM32CubeIDE/plugins/com.st.stm32cube.ide.mcu.externaltools.gnu-tools-for-stm32.13.3.rel1.win32_1.0.0.202411081344/tools/bin/../lib/gcc/arm-none-eabi/13.3.1/thumb/v7e-m+fp/hard\libgcc.a(_arm_addsubdf3.o)
                0x080002a0                __aeabi_drsub
                0x080002a8                __aeabi_dsub
                0x080002a8                __subdf3
                0x080002ac                __aeabi_dadd
                0x080002ac                __adddf3
                0x08000524                __floatunsidf
                0x08000524                __aeabi_ui2d
                0x08000544                __floatsidf
                0x08000544                __aeabi_i2d
                0x08000568                __aeabi_f2d
                0x08000568                __extendsfdf2
                0x080005ac                __floatundidf
                0x080005ac                __aeabi_ul2d
                0x080005bc                __floatdidf
                0x080005bc                __aeabi_l2d
 .text          0x08000618      0x424 C:/ST/STM32CubeIDE_1.18.0/STM32CubeIDE/plugins/com.st.stm32cube.ide.mcu.externaltools.gnu-tools-for-stm32.13.3.rel1.win32_1.0.0.202411081344/tools/bin/../lib/gcc/arm-none-eabi/13.3.1/thumb/v7e-m+fp/hard\libgcc.a(_arm_muldivdf3.o)
                0x08000618                __aeabi_dmul
                0x08000618                __muldf3
                0x0800086c                __divdf3
                0x0800086c                __aeabi_ddiv
 .text          0x08000a3c      0x110 C:/ST/STM32CubeIDE_1.18.0/STM32CubeIDE/plugins/com.st.stm32cube.ide.mcu.externaltools.gnu-tools-for-stm32.13.3.rel1.win32_1.0.0.202411081344/tools/bin/../lib/gcc/arm-none-eabi/13.3.1/thumb/v7e-m+fp/hard\libgcc.a(_arm_cmpdf2.o)
                0x08000a3c                __gtdf2
                0x08000a3c                __gedf2
                0x08000a44                __ltdf2
                0x08000a44                __ledf2
                0x08000a4c                __nedf2
                0x08000a4c                __eqdf2
                0x08000a4c                __cmpdf2
                0x08000ac8                __aeabi_cdrcmple
                0x08000ad8                __aeabi_cdcmpeq
                0x08000ad8                __aeabi_cdcmple
                0x08000ae8                __aeabi_dcmpeq
                0x08000afc                __aeabi_dcmplt
                0x08000b10                __aeabi_dcmple
                0x08000b24                __aeabi_dcmpge
                0x08000b38                __aeabi_dcmpgt
 .text          0x08000b4c       0x2c C:/ST/STM32CubeIDE_1.18.0/STM32CubeIDE/plugins/com.st.stm32cube.ide.mcu.externaltools.gnu-tools-for-stm32.13.3.rel1.win32_1.0.0.202411081344/tools/bin/../lib/gcc/arm-none-eabi/13.3.1/thumb/v7e-m+fp/hard\libgcc.a(_arm_unorddf2.o)
                0x08000b4c                __unorddf2
                0x08000b4c                __aeabi_dcmpun
 .text          0x08000b78       0x50 C:/ST/STM32CubeIDE_1.18.0/STM32CubeIDE/plugins/com.st.stm32cube.ide.mcu.externaltools.gnu-tools-for-stm32.13.3.rel1.win32_1.0.0.202411081344/tools/bin/../lib/gcc/arm-none-eabi/13.3.1/thumb/v7e-m+fp/hard\libgcc.a(_arm_fixdfsi.o)
                0x08000b78                __aeabi_d2iz
                0x08000b78                __fixdfsi
 .text          0x08000bc8      0x21c C:/ST/STM32CubeIDE_1.18.0/STM32CubeIDE/plugins/com.st.stm32cube.ide.mcu.externaltools.gnu-tools-for-stm32.13.3.rel1.win32_1.0.0.202411081344/tools/bin/../lib/gcc/arm-none-eabi/13.3.1/thumb/v7e-m+fp/hard\libgcc.a(_arm_addsubsf3.o)
                0x08000bc8                __aeabi_frsub
                0x08000bd0                __subsf3
                0x08000bd0                __aeabi_fsub
                0x08000bd4                __aeabi_fadd
                0x08000bd4                __addsf3
                0x08000d34                __aeabi_ui2f
                0x08000d34                __floatunsisf
                0x08000d3c                __aeabi_i2f
                0x08000d3c                __floatsisf
                0x08000d58                __aeabi_ul2f
                0x08000d58                __floatundisf
                0x08000d68                __aeabi_l2f
                0x08000d68                __floatdisf
 .text          0x08000de4       0xa0 C:/ST/STM32CubeIDE_1.18.0/STM32CubeIDE/plugins/com.st.stm32cube.ide.mcu.externaltools.gnu-tools-for-stm32.13.3.rel1.win32_1.0.0.202411081344/tools/bin/../lib/gcc/arm-none-eabi/13.3.1/thumb/v7e-m+fp/hard\libgcc.a(_aeabi_ldivmod.o)
                0x08000de4                __aeabi_ldivmod
 .text          0x08000e84       0x30 C:/ST/STM32CubeIDE_1.18.0/STM32CubeIDE/plugins/com.st.stm32cube.ide.mcu.externaltools.gnu-tools-for-stm32.13.3.rel1.win32_1.0.0.202411081344/tools/bin/../lib/gcc/arm-none-eabi/13.3.1/thumb/v7e-m+fp/hard\libgcc.a(_aeabi_uldivmod.o)
                0x08000e84                __aeabi_uldivmod
 .text          0x08000eb4      0x2f8 C:/ST/STM32CubeIDE_1.18.0/STM32CubeIDE/plugins/com.st.stm32cube.ide.mcu.externaltools.gnu-tools-for-stm32.13.3.rel1.win32_1.0.0.202411081344/tools/bin/../lib/gcc/arm-none-eabi/13.3.1/thumb/v7e-m+fp/hard\libgcc.a(_udivmoddi4.o)
                0x08000eb4                __udivmoddi4
 .text          0x080011ac        0x4 C:/ST/STM32CubeIDE_1.18.0/STM32CubeIDE/plugins/com.st.stm32cube.ide.mcu.externaltools.gnu-tools-for-stm32.13.3.rel1.win32_1.0.0.202411081344/tools/bin/../lib/gcc/arm-none-eabi/13.3.1/thumb/v7e-m+fp/hard\libgcc.a(_dvmd_tls.o)
                0x080011ac                __aeabi_idiv0
                0x080011ac                __aeabi_ldiv0
 *(.text*)
 .text.LL_SYSTICK_IsActiveCounterFlag
                0x080011b0       0x28 ./BSP/Delay/delay.o
 .text.delay_us
                0x080011d8       0x48 ./BSP/Delay/delay.o
                0x080011d8                delay_us
 .text.LL_I2C_IsActiveFlag_TXE
                0x08001220       0x26 ./BSP/I2C/i2c.o
 .text.LL_I2C_IsActiveFlag_RXNE
                0x08001246       0x26 ./BSP/I2C/i2c.o
 .text.LL_I2C_IsActiveFlag_SB
                0x0800126c       0x26 ./BSP/I2C/i2c.o
 .text.LL_I2C_IsActiveFlag_ADDR
                0x08001292       0x26 ./BSP/I2C/i2c.o
 .text.LL_I2C_IsActiveFlag_BUSY
                0x080012b8       0x26 ./BSP/I2C/i2c.o
 .text.LL_I2C_ClearFlag_ADDR
                0x080012de       0x24 ./BSP/I2C/i2c.o
 .text.LL_I2C_AcknowledgeNextData
                0x08001302       0x26 ./BSP/I2C/i2c.o
 .text.LL_I2C_GenerateStartCondition
                0x08001328       0x20 ./BSP/I2C/i2c.o
 .text.LL_I2C_GenerateStopCondition
                0x08001348       0x20 ./BSP/I2C/i2c.o
 .text.LL_I2C_ReceiveData8
                0x08001368       0x1a ./BSP/I2C/i2c.o
 .text.LL_I2C_TransmitData8
                0x08001382       0x28 ./BSP/I2C/i2c.o
 .text.I2C_Write
                0x080013aa      0x120 ./BSP/I2C/i2c.o
                0x080013aa                I2C_Write
 .text.I2C_ReadMulti
                0x080014ca      0x204 ./BSP/I2C/i2c.o
                0x080014ca                I2C_ReadMulti
 .text.LL_I2C_Enable
                0x080016ce       0x20 ./BSP/I2C_Slave/i2c_slave.o
 .text.LL_I2C_Disable
                0x080016ee       0x20 ./BSP/I2C_Slave/i2c_slave.o
 .text.LL_I2C_EnableClockStretching
                0x0800170e       0x20 ./BSP/I2C_Slave/i2c_slave.o
 .text.LL_I2C_DisableGeneralCall
                0x0800172e       0x20 ./BSP/I2C_Slave/i2c_slave.o
 .text.LL_I2C_DisableOwnAddress2
                0x0800174e       0x20 ./BSP/I2C_Slave/i2c_slave.o
 .text.LL_I2C_EnableIT_EVT
                0x0800176e       0x20 ./BSP/I2C_Slave/i2c_slave.o
 .text.LL_I2C_EnableIT_BUF
                0x0800178e       0x20 ./BSP/I2C_Slave/i2c_slave.o
 .text.LL_I2C_DisableIT_BUF
                0x080017ae       0x20 ./BSP/I2C_Slave/i2c_slave.o
 .text.LL_I2C_EnableIT_ERR
                0x080017ce       0x20 ./BSP/I2C_Slave/i2c_slave.o
 .text.LL_I2C_IsActiveFlag_TXE
                0x080017ee       0x26 ./BSP/I2C_Slave/i2c_slave.o
 .text.LL_I2C_IsActiveFlag_RXNE
                0x08001814       0x26 ./BSP/I2C_Slave/i2c_slave.o
 .text.LL_I2C_IsActiveFlag_ADDR
                0x0800183a       0x26 ./BSP/I2C_Slave/i2c_slave.o
 .text.LL_I2C_IsActiveFlag_AF
                0x08001860       0x28 ./BSP/I2C_Slave/i2c_slave.o
 .text.LL_I2C_IsActiveFlag_STOP
                0x08001888       0x26 ./BSP/I2C_Slave/i2c_slave.o
 .text.LL_I2C_IsActiveFlag_BERR
                0x080018ae       0x28 ./BSP/I2C_Slave/i2c_slave.o
 .text.LL_I2C_IsActiveFlag_ARLO
                0x080018d6       0x28 ./BSP/I2C_Slave/i2c_slave.o
 .text.LL_I2C_IsActiveFlag_OVR
                0x080018fe       0x28 ./BSP/I2C_Slave/i2c_slave.o
 .text.LL_I2C_ClearFlag_ADDR
                0x08001926       0x24 ./BSP/I2C_Slave/i2c_slave.o
 .text.LL_I2C_ClearFlag_AF
                0x0800194a       0x20 ./BSP/I2C_Slave/i2c_slave.o
 .text.LL_I2C_ClearFlag_STOP
                0x0800196a       0x28 ./BSP/I2C_Slave/i2c_slave.o
 .text.LL_I2C_ClearFlag_BERR
                0x08001992       0x20 ./BSP/I2C_Slave/i2c_slave.o
 .text.LL_I2C_ClearFlag_ARLO
                0x080019b2       0x20 ./BSP/I2C_Slave/i2c_slave.o
 .text.LL_I2C_ClearFlag_OVR
                0x080019d2       0x20 ./BSP/I2C_Slave/i2c_slave.o
 .text.LL_I2C_GetTransferDirection
                0x080019f2       0x1c ./BSP/I2C_Slave/i2c_slave.o
 .text.LL_I2C_ReceiveData8
                0x08001a0e       0x1a ./BSP/I2C_Slave/i2c_slave.o
 .text.LL_I2C_TransmitData8
                0x08001a28       0x28 ./BSP/I2C_Slave/i2c_slave.o
 .text.I2C_ReInit
                0x08001a50       0xa0 ./BSP/I2C_Slave/i2c_slave.o
                0x08001a50                I2C_ReInit
 .text.i2c_slave_clear
                0x08001af0       0x34 ./BSP/I2C_Slave/i2c_slave.o
                0x08001af0                i2c_slave_clear
 .text.i2c_slave_init
                0x08001b24       0x3c ./BSP/I2C_Slave/i2c_slave.o
                0x08001b24                i2c_slave_init
 .text.I2C_event_IRQ
                0x08001b60      0x210 ./BSP/I2C_Slave/i2c_slave.o
                0x08001b60                I2C_event_IRQ
 .text.I2C_error_IRQ
                0x08001d70       0x9c ./BSP/I2C_Slave/i2c_slave.o
                0x08001d70                I2C_error_IRQ
 .text.__NVIC_SetPriority
                0x08001e0c       0x54 ./BSP/SysTick/systick.o
 .text.SysTick_Config
                0x08001e60       0x44 ./BSP/SysTick/systick.o
 .text.systick_timer_start
                0x08001ea4       0x20 ./BSP/SysTick/systick.o
                0x08001ea4                systick_timer_start
 .text.systick_timer_init
                0x08001ec4       0x24 ./BSP/SysTick/systick.o
                0x08001ec4                systick_timer_init
 .text.LL_USART_IsActiveFlag_FE
                0x08001ee8       0x26 ./BSP/UART/uart.o
 .text.LL_USART_IsActiveFlag_NE
                0x08001f0e       0x26 ./BSP/UART/uart.o
 .text.LL_USART_IsActiveFlag_ORE
                0x08001f34       0x26 ./BSP/UART/uart.o
 .text.LL_USART_IsActiveFlag_RXNE
                0x08001f5a       0x26 ./BSP/UART/uart.o
 .text.LL_USART_IsActiveFlag_TXE
                0x08001f80       0x26 ./BSP/UART/uart.o
 .text.LL_USART_ClearFlag_FE
                0x08001fa6       0x24 ./BSP/UART/uart.o
 .text.LL_USART_ClearFlag_NE
                0x08001fca       0x24 ./BSP/UART/uart.o
 .text.LL_USART_ClearFlag_ORE
                0x08001fee       0x24 ./BSP/UART/uart.o
 .text.LL_USART_EnableIT_RXNE
                0x08002012       0x46 ./BSP/UART/uart.o
 .text.LL_USART_EnableIT_TXE
                0x08002058       0x46 ./BSP/UART/uart.o
 .text.LL_USART_DisableIT_RXNE
                0x0800209e       0x46 ./BSP/UART/uart.o
 .text.LL_USART_DisableIT_TXE
                0x080020e4       0x46 ./BSP/UART/uart.o
 .text.LL_USART_IsEnabledIT_RXNE
                0x0800212a       0x26 ./BSP/UART/uart.o
 .text.LL_USART_IsEnabledIT_TXE
                0x08002150       0x26 ./BSP/UART/uart.o
 .text.LL_USART_ReceiveData8
                0x08002176       0x1a ./BSP/UART/uart.o
 .text.LL_USART_TransmitData8
                0x08002190       0x1e ./BSP/UART/uart.o
 *fill*         0x080021ae        0x2 
 .text.get_usart_buffer
                0x080021b0       0x54 ./BSP/UART/uart.o
                0x080021b0                get_usart_buffer
 .text.store_char
                0x08002204       0x56 ./BSP/UART/uart.o
                0x08002204                store_char
 .text.UART_ReadRing
                0x0800225a       0x70 ./BSP/UART/uart.o
                0x0800225a                UART_ReadRing
 .text.UART_WriteRing
                0x080022ca       0x78 ./BSP/UART/uart.o
                0x080022ca                UART_WriteRing
 .text.IsDataAvailable
                0x08002342       0x52 ./BSP/UART/uart.o
                0x08002342                IsDataAvailable
 .text.UART_SendStringRing
                0x08002394       0x2e ./BSP/UART/uart.o
                0x08002394                UART_SendStringRing
 .text.UART_Ring_ISR
                0x080023c2       0xf0 ./BSP/UART/uart.o
                0x080023c2                UART_Ring_ISR
 *fill*         0x080024b2        0x2 
 .text.__NVIC_SystemReset
                0x080024b4       0x2c ./Core/CLI_Terminal/CLI_Command/cli_command.o
 .text.LL_GPIO_SetOutputPin
                0x080024e0       0x1c ./Core/CLI_Terminal/CLI_Command/cli_command.o
 .text.LL_GPIO_ResetOutputPin
                0x080024fc       0x1e ./Core/CLI_Terminal/CLI_Command/cli_command.o
 *fill*         0x0800251a        0x2 
 .text.CLI_Command_Init
                0x0800251c       0x20 ./Core/CLI_Terminal/CLI_Command/cli_command.o
                0x0800251c                CLI_Command_Init
 .text.CLI_Command_CreateTask
                0x0800253c       0x18 ./Core/CLI_Terminal/CLI_Command/cli_command.o
                0x0800253c                CLI_Command_CreateTask
 .text.CLI_Command_Task_Update
                0x08002554       0x44 ./Core/CLI_Terminal/CLI_Command/cli_command.o
 .text.CMD_Clear_CLI
                0x08002598       0x34 ./Core/CLI_Terminal/CLI_Command/cli_command.o
 .text.CMD_Reset
                0x080025cc       0x10 ./Core/CLI_Terminal/CLI_Command/cli_command.o
 .text.CMD_NTC_Get_Temp
                0x080025dc      0x14c ./Core/CLI_Terminal/CLI_Command/cli_command.o
 .text.CMD_PWR_5V_Set
                0x08002728       0x74 ./Core/CLI_Terminal/CLI_Command/cli_command.o
 .text.CMD_PWR_5V_Get
                0x0800279c       0x48 ./Core/CLI_Terminal/CLI_Command/cli_command.o
 .text.CMD_TEC_Init
                0x080027e4      0x150 ./Core/CLI_Terminal/CLI_Command/cli_command.o
 .text.CMD_TEC_Set_Volt
                0x08002934      0x130 ./Core/CLI_Terminal/CLI_Command/cli_command.o
 .text.CMD_TEC_Get_Volt
                0x08002a64      0x12c ./Core/CLI_Terminal/CLI_Command/cli_command.o
 .text.CMD_TEC_Set_Dir
                0x08002b90      0x124 ./Core/CLI_Terminal/CLI_Command/cli_command.o
 .text.CMD_TEC_Get_Dir
                0x08002cb4      0x144 ./Core/CLI_Terminal/CLI_Command/cli_command.o
 .text.CMD_HTR_Set_Duty
                0x08002df8      0x100 ./Core/CLI_Terminal/CLI_Command/cli_command.o
 .text.CMD_HTR_Get_Duty
                0x08002ef8       0xe0 ./Core/CLI_Terminal/CLI_Command/cli_command.o
 .text.CMD_Ref_Set_Temp
                0x08002fd8       0x7c ./Core/CLI_Terminal/CLI_Command/cli_command.o
 .text.CMD_Ref_Get_Temp
                0x08003054       0x6c ./Core/CLI_Terminal/CLI_Command/cli_command.o
 .text.CMD_Ref_Set_NTC
                0x080030c0       0x5c ./Core/CLI_Terminal/CLI_Command/cli_command.o
 .text.CMD_Ref_Get_NTC
                0x0800311c       0x50 ./Core/CLI_Terminal/CLI_Command/cli_command.o
 .text.CMD_TEC_Set_Auto
                0x0800316c      0x124 ./Core/CLI_Terminal/CLI_Command/cli_command.o
 .text.CMD_TEC_Get_Auto
                0x08003290      0x110 ./Core/CLI_Terminal/CLI_Command/cli_command.o
 .text.CMD_HTR_Set_Auto
                0x080033a0       0xe0 ./Core/CLI_Terminal/CLI_Command/cli_command.o
 .text.CMD_HTR_Get_Auto
                0x08003480      0x110 ./Core/CLI_Terminal/CLI_Command/cli_command.o
 .text.CMD_Temp_Set_Auto
                0x08003590       0x68 ./Core/CLI_Terminal/CLI_Command/cli_command.o
 .text.CMD_Temp_Get_Auto
                0x080035f8       0x50 ./Core/CLI_Terminal/CLI_Command/cli_command.o
 .text.CMD_LSMSens_Get
                0x08003648      0x100 ./Core/CLI_Terminal/CLI_Command/cli_command.o
 .text.CMD_H3LSens_Get
                0x08003748       0x80 ./Core/CLI_Terminal/CLI_Command/cli_command.o
 .text.CMD_BMESens_Get
                0x080037c8      0x118 ./Core/CLI_Terminal/CLI_Command/cli_command.o
 .text.CMD_H250Sens_Get
                0x080038e0       0x70 ./Core/CLI_Terminal/CLI_Command/cli_command.o
 .text.CMD_K33Sens_Get
                0x08003950      0x198 ./Core/CLI_Terminal/CLI_Command/cli_command.o
 .text.getCliStaticBindings
                0x08003ae8       0x14 ./Core/CLI_Terminal/CLI_Command/cli_command.o
                0x08003ae8                getCliStaticBindings
 .text.getCliStaticBindingCount
                0x08003afc       0x10 ./Core/CLI_Terminal/CLI_Command/cli_command.o
                0x08003afc                getCliStaticBindingCount
 .text.writeCharTocli_EXPConsole
                0x08003b0c       0x28 ./Core/CLI_Terminal/CLI_Setup/cli_setup.o
 .text.SystemCLI_Init
                0x08003b34       0x98 ./Core/CLI_Terminal/CLI_Setup/cli_setup.o
                0x08003b34                SystemCLI_Init
 .text.get_EXPConsole_CliPointer
                0x08003bcc       0x18 ./Core/CLI_Terminal/CLI_Setup/cli_setup.o
                0x08003bcc                get_EXPConsole_CliPointer
 .text.embeddedCliDefaultConfig
                0x08003be4       0x54 ./Core/CLI_Terminal/CLI_Src/embedded_cli.o
                0x08003be4                embeddedCliDefaultConfig
 .text.embeddedCliRequiredSize
                0x08003c38       0x62 ./Core/CLI_Terminal/CLI_Src/embedded_cli.o
                0x08003c38                embeddedCliRequiredSize
 .text.embeddedCliNew
                0x08003c9a      0x11e ./Core/CLI_Terminal/CLI_Src/embedded_cli.o
                0x08003c9a                embeddedCliNew
 .text.embeddedCliReceiveChar
                0x08003db8       0x46 ./Core/CLI_Terminal/CLI_Src/embedded_cli.o
                0x08003db8                embeddedCliReceiveChar
 .text.embeddedCliProcess
                0x08003dfe      0x120 ./Core/CLI_Terminal/CLI_Src/embedded_cli.o
                0x08003dfe                embeddedCliProcess
 *fill*         0x08003f1e        0x2 
 .text.embeddedCliPrint
                0x08003f20       0x9c ./Core/CLI_Terminal/CLI_Src/embedded_cli.o
                0x08003f20                embeddedCliPrint
 .text.embeddedCliTokenizeArgs
                0x08003fbc       0xe8 ./Core/CLI_Terminal/CLI_Src/embedded_cli.o
                0x08003fbc                embeddedCliTokenizeArgs
 .text.embeddedCliGetToken
                0x080040a4       0x36 ./Core/CLI_Terminal/CLI_Src/embedded_cli.o
                0x080040a4                embeddedCliGetToken
 .text.embeddedCliGetTokenVariable
                0x080040da       0x36 ./Core/CLI_Terminal/CLI_Src/embedded_cli.o
                0x080040da                embeddedCliGetTokenVariable
 .text.embeddedCliGetTokenCount
                0x08004110       0x5a ./Core/CLI_Terminal/CLI_Src/embedded_cli.o
                0x08004110                embeddedCliGetTokenCount
 *fill*         0x0800416a        0x2 
 .text.navigateHistory
                0x0800416c       0xe8 ./Core/CLI_Terminal/CLI_Src/embedded_cli.o
 .text.onEscapedInput
                0x08004254       0xbc ./Core/CLI_Terminal/CLI_Src/embedded_cli.o
 .text.onCharInput
                0x08004310       0xa4 ./Core/CLI_Terminal/CLI_Src/embedded_cli.o
 .text.onControlInput
                0x080043b4      0x128 ./Core/CLI_Terminal/CLI_Src/embedded_cli.o
 .text.parseCommand
                0x080044dc      0x254 ./Core/CLI_Terminal/CLI_Src/embedded_cli.o
 .text.printBindingHelp
                0x08004730       0x40 ./Core/CLI_Terminal/CLI_Src/embedded_cli.o
 .text.getAutocompletedCommand
                0x08004770      0x17a ./Core/CLI_Terminal/CLI_Src/embedded_cli.o
 *fill*         0x080048ea        0x2 
 .text.printLiveAutocompletion
                0x080048ec       0xc4 ./Core/CLI_Terminal/CLI_Src/embedded_cli.o
 .text.onAutocompleteRequest
                0x080049b0      0x124 ./Core/CLI_Terminal/CLI_Src/embedded_cli.o
 .text.clearCurrentLine
                0x08004ad4       0x6a ./Core/CLI_Terminal/CLI_Src/embedded_cli.o
 .text.writeToOutput
                0x08004b3e       0x42 ./Core/CLI_Terminal/CLI_Src/embedded_cli.o
 .text.moveCursor
                0x08004b80       0x6c ./Core/CLI_Terminal/CLI_Src/embedded_cli.o
 .text.isControlChar
                0x08004bec       0x40 ./Core/CLI_Terminal/CLI_Src/embedded_cli.o
 .text.isDisplayableChar
                0x08004c2c       0x2e ./Core/CLI_Terminal/CLI_Src/embedded_cli.o
 .text.fifoBufAvailable
                0x08004c5a       0x42 ./Core/CLI_Terminal/CLI_Src/embedded_cli.o
 .text.fifoBufPop
                0x08004c9c       0x50 ./Core/CLI_Terminal/CLI_Src/embedded_cli.o
 .text.fifoBufPush
                0x08004cec       0x54 ./Core/CLI_Terminal/CLI_Src/embedded_cli.o
 .text.historyPut
                0x08004d40       0xc8 ./Core/CLI_Terminal/CLI_Src/embedded_cli.o
 .text.historyGet
                0x08004e08       0x38 ./Core/CLI_Terminal/CLI_Src/embedded_cli.o
 .text.historyRemove
                0x08004e40       0xba ./Core/CLI_Terminal/CLI_Src/embedded_cli.o
 .text.getTokenPosition
                0x08004efa       0x7c ./Core/CLI_Terminal/CLI_Src/embedded_cli.o
 .text.findCategoryIndex
                0x08004f76       0x48 ./Core/CLI_Terminal/CLI_Src/embedded_cli.o
 *fill*         0x08004fbe        0x2 
 .text.printAlignedColumn
                0x08004fc0       0x4c ./Core/CLI_Terminal/CLI_Src/embedded_cli.o
 .text.CMD_Help
                0x0800500c      0x3cc ./Core/CLI_Terminal/CLI_Src/embedded_cli.o
                0x0800500c                CMD_Help
 .text.onUnknownCommand
                0x080053d8       0x44 ./Core/CLI_Terminal/CLI_Src/embedded_cli.o
 .text.SoftTime_Task_Update
                0x0800541c      0x184 ./Core/DateTime/date_time.o
                0x0800541c                SoftTime_Task_Update
 .text.SoftTime_CreateTask
                0x080055a0       0x5c ./Core/DateTime/date_time.o
                0x080055a0                SoftTime_CreateTask
 .text.LL_GPIO_SetOutputPin
                0x080055fc       0x1c ./Core/Devices/MB85RS2MT/mb85rs2mt.o
 .text.MB85RS2MT_Deselect
                0x08005618       0x20 ./Core/Devices/MB85RS2MT/mb85rs2mt.o
 .text.MB85RS2MT_Init
                0x08005638       0x16 ./Core/Devices/MB85RS2MT/mb85rs2mt.o
                0x08005638                MB85RS2MT_Init
 .text.LL_GPIO_SetOutputPin
                0x0800564e       0x1c ./Core/LED/Status_LED/status_led.o
 .text.LL_GPIO_ResetOutputPin
                0x0800566a       0x1e ./Core/LED/Status_LED/status_led.o
 .text.LED_Status_Init
                0x08005688       0x34 ./Core/LED/Status_LED/status_led.o
                0x08005688                LED_Status_Init
 .text.status_led_update
                0x080056bc       0x3c ./Core/LED/Status_LED/status_led.o
                0x080056bc                status_led_update
 .text.status_led_powerup
                0x080056f8       0x90 ./Core/LED/Status_LED/status_led.o
 .text.status_led_normal
                0x08005788       0x44 ./Core/LED/Status_LED/status_led.o
 .text.status_led_error
                0x080057cc       0x8c ./Core/LED/Status_LED/status_led.o
 .text.status_led_led_green_on
                0x08005858       0x18 ./Core/LED/Status_LED/status_led.o
 .text.status_led_led_green_off
                0x08005870       0x18 ./Core/LED/Status_LED/status_led.o
 .text.status_led_led_blue_on
                0x08005888       0x18 ./Core/LED/Status_LED/status_led.o
 .text.status_led_led_blue_off
                0x080058a0       0x18 ./Core/LED/Status_LED/status_led.o
 .text.LED_Status_CreateTask
                0x080058b8       0x18 ./Core/LED/Status_LED/status_led.o
                0x080058b8                LED_Status_CreateTask
 .text.BME280_Write
                0x080058d0       0x34 ./Core/Sensor_I2C/BME280/bme280.o
                0x080058d0                BME280_Write
 .text.BME280_Read
                0x08005904       0x3c ./Core/Sensor_I2C/BME280/bme280.o
                0x08005904                BME280_Read
 .text.BME280_Init
                0x08005940       0x50 ./Core/Sensor_I2C/BME280/bme280.o
                0x08005940                BME280_Init
 .text.BME280_Read_ID
                0x08005990       0x24 ./Core/Sensor_I2C/BME280/bme280.o
                0x08005990                BME280_Read_ID
 .text.BME280_Read_CalibrationData
                0x080059b4      0x17c ./Core/Sensor_I2C/BME280/bme280.o
                0x080059b4                BME280_Read_CalibrationData
 .text.BME280_Read_RawData
                0x08005b30       0x62 ./Core/Sensor_I2C/BME280/bme280.o
                0x08005b30                BME280_Read_RawData
 *fill*         0x08005b92        0x2 
 .text.BME280_Compensate_Temperature
                0x08005b94       0x98 ./Core/Sensor_I2C/BME280/bme280.o
                0x08005b94                BME280_Compensate_Temperature
 .text.BME280_Compensate_Pressure
                0x08005c2c      0x58c ./Core/Sensor_I2C/BME280/bme280.o
                0x08005c2c                BME280_Compensate_Pressure
 .text.BME280_Compensate_Humidity
                0x080061b8       0xe0 ./Core/Sensor_I2C/BME280/bme280.o
                0x080061b8                BME280_Compensate_Humidity
 .text.BME280_Convert_Raw_To_Physical
                0x08006298       0x52 ./Core/Sensor_I2C/BME280/bme280.o
                0x08006298                BME280_Convert_Raw_To_Physical
 *fill*         0x080062ea        0x2 
 .text.BME280_Read_Data
                0x080062ec       0x38 ./Core/Sensor_I2C/BME280/bme280.o
                0x080062ec                BME280_Read_Data
 .text.H250_I2C_Read
                0x08006324       0x3c ./Core/Sensor_I2C/H250/h250.o
                0x08006324                H250_I2C_Read
 .text.H250_I2C_Read_Data
                0x08006360       0x3c ./Core/Sensor_I2C/H250/h250.o
                0x08006360                H250_I2C_Read_Data
 .text.H3LIS331DL_Write
                0x0800639c       0x34 ./Core/Sensor_I2C/H3LIS331DL/h3lis331dl.o
                0x0800639c                H3LIS331DL_Write
 .text.H3LIS331DL_Read
                0x080063d0       0x3c ./Core/Sensor_I2C/H3LIS331DL/h3lis331dl.o
                0x080063d0                H3LIS331DL_Read
 .text.H3LIS331DL_Init
                0x0800640c       0x40 ./Core/Sensor_I2C/H3LIS331DL/h3lis331dl.o
                0x0800640c                H3LIS331DL_Init
 .text.H3LIS331DL_Read_ID
                0x0800644c       0x24 ./Core/Sensor_I2C/H3LIS331DL/h3lis331dl.o
                0x0800644c                H3LIS331DL_Read_ID
 .text.H3LIS331DL_Read_RawData
                0x08006470       0x64 ./Core/Sensor_I2C/H3LIS331DL/h3lis331dl.o
                0x08006470                H3LIS331DL_Read_RawData
 .text.H3LIS331DL_Get_Accel
                0x080064d4       0x84 ./Core/Sensor_I2C/H3LIS331DL/h3lis331dl.o
                0x080064d4                H3LIS331DL_Get_Accel
 .text.LL_I2C_IsActiveFlag_TXE
                0x08006558       0x26 ./Core/Sensor_I2C/K33/k33.o
 .text.LL_I2C_IsActiveFlag_RXNE
                0x0800657e       0x26 ./Core/Sensor_I2C/K33/k33.o
 .text.LL_I2C_IsActiveFlag_SB
                0x080065a4       0x26 ./Core/Sensor_I2C/K33/k33.o
 .text.LL_I2C_IsActiveFlag_ADDR
                0x080065ca       0x26 ./Core/Sensor_I2C/K33/k33.o
 .text.LL_I2C_IsActiveFlag_BUSY
                0x080065f0       0x26 ./Core/Sensor_I2C/K33/k33.o
 .text.LL_I2C_ClearFlag_ADDR
                0x08006616       0x24 ./Core/Sensor_I2C/K33/k33.o
 .text.LL_I2C_AcknowledgeNextData
                0x0800663a       0x26 ./Core/Sensor_I2C/K33/k33.o
 .text.LL_I2C_GenerateStartCondition
                0x08006660       0x20 ./Core/Sensor_I2C/K33/k33.o
 .text.LL_I2C_GenerateStopCondition
                0x08006680       0x20 ./Core/Sensor_I2C/K33/k33.o
 .text.LL_I2C_ReceiveData8
                0x080066a0       0x1a ./Core/Sensor_I2C/K33/k33.o
 .text.LL_I2C_TransmitData8
                0x080066ba       0x28 ./Core/Sensor_I2C/K33/k33.o
 .text.CheckSum
                0x080066e2       0x3c ./Core/Sensor_I2C/K33/k33.o
                0x080066e2                CheckSum
 *fill*         0x0800671e        0x2 
 .text.K33_I2C_Read_RAM
                0x08006720      0x298 ./Core/Sensor_I2C/K33/k33.o
                0x08006720                K33_I2C_Read_RAM
 .text.K33_Read_Data
                0x080069b8       0xc0 ./Core/Sensor_I2C/K33/k33.o
                0x080069b8                K33_Read_Data
 .text.LSM6DSOX_Write
                0x08006a78       0x34 ./Core/Sensor_I2C/LSM6DSOX/lsm6dsox.o
                0x08006a78                LSM6DSOX_Write
 .text.LSM6DSOX_Read
                0x08006aac       0x3c ./Core/Sensor_I2C/LSM6DSOX/lsm6dsox.o
                0x08006aac                LSM6DSOX_Read
 .text.LSM6DSOX_Init
                0x08006ae8       0x40 ./Core/Sensor_I2C/LSM6DSOX/lsm6dsox.o
                0x08006ae8                LSM6DSOX_Init
 .text.LSM6DSOX_Read_ID
                0x08006b28       0x24 ./Core/Sensor_I2C/LSM6DSOX/lsm6dsox.o
                0x08006b28                LSM6DSOX_Read_ID
 .text.LSM6DSOX_Read_Data
                0x08006b4c      0x17c ./Core/Sensor_I2C/LSM6DSOX/lsm6dsox.o
                0x08006b4c                LSM6DSOX_Read_Data
 .text.LL_GPIO_SetOutputPin
                0x08006cc8       0x1c ./Core/Sensor_I2C/sensor_i2c.o
 .text.Sensor_I2C_Init
                0x08006ce4       0x78 ./Core/Sensor_I2C/sensor_i2c.o
                0x08006ce4                Sensor_I2C_Init
 .text.__NVIC_GetPriorityGrouping
                0x08006d5c       0x1c ./Core/Src/main.o
 .text.__NVIC_EnableIRQ
                0x08006d78       0x3c ./Core/Src/main.o
 .text.__NVIC_SetPriority
                0x08006db4       0x54 ./Core/Src/main.o
 .text.NVIC_EncodePriority
                0x08006e08       0x66 ./Core/Src/main.o
 .text.LL_ADC_REG_SetSequencerRanks
                0x08006e6e       0x7a ./Core/Src/main.o
 .text.LL_ADC_REG_SetFlagEndOfConversion
                0x08006ee8       0x26 ./Core/Src/main.o
 .text.LL_ADC_SetChannelSamplingTime
                0x08006f0e       0xc2 ./Core/Src/main.o
 .text.LL_DMA_SetDataTransferDirection
                0x08006fd0       0x48 ./Core/Src/main.o
 .text.LL_DMA_SetMode
                0x08007018       0x48 ./Core/Src/main.o
 .text.LL_DMA_SetPeriphIncMode
                0x08007060       0x48 ./Core/Src/main.o
 .text.LL_DMA_SetMemoryIncMode
                0x080070a8       0x48 ./Core/Src/main.o
 .text.LL_DMA_SetPeriphSize
                0x080070f0       0x48 ./Core/Src/main.o
 .text.LL_DMA_SetMemorySize
                0x08007138       0x48 ./Core/Src/main.o
 .text.LL_DMA_SetStreamPriorityLevel
                0x08007180       0x48 ./Core/Src/main.o
 .text.LL_DMA_SetChannelSelection
                0x080071c8       0x48 ./Core/Src/main.o
 .text.LL_DMA_DisableFifoMode
                0x08007210       0x40 ./Core/Src/main.o
 .text.LL_I2C_Enable
                0x08007250       0x20 ./Core/Src/main.o
 .text.LL_I2C_EnableClockStretching
                0x08007270       0x20 ./Core/Src/main.o
 .text.LL_I2C_DisableGeneralCall
                0x08007290       0x20 ./Core/Src/main.o
 .text.LL_I2C_SetOwnAddress2
                0x080072b0       0x26 ./Core/Src/main.o
 .text.LL_I2C_DisableOwnAddress2
                0x080072d6       0x20 ./Core/Src/main.o
 .text.LL_I2C_EnableIT_EVT
                0x080072f6       0x20 ./Core/Src/main.o
 *fill*         0x08007316        0x2 
 .text.LL_RCC_HSE_Enable
                0x08007318       0x20 ./Core/Src/main.o
 .text.LL_RCC_HSE_IsReady
                0x08007338       0x28 ./Core/Src/main.o
 .text.LL_RCC_SetSysClkSource
                0x08007360       0x28 ./Core/Src/main.o
 .text.LL_RCC_GetSysClkSource
                0x08007388       0x1c ./Core/Src/main.o
 .text.LL_RCC_SetAHBPrescaler
                0x080073a4       0x28 ./Core/Src/main.o
 .text.LL_RCC_SetAPB1Prescaler
                0x080073cc       0x28 ./Core/Src/main.o
 .text.LL_RCC_SetAPB2Prescaler
                0x080073f4       0x28 ./Core/Src/main.o
 .text.LL_RCC_PLL_Enable
                0x0800741c       0x20 ./Core/Src/main.o
 .text.LL_RCC_PLL_IsReady
                0x0800743c       0x28 ./Core/Src/main.o
 .text.LL_RCC_PLL_ConfigDomain_SYS
                0x08007464       0x4c ./Core/Src/main.o
 .text.LL_AHB1_GRP1_EnableClock
                0x080074b0       0x30 ./Core/Src/main.o
 .text.LL_APB1_GRP1_EnableClock
                0x080074e0       0x30 ./Core/Src/main.o
 .text.LL_APB2_GRP1_EnableClock
                0x08007510       0x30 ./Core/Src/main.o
 .text.LL_FLASH_SetLatency
                0x08007540       0x28 ./Core/Src/main.o
 .text.LL_FLASH_GetLatency
                0x08007568       0x1c ./Core/Src/main.o
 .text.LL_PWR_SetRegulVoltageScaling
                0x08007584       0x28 ./Core/Src/main.o
 .text.LL_PWR_IsActiveFlag_VOS
                0x080075ac       0x28 ./Core/Src/main.o
 .text.LL_SPI_Enable
                0x080075d4       0x20 ./Core/Src/main.o
 .text.LL_SPI_SetStandard
                0x080075f4       0x26 ./Core/Src/main.o
 .text.LL_TIM_DisableARRPreload
                0x0800761a       0x20 ./Core/Src/main.o
 *fill*         0x0800763a        0x2 
 .text.LL_TIM_OC_DisableFast
                0x0800763c       0x8c ./Core/Src/main.o
 .text.LL_TIM_OC_EnablePreload
                0x080076c8       0x88 ./Core/Src/main.o
 .text.LL_TIM_SetClockSource
                0x08007750       0x2a ./Core/Src/main.o
 .text.LL_TIM_SetTriggerOutput
                0x0800777a       0x26 ./Core/Src/main.o
 .text.LL_TIM_DisableMasterSlaveMode
                0x080077a0       0x20 ./Core/Src/main.o
 .text.LL_USART_Enable
                0x080077c0       0x20 ./Core/Src/main.o
 .text.LL_USART_ConfigAsyncMode
                0x080077e0       0x2c ./Core/Src/main.o
 .text.LL_GPIO_SetOutputPin
                0x0800780c       0x1c ./Core/Src/main.o
 .text.LL_GPIO_ResetOutputPin
                0x08007828       0x1e ./Core/Src/main.o
 *fill*         0x08007846        0x2 
 .text.main     0x08007848       0x8c ./Core/Src/main.o
                0x08007848                main
 .text.SystemClock_Config
                0x080078d4       0x9c ./Core/Src/main.o
                0x080078d4                SystemClock_Config
 .text.MX_ADC1_Init
                0x08007970      0x244 ./Core/Src/main.o
 .text.MX_I2C1_Init
                0x08007bb4       0xb0 ./Core/Src/main.o
 .text.MX_I2C2_Init
                0x08007c64       0xfc ./Core/Src/main.o
 .text.MX_SPI1_Init
                0x08007d60       0xac ./Core/Src/main.o
 .text.MX_SPI2_Init
                0x08007e0c       0xac ./Core/Src/main.o
 .text.MX_SPI3_Init
                0x08007eb8       0xac ./Core/Src/main.o
 .text.MX_TIM1_Init
                0x08007f64      0x130 ./Core/Src/main.o
 .text.MX_TIM3_Init
                0x08008094       0x60 ./Core/Src/main.o
 .text.MX_TIM4_Init
                0x080080f4       0xf4 ./Core/Src/main.o
 .text.MX_USART1_UART_Init
                0x080081e8       0xc0 ./Core/Src/main.o
 .text.MX_USART2_UART_Init
                0x080082a8       0xc0 ./Core/Src/main.o
 .text.MX_USART6_UART_Init
                0x08008368       0xc0 ./Core/Src/main.o
 .text.MX_DMA_Init
                0x08008428       0x30 ./Core/Src/main.o
 .text.MX_GPIO_Init
                0x08008458      0x1d4 ./Core/Src/main.o
 .text.Error_Handler
                0x0800862c        0xc ./Core/Src/main.o
                0x0800862c                Error_Handler
 .text.HAL_MspInit
                0x08008638       0x50 ./Core/Src/stm32f4xx_hal_msp.o
                0x08008638                HAL_MspInit
 .text.HAL_TIM_OC_MspInit
                0x08008688       0x44 ./Core/Src/stm32f4xx_hal_msp.o
                0x08008688                HAL_TIM_OC_MspInit
 .text.HAL_TIM_MspPostInit
                0x080086cc       0x74 ./Core/Src/stm32f4xx_hal_msp.o
                0x080086cc                HAL_TIM_MspPostInit
 .text.NMI_Handler
                0x08008740        0x8 ./Core/Src/stm32f4xx_it.o
                0x08008740                NMI_Handler
 .text.HardFault_Handler
                0x08008748        0x8 ./Core/Src/stm32f4xx_it.o
                0x08008748                HardFault_Handler
 .text.MemManage_Handler
                0x08008750        0x8 ./Core/Src/stm32f4xx_it.o
                0x08008750                MemManage_Handler
 .text.BusFault_Handler
                0x08008758        0x8 ./Core/Src/stm32f4xx_it.o
                0x08008758                BusFault_Handler
 .text.UsageFault_Handler
                0x08008760        0x8 ./Core/Src/stm32f4xx_it.o
                0x08008760                UsageFault_Handler
 .text.SVC_Handler
                0x08008768        0xe ./Core/Src/stm32f4xx_it.o
                0x08008768                SVC_Handler
 .text.DebugMon_Handler
                0x08008776        0xe ./Core/Src/stm32f4xx_it.o
                0x08008776                DebugMon_Handler
 .text.PendSV_Handler
                0x08008784        0xe ./Core/Src/stm32f4xx_it.o
                0x08008784                PendSV_Handler
 *fill*         0x08008792        0x2 
 .text.SysTick_Handler
                0x08008794       0x58 ./Core/Src/stm32f4xx_it.o
                0x08008794                SysTick_Handler
 .text.I2C2_EV_IRQHandler
                0x080087ec        0xc ./Core/Src/stm32f4xx_it.o
                0x080087ec                I2C2_EV_IRQHandler
 .text.I2C2_ER_IRQHandler
                0x080087f8        0xc ./Core/Src/stm32f4xx_it.o
                0x080087f8                I2C2_ER_IRQHandler
 .text.USART1_IRQHandler
                0x08008804       0x14 ./Core/Src/stm32f4xx_it.o
                0x08008804                USART1_IRQHandler
 .text.USART2_IRQHandler
                0x08008818        0xe ./Core/Src/stm32f4xx_it.o
                0x08008818                USART2_IRQHandler
 .text.DMA2_Stream0_IRQHandler
                0x08008826        0xe ./Core/Src/stm32f4xx_it.o
                0x08008826                DMA2_Stream0_IRQHandler
 .text.USART6_IRQHandler
                0x08008834       0x14 ./Core/Src/stm32f4xx_it.o
                0x08008834                USART6_IRQHandler
 .text._getpid  0x08008848       0x10 ./Core/Src/syscalls.o
                0x08008848                _getpid
 .text._kill    0x08008858       0x20 ./Core/Src/syscalls.o
                0x08008858                _kill
 .text._exit    0x08008878       0x16 ./Core/Src/syscalls.o
                0x08008878                _exit
 .text._read    0x0800888e       0x3a ./Core/Src/syscalls.o
                0x0800888e                _read
 .text._write   0x080088c8       0x38 ./Core/Src/syscalls.o
                0x080088c8                _write
 .text._close   0x08008900       0x18 ./Core/Src/syscalls.o
                0x08008900                _close
 .text._fstat   0x08008918       0x20 ./Core/Src/syscalls.o
                0x08008918                _fstat
 .text._isatty  0x08008938       0x16 ./Core/Src/syscalls.o
                0x08008938                _isatty
 .text._lseek   0x0800894e       0x1a ./Core/Src/syscalls.o
                0x0800894e                _lseek
 .text._sbrk    0x08008968       0x6c ./Core/Src/sysmem.o
                0x08008968                _sbrk
 .text.SystemInit
                0x080089d4       0x24 ./Core/Src/system_stm32f4xx.o
                0x080089d4                SystemInit
 .text.Reset_Handler
                0x080089f8       0x50 ./Core/Startup/startup_stm32f407vgtx.o
                0x080089f8                Reset_Handler
 .text.Default_Handler
                0x08008a48        0x2 ./Core/Startup/startup_stm32f407vgtx.o
                0x08008a48                RTC_Alarm_IRQHandler
                0x08008a48                HASH_RNG_IRQHandler
                0x08008a48                EXTI2_IRQHandler
                0x08008a48                TIM8_CC_IRQHandler
                0x08008a48                TIM1_CC_IRQHandler
                0x08008a48                DMA2_Stream5_IRQHandler
                0x08008a48                DMA1_Stream5_IRQHandler
                0x08008a48                PVD_IRQHandler
                0x08008a48                SDIO_IRQHandler
                0x08008a48                TAMP_STAMP_IRQHandler
                0x08008a48                CAN2_RX1_IRQHandler
                0x08008a48                EXTI3_IRQHandler
                0x08008a48                TIM8_TRG_COM_TIM14_IRQHandler
                0x08008a48                TIM1_UP_TIM10_IRQHandler
                0x08008a48                TIM8_UP_TIM13_IRQHandler
                0x08008a48                I2C3_ER_IRQHandler
                0x08008a48                EXTI0_IRQHandler
                0x08008a48                DMA1_Stream2_IRQHandler
                0x08008a48                CAN1_RX0_IRQHandler
                0x08008a48                FPU_IRQHandler
                0x08008a48                OTG_HS_WKUP_IRQHandler
                0x08008a48                CAN2_SCE_IRQHandler
                0x08008a48                DMA2_Stream2_IRQHandler
                0x08008a48                SPI1_IRQHandler
                0x08008a48                TIM6_DAC_IRQHandler
                0x08008a48                TIM1_BRK_TIM9_IRQHandler
                0x08008a48                DCMI_IRQHandler
                0x08008a48                CAN2_RX0_IRQHandler
                0x08008a48                DMA2_Stream3_IRQHandler
                0x08008a48                USART3_IRQHandler
                0x08008a48                CAN1_RX1_IRQHandler
                0x08008a48                UART5_IRQHandler
                0x08008a48                TIM4_IRQHandler
                0x08008a48                I2C1_EV_IRQHandler
                0x08008a48                DMA1_Stream6_IRQHandler
                0x08008a48                DMA1_Stream1_IRQHandler
                0x08008a48                UART4_IRQHandler
                0x08008a48                TIM3_IRQHandler
                0x08008a48                RCC_IRQHandler
                0x08008a48                TIM8_BRK_TIM12_IRQHandler
                0x08008a48                Default_Handler
                0x08008a48                EXTI15_10_IRQHandler
                0x08008a48                ADC_IRQHandler
                0x08008a48                DMA1_Stream7_IRQHandler
                0x08008a48                TIM7_IRQHandler
                0x08008a48                CAN2_TX_IRQHandler
                0x08008a48                TIM5_IRQHandler
                0x08008a48                DMA2_Stream7_IRQHandler
                0x08008a48                I2C3_EV_IRQHandler
                0x08008a48                EXTI9_5_IRQHandler
                0x08008a48                RTC_WKUP_IRQHandler
                0x08008a48                ETH_WKUP_IRQHandler
                0x08008a48                SPI2_IRQHandler
                0x08008a48                OTG_HS_EP1_IN_IRQHandler
                0x08008a48                DMA1_Stream0_IRQHandler
                0x08008a48                CAN1_TX_IRQHandler
                0x08008a48                EXTI4_IRQHandler
                0x08008a48                FSMC_IRQHandler
                0x08008a48                ETH_IRQHandler
                0x08008a48                OTG_HS_EP1_OUT_IRQHandler
                0x08008a48                WWDG_IRQHandler
                0x08008a48                TIM2_IRQHandler
                0x08008a48                OTG_FS_WKUP_IRQHandler
                0x08008a48                TIM1_TRG_COM_TIM11_IRQHandler
                0x08008a48                OTG_HS_IRQHandler
                0x08008a48                EXTI1_IRQHandler
                0x08008a48                DMA2_Stream1_IRQHandler
                0x08008a48                CAN1_SCE_IRQHandler
                0x08008a48                FLASH_IRQHandler
                0x08008a48                DMA2_Stream4_IRQHandler
                0x08008a48                OTG_FS_IRQHandler
                0x08008a48                SPI3_IRQHandler
                0x08008a48                DMA1_Stream4_IRQHandler
                0x08008a48                I2C1_ER_IRQHandler
                0x08008a48                DMA2_Stream6_IRQHandler
                0x08008a48                DMA1_Stream3_IRQHandler
 .text.LL_TIM_OC_SetCompareCH1
                0x08008a4a       0x1c ./Core/Temperature/Heater/heater.o
 .text.LL_TIM_OC_SetCompareCH2
                0x08008a66       0x1c ./Core/Temperature/Heater/heater.o
 .text.LL_TIM_OC_SetCompareCH3
                0x08008a82       0x1c ./Core/Temperature/Heater/heater.o
 .text.LL_TIM_OC_SetCompareCH4
                0x08008a9e       0x1c ./Core/Temperature/Heater/heater.o
 *fill*         0x08008aba        0x2 
 .text.heater_set_duty_pwm_channel
                0x08008abc       0x7c ./Core/Temperature/Heater/heater.o
                0x08008abc                heater_set_duty_pwm_channel
 .text.LL_SPI_IsActiveFlag_RXNE
                0x08008b38       0x26 ./Core/Temperature/LT8722/lt8722.o
 .text.LL_SPI_ReceiveData8
                0x08008b5e       0x1c ./Core/Temperature/LT8722/lt8722.o
 .text.LL_SPI_TransmitData8
                0x08008b7a       0x24 ./Core/Temperature/LT8722/lt8722.o
 .text.LL_GPIO_SetOutputPin
                0x08008b9e       0x1c ./Core/Temperature/LT8722/lt8722.o
 .text.LL_GPIO_ResetOutputPin
                0x08008bba       0x1e ./Core/Temperature/LT8722/lt8722.o
 .text.csLOW    0x08008bd8       0x20 ./Core/Temperature/LT8722/lt8722.o
 .text.csHIGH   0x08008bf8       0x20 ./Core/Temperature/LT8722/lt8722.o
 .text.SPI_LL_Transmit
                0x08008c18       0x3c ./Core/Temperature/LT8722/lt8722.o
 .text.SPI_write_and_read_buffer
                0x08008c54       0x5a ./Core/Temperature/LT8722/lt8722.o
                0x08008c54                SPI_write_and_read_buffer
 *fill*         0x08008cae        0x2 
 .text.lt8722_voltage_to_dac
                0x08008cb0       0x4c ./Core/Temperature/LT8722/lt8722.o
                0x08008cb0                lt8722_voltage_to_dac
 .text.lt8722_dac_to_voltage
                0x08008cfc       0x88 ./Core/Temperature/LT8722/lt8722.o
                0x08008cfc                lt8722_dac_to_voltage
 .text.lt8722_transaction
                0x08008d84       0xfe ./Core/Temperature/LT8722/lt8722.o
                0x08008d84                lt8722_transaction
 *fill*         0x08008e82        0x2 
 .text.lt8722_reg_read
                0x08008e84       0x70 ./Core/Temperature/LT8722/lt8722.o
                0x08008e84                lt8722_reg_read
 .text.lt8722_reg_write
                0x08008ef4       0x54 ./Core/Temperature/LT8722/lt8722.o
                0x08008ef4                lt8722_reg_write
 .text.lt8722_reg_write_mask
                0x08008f48       0x4e ./Core/Temperature/LT8722/lt8722.o
                0x08008f48                lt8722_reg_write_mask
 .text.lt8722_set_enable_req
                0x08008f96       0x22 ./Core/Temperature/LT8722/lt8722.o
                0x08008f96                lt8722_set_enable_req
 .text.lt8722_set_swen_req
                0x08008fb8       0x22 ./Core/Temperature/LT8722/lt8722.o
                0x08008fb8                lt8722_set_swen_req
 .text.lt8722_reset
                0x08008fda       0x20 ./Core/Temperature/LT8722/lt8722.o
                0x08008fda                lt8722_reset
 .text.lt8722_clear_faults
                0x08008ffa       0x30 ./Core/Temperature/LT8722/lt8722.o
                0x08008ffa                lt8722_clear_faults
 .text.lt8722_set_dac
                0x0800902a       0x26 ./Core/Temperature/LT8722/lt8722.o
                0x0800902a                lt8722_set_dac
 .text.lt8722_init
                0x08009050      0x190 ./Core/Temperature/LT8722/lt8722.o
                0x08009050                lt8722_init
 .text.lt8722_set_output_voltage_channel
                0x080091e0       0xe0 ./Core/Temperature/LT8722/lt8722.o
                0x080091e0                lt8722_set_output_voltage_channel
 .text.Calculate_CRC8
                0x080092c0       0x78 ./Core/Temperature/LT8722/lt8722.o
                0x080092c0                Calculate_CRC8
 .text.put_unaligned_be32
                0x08009338       0x42 ./Core/Temperature/LT8722/lt8722.o
                0x08009338                put_unaligned_be32
 .text.get_unaligned_be32
                0x0800937a       0x3a ./Core/Temperature/LT8722/lt8722.o
                0x0800937a                get_unaligned_be32
 .text.get_unaligned_be16
                0x080093b4       0x24 ./Core/Temperature/LT8722/lt8722.o
                0x080093b4                get_unaligned_be16
 .text.find_first_set_bit
                0x080093d8       0x3c ./Core/Temperature/LT8722/lt8722.o
                0x080093d8                find_first_set_bit
 .text.field_prep
                0x08009414       0x24 ./Core/Temperature/LT8722/lt8722.o
                0x08009414                field_prep
 .text.LL_ADC_Enable
                0x08009438       0x20 ./Core/Temperature/NTC/ntc.o
 .text.LL_ADC_IsEnabled
                0x08009458       0x26 ./Core/Temperature/NTC/ntc.o
 .text.LL_ADC_REG_StartConversionSWStart
                0x0800947e       0x20 ./Core/Temperature/NTC/ntc.o
 *fill*         0x0800949e        0x2 
 .text.LL_DMA_EnableStream
                0x080094a0       0x40 ./Core/Temperature/NTC/ntc.o
 .text.LL_DMA_SetDataTransferDirection
                0x080094e0       0x48 ./Core/Temperature/NTC/ntc.o
 .text.LL_DMA_SetMode
                0x08009528       0x48 ./Core/Temperature/NTC/ntc.o
 .text.LL_DMA_SetPeriphIncMode
                0x08009570       0x48 ./Core/Temperature/NTC/ntc.o
 .text.LL_DMA_SetMemoryIncMode
                0x080095b8       0x48 ./Core/Temperature/NTC/ntc.o
 .text.LL_DMA_SetPeriphSize
                0x08009600       0x48 ./Core/Temperature/NTC/ntc.o
 .text.LL_DMA_SetMemorySize
                0x08009648       0x48 ./Core/Temperature/NTC/ntc.o
 .text.LL_DMA_SetDataLength
                0x08009690       0x48 ./Core/Temperature/NTC/ntc.o
 .text.LL_DMA_SetChannelSelection
                0x080096d8       0x48 ./Core/Temperature/NTC/ntc.o
 .text.LL_DMA_SetMemoryAddress
                0x08009720       0x30 ./Core/Temperature/NTC/ntc.o
 .text.LL_DMA_SetPeriphAddress
                0x08009750       0x30 ./Core/Temperature/NTC/ntc.o
 .text.NTC_DMA_ADC_Init
                0x08009780       0xa8 ./Core/Temperature/NTC/ntc.o
                0x08009780                NTC_DMA_ADC_Init
 .text.NTC_get_temperature
                0x08009828       0x80 ./Core/Temperature/NTC/ntc.o
                0x08009828                NTC_get_temperature
 .text.temperature_update
                0x080098a8       0xb4 ./Core/Temperature/temperature.o
 .text.temperature_auto_TEC
                0x0800995c      0x14c ./Core/Temperature/temperature.o
                0x0800995c                temperature_auto_TEC
 .text.temperature_auto_HTR
                0x08009aa8       0xec ./Core/Temperature/temperature.o
                0x08009aa8                temperature_auto_HTR
 .text.Temperature_GetSet_CreateTask
                0x08009b94       0x18 ./Core/Temperature/temperature.o
                0x08009b94                Temperature_GetSet_CreateTask
 .text.temperature_set_setpoint
                0x08009bac       0x20 ./Core/Temperature/temperature.o
                0x08009bac                temperature_set_setpoint
 .text.temperature_get_setpoint
                0x08009bcc       0x18 ./Core/Temperature/temperature.o
                0x08009bcc                temperature_get_setpoint
 .text.temperature_set_tec_vol
                0x08009be4       0xc8 ./Core/Temperature/temperature.o
                0x08009be4                temperature_set_tec_vol
 .text.temperature_get_tec_vol_set
                0x08009cac       0x38 ./Core/Temperature/temperature.o
                0x08009cac                temperature_get_tec_vol_set
 .text.temperature_get_tec_vol_adc
                0x08009ce4       0x38 ./Core/Temperature/temperature.o
                0x08009ce4                temperature_get_tec_vol_adc
 .text.temperature_set_heater_duty
                0x08009d1c       0x50 ./Core/Temperature/temperature.o
                0x08009d1c                temperature_set_heater_duty
 .text.temperature_get_heater_duty
                0x08009d6c       0x3c ./Core/Temperature/temperature.o
                0x08009d6c                temperature_get_heater_duty
 .text.temperature_set_tec_dir
                0x08009da8       0x64 ./Core/Temperature/temperature.o
                0x08009da8                temperature_set_tec_dir
 .text.temperature_get_tec_dir
                0x08009e0c       0x64 ./Core/Temperature/temperature.o
                0x08009e0c                temperature_get_tec_dir
 .text.temperature_set_tec_auto
                0x08009e70       0x84 ./Core/Temperature/temperature.o
                0x08009e70                temperature_set_tec_auto
 .text.temperature_get_tec_auto
                0x08009ef4       0x64 ./Core/Temperature/temperature.o
                0x08009ef4                temperature_get_tec_auto
 .text.temperature_set_heater_auto
                0x08009f58       0x88 ./Core/Temperature/temperature.o
                0x08009f58                temperature_set_heater_auto
 .text.temperature_get_heater_auto
                0x08009fe0       0x60 ./Core/Temperature/temperature.o
                0x08009fe0                temperature_get_heater_auto
 .text.temperature_set_ntc_ref
                0x0800a040       0x24 ./Core/Temperature/temperature.o
                0x0800a040                temperature_set_ntc_ref
 .text.temperature_get_ntc_ref
                0x0800a064       0x24 ./Core/Temperature/temperature.o
                0x0800a064                temperature_get_ntc_ref
 .text.temperature_set_auto_ctrl
                0x0800a088       0x24 ./Core/Temperature/temperature.o
                0x0800a088                temperature_set_auto_ctrl
 .text.temperature_get_auto_ctrl
                0x0800a0ac       0x24 ./Core/Temperature/temperature.o
                0x0800a0ac                temperature_get_auto_ctrl
 .text.LL_GPIO_SetOutputPin
                0x0800a0d0       0x1c ./Core/WDog/watchdog.o
 .text.LL_GPIO_ResetOutputPin
                0x0800a0ec       0x1e ./Core/WDog/watchdog.o
 *fill*         0x0800a10a        0x2 
 .text.Ex_Watchdog_Init
                0x0800a10c       0x18 ./Core/WDog/watchdog.o
                0x0800a10c                Ex_Watchdog_Init
 .text.Ex_Watchdog_CreateTask
                0x0800a124       0x18 ./Core/WDog/watchdog.o
                0x0800a124                Ex_Watchdog_CreateTask
 .text.status_wdt_update
                0x0800a13c       0x60 ./Core/WDog/watchdog.o
                0x0800a13c                status_wdt_update
 .text.HAL_Init
                0x0800a19c       0x44 ./Drivers/STM32F4xx_HAL_Driver/Src/stm32f4xx_hal.o
                0x0800a19c                HAL_Init
 .text.HAL_InitTick
                0x0800a1e0       0x60 ./Drivers/STM32F4xx_HAL_Driver/Src/stm32f4xx_hal.o
                0x0800a1e0                HAL_InitTick
 .text.HAL_IncTick
                0x0800a240       0x28 ./Drivers/STM32F4xx_HAL_Driver/Src/stm32f4xx_hal.o
                0x0800a240                HAL_IncTick
 .text.__NVIC_SetPriorityGrouping
                0x0800a268       0x48 ./Drivers/STM32F4xx_HAL_Driver/Src/stm32f4xx_hal_cortex.o
 .text.__NVIC_GetPriorityGrouping
                0x0800a2b0       0x1c ./Drivers/STM32F4xx_HAL_Driver/Src/stm32f4xx_hal_cortex.o
 .text.__NVIC_SetPriority
                0x0800a2cc       0x54 ./Drivers/STM32F4xx_HAL_Driver/Src/stm32f4xx_hal_cortex.o
 .text.NVIC_EncodePriority
                0x0800a320       0x66 ./Drivers/STM32F4xx_HAL_Driver/Src/stm32f4xx_hal_cortex.o
 *fill*         0x0800a386        0x2 
 .text.SysTick_Config
                0x0800a388       0x44 ./Drivers/STM32F4xx_HAL_Driver/Src/stm32f4xx_hal_cortex.o
 .text.HAL_NVIC_SetPriorityGrouping
                0x0800a3cc       0x16 ./Drivers/STM32F4xx_HAL_Driver/Src/stm32f4xx_hal_cortex.o
                0x0800a3cc                HAL_NVIC_SetPriorityGrouping
 .text.HAL_NVIC_SetPriority
                0x0800a3e2       0x38 ./Drivers/STM32F4xx_HAL_Driver/Src/stm32f4xx_hal_cortex.o
                0x0800a3e2                HAL_NVIC_SetPriority
 .text.HAL_SYSTICK_Config
                0x0800a41a       0x18 ./Drivers/STM32F4xx_HAL_Driver/Src/stm32f4xx_hal_cortex.o
                0x0800a41a                HAL_SYSTICK_Config
 *fill*         0x0800a432        0x2 
 .text.HAL_GPIO_Init
                0x0800a434      0x338 ./Drivers/STM32F4xx_HAL_Driver/Src/stm32f4xx_hal_gpio.o
                0x0800a434                HAL_GPIO_Init
 .text.HAL_TIM_OC_Init
                0x0800a76c       0x9e ./Drivers/STM32F4xx_HAL_Driver/Src/stm32f4xx_hal_tim.o
                0x0800a76c                HAL_TIM_OC_Init
 *fill*         0x0800a80a        0x2 
 .text.HAL_TIM_OC_ConfigChannel
                0x0800a80c       0xb8 ./Drivers/STM32F4xx_HAL_Driver/Src/stm32f4xx_hal_tim.o
                0x0800a80c                HAL_TIM_OC_ConfigChannel
 .text.TIM_Base_SetConfig
                0x0800a8c4      0x158 ./Drivers/STM32F4xx_HAL_Driver/Src/stm32f4xx_hal_tim.o
                0x0800a8c4                TIM_Base_SetConfig
 .text.TIM_OC1_SetConfig
                0x0800aa1c       0xe0 ./Drivers/STM32F4xx_HAL_Driver/Src/stm32f4xx_hal_tim.o
 .text.TIM_OC2_SetConfig
                0x0800aafc       0xec ./Drivers/STM32F4xx_HAL_Driver/Src/stm32f4xx_hal_tim.o
                0x0800aafc                TIM_OC2_SetConfig
 .text.TIM_OC3_SetConfig
                0x0800abe8       0xe8 ./Drivers/STM32F4xx_HAL_Driver/Src/stm32f4xx_hal_tim.o
 .text.TIM_OC4_SetConfig
                0x0800acd0       0xac ./Drivers/STM32F4xx_HAL_Driver/Src/stm32f4xx_hal_tim.o
 .text.HAL_TIMEx_MasterConfigSynchronization
                0x0800ad7c       0xf8 ./Drivers/STM32F4xx_HAL_Driver/Src/stm32f4xx_hal_tim_ex.o
                0x0800ad7c                HAL_TIMEx_MasterConfigSynchronization
 .text.LL_ADC_REG_SetSequencerLength
                0x0800ae74       0x26 ./Drivers/STM32F4xx_HAL_Driver/Src/stm32f4xx_ll_adc.o
 .text.LL_ADC_IsEnabled
                0x0800ae9a       0x26 ./Drivers/STM32F4xx_HAL_Driver/Src/stm32f4xx_ll_adc.o
 .text.LL_ADC_CommonInit
                0x0800aec0       0x90 ./Drivers/STM32F4xx_HAL_Driver/Src/stm32f4xx_ll_adc.o
                0x0800aec0                LL_ADC_CommonInit
 .text.LL_ADC_Init
                0x0800af50       0x58 ./Drivers/STM32F4xx_HAL_Driver/Src/stm32f4xx_ll_adc.o
                0x0800af50                LL_ADC_Init
 .text.LL_ADC_REG_Init
                0x0800afa8       0x84 ./Drivers/STM32F4xx_HAL_Driver/Src/stm32f4xx_ll_adc.o
                0x0800afa8                LL_ADC_REG_Init
 .text.LL_GPIO_SetPinMode
                0x0800b02c       0x7a ./Drivers/STM32F4xx_HAL_Driver/Src/stm32f4xx_ll_gpio.o
 .text.LL_GPIO_SetPinOutputType
                0x0800b0a6       0x30 ./Drivers/STM32F4xx_HAL_Driver/Src/stm32f4xx_ll_gpio.o
 .text.LL_GPIO_SetPinSpeed
                0x0800b0d6       0x7a ./Drivers/STM32F4xx_HAL_Driver/Src/stm32f4xx_ll_gpio.o
 .text.LL_GPIO_SetPinPull
                0x0800b150       0x7a ./Drivers/STM32F4xx_HAL_Driver/Src/stm32f4xx_ll_gpio.o
 .text.LL_GPIO_SetAFPin_0_7
                0x0800b1ca       0x7a ./Drivers/STM32F4xx_HAL_Driver/Src/stm32f4xx_ll_gpio.o
 .text.LL_GPIO_SetAFPin_8_15
                0x0800b244       0x7e ./Drivers/STM32F4xx_HAL_Driver/Src/stm32f4xx_ll_gpio.o
 .text.LL_GPIO_Init
                0x0800b2c2      0x102 ./Drivers/STM32F4xx_HAL_Driver/Src/stm32f4xx_ll_gpio.o
                0x0800b2c2                LL_GPIO_Init
 .text.LL_I2C_Enable
                0x0800b3c4       0x20 ./Drivers/STM32F4xx_HAL_Driver/Src/stm32f4xx_ll_i2c.o
 .text.LL_I2C_Disable
                0x0800b3e4       0x20 ./Drivers/STM32F4xx_HAL_Driver/Src/stm32f4xx_ll_i2c.o
 .text.LL_I2C_SetOwnAddress1
                0x0800b404       0x30 ./Drivers/STM32F4xx_HAL_Driver/Src/stm32f4xx_ll_i2c.o
 .text.LL_I2C_ConfigSpeed
                0x0800b434      0x130 ./Drivers/STM32F4xx_HAL_Driver/Src/stm32f4xx_ll_i2c.o
 .text.LL_I2C_SetMode
                0x0800b564       0x26 ./Drivers/STM32F4xx_HAL_Driver/Src/stm32f4xx_ll_i2c.o
 .text.LL_I2C_AcknowledgeNextData
                0x0800b58a       0x26 ./Drivers/STM32F4xx_HAL_Driver/Src/stm32f4xx_ll_i2c.o
 .text.LL_APB1_GRP1_ForceReset
                0x0800b5b0       0x24 ./Drivers/STM32F4xx_HAL_Driver/Src/stm32f4xx_ll_i2c.o
 .text.LL_APB1_GRP1_ReleaseReset
                0x0800b5d4       0x28 ./Drivers/STM32F4xx_HAL_Driver/Src/stm32f4xx_ll_i2c.o
 .text.LL_I2C_DeInit
                0x0800b5fc       0x74 ./Drivers/STM32F4xx_HAL_Driver/Src/stm32f4xx_ll_i2c.o
                0x0800b5fc                LL_I2C_DeInit
 .text.LL_I2C_Init
                0x0800b670       0x62 ./Drivers/STM32F4xx_HAL_Driver/Src/stm32f4xx_ll_i2c.o
                0x0800b670                LL_I2C_Init
 *fill*         0x0800b6d2        0x2 
 .text.LL_RCC_GetSysClkSource
                0x0800b6d4       0x1c ./Drivers/STM32F4xx_HAL_Driver/Src/stm32f4xx_ll_rcc.o
 .text.LL_RCC_GetAHBPrescaler
                0x0800b6f0       0x1c ./Drivers/STM32F4xx_HAL_Driver/Src/stm32f4xx_ll_rcc.o
 .text.LL_RCC_GetAPB1Prescaler
                0x0800b70c       0x1c ./Drivers/STM32F4xx_HAL_Driver/Src/stm32f4xx_ll_rcc.o
 .text.LL_RCC_GetAPB2Prescaler
                0x0800b728       0x1c ./Drivers/STM32F4xx_HAL_Driver/Src/stm32f4xx_ll_rcc.o
 .text.LL_RCC_PLL_GetMainSource
                0x0800b744       0x1c ./Drivers/STM32F4xx_HAL_Driver/Src/stm32f4xx_ll_rcc.o
 .text.LL_RCC_PLL_GetN
                0x0800b760       0x1c ./Drivers/STM32F4xx_HAL_Driver/Src/stm32f4xx_ll_rcc.o
 .text.LL_RCC_PLL_GetP
                0x0800b77c       0x1c ./Drivers/STM32F4xx_HAL_Driver/Src/stm32f4xx_ll_rcc.o
 .text.LL_RCC_PLL_GetDivider
                0x0800b798       0x1c ./Drivers/STM32F4xx_HAL_Driver/Src/stm32f4xx_ll_rcc.o
 .text.LL_RCC_GetSystemClocksFreq
                0x0800b7b4       0x4a ./Drivers/STM32F4xx_HAL_Driver/Src/stm32f4xx_ll_rcc.o
                0x0800b7b4                LL_RCC_GetSystemClocksFreq
 *fill*         0x0800b7fe        0x2 
 .text.RCC_GetSystemClockFreq
                0x0800b800       0x50 ./Drivers/STM32F4xx_HAL_Driver/Src/stm32f4xx_ll_rcc.o
                0x0800b800                RCC_GetSystemClockFreq
 .text.RCC_GetHCLKClockFreq
                0x0800b850       0x2c ./Drivers/STM32F4xx_HAL_Driver/Src/stm32f4xx_ll_rcc.o
                0x0800b850                RCC_GetHCLKClockFreq
 .text.RCC_GetPCLK1ClockFreq
                0x0800b87c       0x28 ./Drivers/STM32F4xx_HAL_Driver/Src/stm32f4xx_ll_rcc.o
                0x0800b87c                RCC_GetPCLK1ClockFreq
 .text.RCC_GetPCLK2ClockFreq
                0x0800b8a4       0x28 ./Drivers/STM32F4xx_HAL_Driver/Src/stm32f4xx_ll_rcc.o
                0x0800b8a4                RCC_GetPCLK2ClockFreq
 .text.RCC_PLL_GetFreqDomain_SYS
                0x0800b8cc       0x7c ./Drivers/STM32F4xx_HAL_Driver/Src/stm32f4xx_ll_rcc.o
                0x0800b8cc                RCC_PLL_GetFreqDomain_SYS
 .text.LL_SPI_IsEnabled
                0x0800b948       0x26 ./Drivers/STM32F4xx_HAL_Driver/Src/stm32f4xx_ll_spi.o
 .text.LL_SPI_SetCRCPolynomial
                0x0800b96e       0x20 ./Drivers/STM32F4xx_HAL_Driver/Src/stm32f4xx_ll_spi.o
 .text.LL_SPI_Init
                0x0800b98e       0xa4 ./Drivers/STM32F4xx_HAL_Driver/Src/stm32f4xx_ll_spi.o
                0x0800b98e                LL_SPI_Init
 .text.LL_TIM_SetPrescaler
                0x0800ba32       0x1c ./Drivers/STM32F4xx_HAL_Driver/Src/stm32f4xx_ll_tim.o
 .text.LL_TIM_SetAutoReload
                0x0800ba4e       0x1c ./Drivers/STM32F4xx_HAL_Driver/Src/stm32f4xx_ll_tim.o
 .text.LL_TIM_SetRepetitionCounter
                0x0800ba6a       0x1c ./Drivers/STM32F4xx_HAL_Driver/Src/stm32f4xx_ll_tim.o
 .text.LL_TIM_OC_SetCompareCH1
                0x0800ba86       0x1c ./Drivers/STM32F4xx_HAL_Driver/Src/stm32f4xx_ll_tim.o
 .text.LL_TIM_OC_SetCompareCH2
                0x0800baa2       0x1c ./Drivers/STM32F4xx_HAL_Driver/Src/stm32f4xx_ll_tim.o
 .text.LL_TIM_OC_SetCompareCH3
                0x0800babe       0x1c ./Drivers/STM32F4xx_HAL_Driver/Src/stm32f4xx_ll_tim.o
 .text.LL_TIM_OC_SetCompareCH4
                0x0800bada       0x1c ./Drivers/STM32F4xx_HAL_Driver/Src/stm32f4xx_ll_tim.o
 .text.LL_TIM_GenerateEvent_UPDATE
                0x0800baf6       0x20 ./Drivers/STM32F4xx_HAL_Driver/Src/stm32f4xx_ll_tim.o
 *fill*         0x0800bb16        0x2 
 .text.LL_TIM_Init
                0x0800bb18      0x134 ./Drivers/STM32F4xx_HAL_Driver/Src/stm32f4xx_ll_tim.o
                0x0800bb18                LL_TIM_Init
 .text.LL_TIM_OC_Init
                0x0800bc4c       0x82 ./Drivers/STM32F4xx_HAL_Driver/Src/stm32f4xx_ll_tim.o
                0x0800bc4c                LL_TIM_OC_Init
 .text.LL_TIM_BDTR_Init
                0x0800bcce       0x84 ./Drivers/STM32F4xx_HAL_Driver/Src/stm32f4xx_ll_tim.o
                0x0800bcce                LL_TIM_BDTR_Init
 *fill*         0x0800bd52        0x2 
 .text.OC1Config
                0x0800bd54       0xd8 ./Drivers/STM32F4xx_HAL_Driver/Src/stm32f4xx_ll_tim.o
 .text.OC2Config
                0x0800be2c       0xe0 ./Drivers/STM32F4xx_HAL_Driver/Src/stm32f4xx_ll_tim.o
 .text.OC3Config
                0x0800bf0c       0xe0 ./Drivers/STM32F4xx_HAL_Driver/Src/stm32f4xx_ll_tim.o
 .text.OC4Config
                0x0800bfec       0xb0 ./Drivers/STM32F4xx_HAL_Driver/Src/stm32f4xx_ll_tim.o
 .text.LL_USART_IsEnabled
                0x0800c09c       0x28 ./Drivers/STM32F4xx_HAL_Driver/Src/stm32f4xx_ll_usart.o
 .text.LL_USART_SetStopBitsLength
                0x0800c0c4       0x26 ./Drivers/STM32F4xx_HAL_Driver/Src/stm32f4xx_ll_usart.o
 .text.LL_USART_SetHWFlowCtrl
                0x0800c0ea       0x26 ./Drivers/STM32F4xx_HAL_Driver/Src/stm32f4xx_ll_usart.o
 .text.LL_USART_SetBaudRate
                0x0800c110      0x45c ./Drivers/STM32F4xx_HAL_Driver/Src/stm32f4xx_ll_usart.o
 .text.LL_USART_Init
                0x0800c56c      0x100 ./Drivers/STM32F4xx_HAL_Driver/Src/stm32f4xx_ll_usart.o
                0x0800c56c                LL_USART_Init
 .text.LL_mDelay
                0x0800c66c       0x4c ./Drivers/STM32F4xx_HAL_Driver/Src/stm32f4xx_ll_utils.o
                0x0800c66c                LL_mDelay
 .text.LL_SetSystemCoreClock
                0x0800c6b8       0x20 ./Drivers/STM32F4xx_HAL_Driver/Src/stm32f4xx_ll_utils.o
                0x0800c6b8                LL_SetSystemCoreClock
 .text.SCH_Initialize
                0x0800c6d8       0x54 ./Scheduler/scheduler.o
                0x0800c6d8                SCH_Initialize
 .text.SCH_TIM_Start
                0x0800c72c       0x2c ./Scheduler/scheduler.o
                0x0800c72c                SCH_TIM_Start
 .text.SCH_TIM_HasCompleted
                0x0800c758       0x2c ./Scheduler/scheduler.o
                0x0800c758                SCH_TIM_HasCompleted
 .text.SCH_TASK_CreateTask
                0x0800c784       0x80 ./Scheduler/scheduler.o
                0x0800c784                SCH_TASK_CreateTask
 .text.SCH_RunSystemTickTimer
                0x0800c804      0x128 ./Scheduler/scheduler.o
                0x0800c804                SCH_RunSystemTickTimer
 .text.SCH_StartSchedular
                0x0800c92c        0xc ./Scheduler/scheduler.o
                0x0800c92c                SCH_StartSchedular
 .text.SCH_HandleScheduledTask
                0x0800c938       0xb4 ./Scheduler/scheduler.o
                0x0800c938                SCH_HandleScheduledTask
 .text.atoi     0x0800c9ec        0x8 C:/ST/STM32CubeIDE_1.18.0/STM32CubeIDE/plugins/com.st.stm32cube.ide.mcu.externaltools.gnu-tools-for-stm32.13.3.rel1.win32_1.0.0.202411081344/tools/bin/../lib/gcc/arm-none-eabi/13.3.1/../../../../arm-none-eabi/lib/thumb/v7e-m+fp/hard\libc_nano.a(libc_a-atoi.o)
                0x0800c9ec                atoi
 .text._strtol_l.isra.0
                0x0800c9f4       0xf4 C:/ST/STM32CubeIDE_1.18.0/STM32CubeIDE/plugins/com.st.stm32cube.ide.mcu.externaltools.gnu-tools-for-stm32.13.3.rel1.win32_1.0.0.202411081344/tools/bin/../lib/gcc/arm-none-eabi/13.3.1/../../../../arm-none-eabi/lib/thumb/v7e-m+fp/hard\libc_nano.a(libc_a-strtol.o)
 .text.strtol   0x0800cae8       0x14 C:/ST/STM32CubeIDE_1.18.0/STM32CubeIDE/plugins/com.st.stm32cube.ide.mcu.externaltools.gnu-tools-for-stm32.13.3.rel1.win32_1.0.0.202411081344/tools/bin/../lib/gcc/arm-none-eabi/13.3.1/../../../../arm-none-eabi/lib/thumb/v7e-m+fp/hard\libc_nano.a(libc_a-strtol.o)
                0x0800cae8                strtol
 .text.__cvt    0x0800cafc       0xca C:/ST/STM32CubeIDE_1.18.0/STM32CubeIDE/plugins/com.st.stm32cube.ide.mcu.externaltools.gnu-tools-for-stm32.13.3.rel1.win32_1.0.0.202411081344/tools/bin/../lib/gcc/arm-none-eabi/13.3.1/../../../../arm-none-eabi/lib/thumb/v7e-m+fp/hard\libc_nano.a(libc_a-nano-vfprintf_float.o)
                0x0800cafc                __cvt
 .text.__exponent
                0x0800cbc6       0x74 C:/ST/STM32CubeIDE_1.18.0/STM32CubeIDE/plugins/com.st.stm32cube.ide.mcu.externaltools.gnu-tools-for-stm32.13.3.rel1.win32_1.0.0.202411081344/tools/bin/../lib/gcc/arm-none-eabi/13.3.1/../../../../arm-none-eabi/lib/thumb/v7e-m+fp/hard\libc_nano.a(libc_a-nano-vfprintf_float.o)
                0x0800cbc6                __exponent
 *fill*         0x0800cc3a        0x2 
 .text._printf_float
                0x0800cc3c      0x454 C:/ST/STM32CubeIDE_1.18.0/STM32CubeIDE/plugins/com.st.stm32cube.ide.mcu.externaltools.gnu-tools-for-stm32.13.3.rel1.win32_1.0.0.202411081344/tools/bin/../lib/gcc/arm-none-eabi/13.3.1/../../../../arm-none-eabi/lib/thumb/v7e-m+fp/hard\libc_nano.a(libc_a-nano-vfprintf_float.o)
                0x0800cc3c                _printf_float
 .text._printf_common
                0x0800d090       0xda C:/ST/STM32CubeIDE_1.18.0/STM32CubeIDE/plugins/com.st.stm32cube.ide.mcu.externaltools.gnu-tools-for-stm32.13.3.rel1.win32_1.0.0.202411081344/tools/bin/../lib/gcc/arm-none-eabi/13.3.1/../../../../arm-none-eabi/lib/thumb/v7e-m+fp/hard\libc_nano.a(libc_a-nano-vfprintf_i.o)
                0x0800d090                _printf_common
 *fill*         0x0800d16a        0x2 
 .text._printf_i
                0x0800d16c      0x23c C:/ST/STM32CubeIDE_1.18.0/STM32CubeIDE/plugins/com.st.stm32cube.ide.mcu.externaltools.gnu-tools-for-stm32.13.3.rel1.win32_1.0.0.202411081344/tools/bin/../lib/gcc/arm-none-eabi/13.3.1/../../../../arm-none-eabi/lib/thumb/v7e-m+fp/hard\libc_nano.a(libc_a-nano-vfprintf_i.o)
                0x0800d16c                _printf_i
 .text.std      0x0800d3a8       0x6c C:/ST/STM32CubeIDE_1.18.0/STM32CubeIDE/plugins/com.st.stm32cube.ide.mcu.externaltools.gnu-tools-for-stm32.13.3.rel1.win32_1.0.0.202411081344/tools/bin/../lib/gcc/arm-none-eabi/13.3.1/../../../../arm-none-eabi/lib/thumb/v7e-m+fp/hard\libc_nano.a(libc_a-findfp.o)
 .text.stdio_exit_handler
                0x0800d414       0x18 C:/ST/STM32CubeIDE_1.18.0/STM32CubeIDE/plugins/com.st.stm32cube.ide.mcu.externaltools.gnu-tools-for-stm32.13.3.rel1.win32_1.0.0.202411081344/tools/bin/../lib/gcc/arm-none-eabi/13.3.1/../../../../arm-none-eabi/lib/thumb/v7e-m+fp/hard\libc_nano.a(libc_a-findfp.o)
 .text.cleanup_stdio
                0x0800d42c       0x40 C:/ST/STM32CubeIDE_1.18.0/STM32CubeIDE/plugins/com.st.stm32cube.ide.mcu.externaltools.gnu-tools-for-stm32.13.3.rel1.win32_1.0.0.202411081344/tools/bin/../lib/gcc/arm-none-eabi/13.3.1/../../../../arm-none-eabi/lib/thumb/v7e-m+fp/hard\libc_nano.a(libc_a-findfp.o)
 .text.global_stdio_init.part.0
                0x0800d46c       0x3c C:/ST/STM32CubeIDE_1.18.0/STM32CubeIDE/plugins/com.st.stm32cube.ide.mcu.externaltools.gnu-tools-for-stm32.13.3.rel1.win32_1.0.0.202411081344/tools/bin/../lib/gcc/arm-none-eabi/13.3.1/../../../../arm-none-eabi/lib/thumb/v7e-m+fp/hard\libc_nano.a(libc_a-findfp.o)
 .text.__sfp_lock_acquire
                0x0800d4a8        0xc C:/ST/STM32CubeIDE_1.18.0/STM32CubeIDE/plugins/com.st.stm32cube.ide.mcu.externaltools.gnu-tools-for-stm32.13.3.rel1.win32_1.0.0.202411081344/tools/bin/../lib/gcc/arm-none-eabi/13.3.1/../../../../arm-none-eabi/lib/thumb/v7e-m+fp/hard\libc_nano.a(libc_a-findfp.o)
                0x0800d4a8                __sfp_lock_acquire
 .text.__sfp_lock_release
                0x0800d4b4        0xc C:/ST/STM32CubeIDE_1.18.0/STM32CubeIDE/plugins/com.st.stm32cube.ide.mcu.externaltools.gnu-tools-for-stm32.13.3.rel1.win32_1.0.0.202411081344/tools/bin/../lib/gcc/arm-none-eabi/13.3.1/../../../../arm-none-eabi/lib/thumb/v7e-m+fp/hard\libc_nano.a(libc_a-findfp.o)
                0x0800d4b4                __sfp_lock_release
 .text.__sinit  0x0800d4c0       0x30 C:/ST/STM32CubeIDE_1.18.0/STM32CubeIDE/plugins/com.st.stm32cube.ide.mcu.externaltools.gnu-tools-for-stm32.13.3.rel1.win32_1.0.0.202411081344/tools/bin/../lib/gcc/arm-none-eabi/13.3.1/../../../../arm-none-eabi/lib/thumb/v7e-m+fp/hard\libc_nano.a(libc_a-findfp.o)
                0x0800d4c0                __sinit
 .text._fwalk_sglue
                0x0800d4f0       0x3c C:/ST/STM32CubeIDE_1.18.0/STM32CubeIDE/plugins/com.st.stm32cube.ide.mcu.externaltools.gnu-tools-for-stm32.13.3.rel1.win32_1.0.0.202411081344/tools/bin/../lib/gcc/arm-none-eabi/13.3.1/../../../../arm-none-eabi/lib/thumb/v7e-m+fp/hard\libc_nano.a(libc_a-fwalk.o)
                0x0800d4f0                _fwalk_sglue
 .text.snprintf
                0x0800d52c       0x6c C:/ST/STM32CubeIDE_1.18.0/STM32CubeIDE/plugins/com.st.stm32cube.ide.mcu.externaltools.gnu-tools-for-stm32.13.3.rel1.win32_1.0.0.202411081344/tools/bin/../lib/gcc/arm-none-eabi/13.3.1/../../../../arm-none-eabi/lib/thumb/v7e-m+fp/hard\libc_nano.a(libc_a-snprintf.o)
                0x0800d52c                sniprintf
                0x0800d52c                snprintf
 .text.sprintf  0x0800d598       0x44 C:/ST/STM32CubeIDE_1.18.0/STM32CubeIDE/plugins/com.st.stm32cube.ide.mcu.externaltools.gnu-tools-for-stm32.13.3.rel1.win32_1.0.0.202411081344/tools/bin/../lib/gcc/arm-none-eabi/13.3.1/../../../../arm-none-eabi/lib/thumb/v7e-m+fp/hard\libc_nano.a(libc_a-sprintf.o)
                0x0800d598                siprintf
                0x0800d598                sprintf
 .text.__sread  0x0800d5dc       0x22 C:/ST/STM32CubeIDE_1.18.0/STM32CubeIDE/plugins/com.st.stm32cube.ide.mcu.externaltools.gnu-tools-for-stm32.13.3.rel1.win32_1.0.0.202411081344/tools/bin/../lib/gcc/arm-none-eabi/13.3.1/../../../../arm-none-eabi/lib/thumb/v7e-m+fp/hard\libc_nano.a(libc_a-stdio.o)
                0x0800d5dc                __sread
 .text.__swrite
                0x0800d5fe       0x38 C:/ST/STM32CubeIDE_1.18.0/STM32CubeIDE/plugins/com.st.stm32cube.ide.mcu.externaltools.gnu-tools-for-stm32.13.3.rel1.win32_1.0.0.202411081344/tools/bin/../lib/gcc/arm-none-eabi/13.3.1/../../../../arm-none-eabi/lib/thumb/v7e-m+fp/hard\libc_nano.a(libc_a-stdio.o)
                0x0800d5fe                __swrite
 .text.__sseek  0x0800d636       0x24 C:/ST/STM32CubeIDE_1.18.0/STM32CubeIDE/plugins/com.st.stm32cube.ide.mcu.externaltools.gnu-tools-for-stm32.13.3.rel1.win32_1.0.0.202411081344/tools/bin/../lib/gcc/arm-none-eabi/13.3.1/../../../../arm-none-eabi/lib/thumb/v7e-m+fp/hard\libc_nano.a(libc_a-stdio.o)
                0x0800d636                __sseek
 .text.__sclose
                0x0800d65a        0x8 C:/ST/STM32CubeIDE_1.18.0/STM32CubeIDE/plugins/com.st.stm32cube.ide.mcu.externaltools.gnu-tools-for-stm32.13.3.rel1.win32_1.0.0.202411081344/tools/bin/../lib/gcc/arm-none-eabi/13.3.1/../../../../arm-none-eabi/lib/thumb/v7e-m+fp/hard\libc_nano.a(libc_a-stdio.o)
                0x0800d65a                __sclose
 .text.memmove  0x0800d662       0x34 C:/ST/STM32CubeIDE_1.18.0/STM32CubeIDE/plugins/com.st.stm32cube.ide.mcu.externaltools.gnu-tools-for-stm32.13.3.rel1.win32_1.0.0.202411081344/tools/bin/../lib/gcc/arm-none-eabi/13.3.1/../../../../arm-none-eabi/lib/thumb/v7e-m+fp/hard\libc_nano.a(libc_a-memmove.o)
                0x0800d662                memmove
 .text.memset   0x0800d696       0x10 C:/ST/STM32CubeIDE_1.18.0/STM32CubeIDE/plugins/com.st.stm32cube.ide.mcu.externaltools.gnu-tools-for-stm32.13.3.rel1.win32_1.0.0.202411081344/tools/bin/../lib/gcc/arm-none-eabi/13.3.1/../../../../arm-none-eabi/lib/thumb/v7e-m+fp/hard\libc_nano.a(libc_a-memset.o)
                0x0800d696                memset
 .text.strchr   0x0800d6a6       0x1a C:/ST/STM32CubeIDE_1.18.0/STM32CubeIDE/plugins/com.st.stm32cube.ide.mcu.externaltools.gnu-tools-for-stm32.13.3.rel1.win32_1.0.0.202411081344/tools/bin/../lib/gcc/arm-none-eabi/13.3.1/../../../../arm-none-eabi/lib/thumb/v7e-m+fp/hard\libc_nano.a(libc_a-strchr.o)
                0x0800d6a6                strchr
 .text._localeconv_r
                0x0800d6c0        0x8 C:/ST/STM32CubeIDE_1.18.0/STM32CubeIDE/plugins/com.st.stm32cube.ide.mcu.externaltools.gnu-tools-for-stm32.13.3.rel1.win32_1.0.0.202411081344/tools/bin/../lib/gcc/arm-none-eabi/13.3.1/../../../../arm-none-eabi/lib/thumb/v7e-m+fp/hard\libc_nano.a(libc_a-localeconv.o)
                0x0800d6c0                _localeconv_r
 .text._close_r
                0x0800d6c8       0x20 C:/ST/STM32CubeIDE_1.18.0/STM32CubeIDE/plugins/com.st.stm32cube.ide.mcu.externaltools.gnu-tools-for-stm32.13.3.rel1.win32_1.0.0.202411081344/tools/bin/../lib/gcc/arm-none-eabi/13.3.1/../../../../arm-none-eabi/lib/thumb/v7e-m+fp/hard\libc_nano.a(libc_a-closer.o)
                0x0800d6c8                _close_r
 .text._lseek_r
                0x0800d6e8       0x24 C:/ST/STM32CubeIDE_1.18.0/STM32CubeIDE/plugins/com.st.stm32cube.ide.mcu.externaltools.gnu-tools-for-stm32.13.3.rel1.win32_1.0.0.202411081344/tools/bin/../lib/gcc/arm-none-eabi/13.3.1/../../../../arm-none-eabi/lib/thumb/v7e-m+fp/hard\libc_nano.a(libc_a-lseekr.o)
                0x0800d6e8                _lseek_r
 .text._read_r  0x0800d70c       0x24 C:/ST/STM32CubeIDE_1.18.0/STM32CubeIDE/plugins/com.st.stm32cube.ide.mcu.externaltools.gnu-tools-for-stm32.13.3.rel1.win32_1.0.0.202411081344/tools/bin/../lib/gcc/arm-none-eabi/13.3.1/../../../../arm-none-eabi/lib/thumb/v7e-m+fp/hard\libc_nano.a(libc_a-readr.o)
                0x0800d70c                _read_r
 .text._write_r
                0x0800d730       0x24 C:/ST/STM32CubeIDE_1.18.0/STM32CubeIDE/plugins/com.st.stm32cube.ide.mcu.externaltools.gnu-tools-for-stm32.13.3.rel1.win32_1.0.0.202411081344/tools/bin/../lib/gcc/arm-none-eabi/13.3.1/../../../../arm-none-eabi/lib/thumb/v7e-m+fp/hard\libc_nano.a(libc_a-writer.o)
                0x0800d730                _write_r
 .text.__errno  0x0800d754        0xc C:/ST/STM32CubeIDE_1.18.0/STM32CubeIDE/plugins/com.st.stm32cube.ide.mcu.externaltools.gnu-tools-for-stm32.13.3.rel1.win32_1.0.0.202411081344/tools/bin/../lib/gcc/arm-none-eabi/13.3.1/../../../../arm-none-eabi/lib/thumb/v7e-m+fp/hard\libc_nano.a(libc_a-errno.o)
                0x0800d754                __errno
 .text.__libc_init_array
                0x0800d760       0x48 C:/ST/STM32CubeIDE_1.18.0/STM32CubeIDE/plugins/com.st.stm32cube.ide.mcu.externaltools.gnu-tools-for-stm32.13.3.rel1.win32_1.0.0.202411081344/tools/bin/../lib/gcc/arm-none-eabi/13.3.1/../../../../arm-none-eabi/lib/thumb/v7e-m+fp/hard\libc_nano.a(libc_a-init.o)
                0x0800d760                __libc_init_array
 .text.__retarget_lock_init_recursive
                0x0800d7a8        0x2 C:/ST/STM32CubeIDE_1.18.0/STM32CubeIDE/plugins/com.st.stm32cube.ide.mcu.externaltools.gnu-tools-for-stm32.13.3.rel1.win32_1.0.0.202411081344/tools/bin/../lib/gcc/arm-none-eabi/13.3.1/../../../../arm-none-eabi/lib/thumb/v7e-m+fp/hard\libc_nano.a(libc_a-lock.o)
                0x0800d7a8                __retarget_lock_init_recursive
 .text.__retarget_lock_acquire_recursive
                0x0800d7aa        0x2 C:/ST/STM32CubeIDE_1.18.0/STM32CubeIDE/plugins/com.st.stm32cube.ide.mcu.externaltools.gnu-tools-for-stm32.13.3.rel1.win32_1.0.0.202411081344/tools/bin/../lib/gcc/arm-none-eabi/13.3.1/../../../../arm-none-eabi/lib/thumb/v7e-m+fp/hard\libc_nano.a(libc_a-lock.o)
                0x0800d7aa                __retarget_lock_acquire_recursive
 .text.__retarget_lock_release_recursive
                0x0800d7ac        0x2 C:/ST/STM32CubeIDE_1.18.0/STM32CubeIDE/plugins/com.st.stm32cube.ide.mcu.externaltools.gnu-tools-for-stm32.13.3.rel1.win32_1.0.0.202411081344/tools/bin/../lib/gcc/arm-none-eabi/13.3.1/../../../../arm-none-eabi/lib/thumb/v7e-m+fp/hard\libc_nano.a(libc_a-lock.o)
                0x0800d7ac                __retarget_lock_release_recursive
 .text.memcpy   0x0800d7ae       0x1c C:/ST/STM32CubeIDE_1.18.0/STM32CubeIDE/plugins/com.st.stm32cube.ide.mcu.externaltools.gnu-tools-for-stm32.13.3.rel1.win32_1.0.0.202411081344/tools/bin/../lib/gcc/arm-none-eabi/13.3.1/../../../../arm-none-eabi/lib/thumb/v7e-m+fp/hard\libc_nano.a(libc_a-memcpy-stub.o)
                0x0800d7ae                memcpy
 .text.quorem   0x0800d7ca      0x110 C:/ST/STM32CubeIDE_1.18.0/STM32CubeIDE/plugins/com.st.stm32cube.ide.mcu.externaltools.gnu-tools-for-stm32.13.3.rel1.win32_1.0.0.202411081344/tools/bin/../lib/gcc/arm-none-eabi/13.3.1/../../../../arm-none-eabi/lib/thumb/v7e-m+fp/hard\libc_nano.a(libc_a-dtoa.o)
 *fill*         0x0800d8da        0x6 
 .text._dtoa_r  0x0800d8e0      0xba0 C:/ST/STM32CubeIDE_1.18.0/STM32CubeIDE/plugins/com.st.stm32cube.ide.mcu.externaltools.gnu-tools-for-stm32.13.3.rel1.win32_1.0.0.202411081344/tools/bin/../lib/gcc/arm-none-eabi/13.3.1/../../../../arm-none-eabi/lib/thumb/v7e-m+fp/hard\libc_nano.a(libc_a-dtoa.o)
                0x0800d8e0                _dtoa_r
 .text._free_r  0x0800e480       0x94 C:/ST/STM32CubeIDE_1.18.0/STM32CubeIDE/plugins/com.st.stm32cube.ide.mcu.externaltools.gnu-tools-for-stm32.13.3.rel1.win32_1.0.0.202411081344/tools/bin/../lib/gcc/arm-none-eabi/13.3.1/../../../../arm-none-eabi/lib/thumb/v7e-m+fp/hard\libc_nano.a(libc_a-freer.o)
                0x0800e480                _free_r
 .text.malloc   0x0800e514       0x10 C:/ST/STM32CubeIDE_1.18.0/STM32CubeIDE/plugins/com.st.stm32cube.ide.mcu.externaltools.gnu-tools-for-stm32.13.3.rel1.win32_1.0.0.202411081344/tools/bin/../lib/gcc/arm-none-eabi/13.3.1/../../../../arm-none-eabi/lib/thumb/v7e-m+fp/hard\libc_nano.a(libc_a-malloc.o)
                0x0800e514                malloc
 .text.sbrk_aligned
                0x0800e524       0x44 C:/ST/STM32CubeIDE_1.18.0/STM32CubeIDE/plugins/com.st.stm32cube.ide.mcu.externaltools.gnu-tools-for-stm32.13.3.rel1.win32_1.0.0.202411081344/tools/bin/../lib/gcc/arm-none-eabi/13.3.1/../../../../arm-none-eabi/lib/thumb/v7e-m+fp/hard\libc_nano.a(libc_a-mallocr.o)
 .text._malloc_r
                0x0800e568      0x100 C:/ST/STM32CubeIDE_1.18.0/STM32CubeIDE/plugins/com.st.stm32cube.ide.mcu.externaltools.gnu-tools-for-stm32.13.3.rel1.win32_1.0.0.202411081344/tools/bin/../lib/gcc/arm-none-eabi/13.3.1/../../../../arm-none-eabi/lib/thumb/v7e-m+fp/hard\libc_nano.a(libc_a-mallocr.o)
                0x0800e568                _malloc_r
 .text.__malloc_lock
                0x0800e668        0xc C:/ST/STM32CubeIDE_1.18.0/STM32CubeIDE/plugins/com.st.stm32cube.ide.mcu.externaltools.gnu-tools-for-stm32.13.3.rel1.win32_1.0.0.202411081344/tools/bin/../lib/gcc/arm-none-eabi/13.3.1/../../../../arm-none-eabi/lib/thumb/v7e-m+fp/hard\libc_nano.a(libc_a-mlock.o)
                0x0800e668                __malloc_lock
 .text.__malloc_unlock
                0x0800e674        0xc C:/ST/STM32CubeIDE_1.18.0/STM32CubeIDE/plugins/com.st.stm32cube.ide.mcu.externaltools.gnu-tools-for-stm32.13.3.rel1.win32_1.0.0.202411081344/tools/bin/../lib/gcc/arm-none-eabi/13.3.1/../../../../arm-none-eabi/lib/thumb/v7e-m+fp/hard\libc_nano.a(libc_a-mlock.o)
                0x0800e674                __malloc_unlock
 .text._Balloc  0x0800e680       0x80 C:/ST/STM32CubeIDE_1.18.0/STM32CubeIDE/plugins/com.st.stm32cube.ide.mcu.externaltools.gnu-tools-for-stm32.13.3.rel1.win32_1.0.0.202411081344/tools/bin/../lib/gcc/arm-none-eabi/13.3.1/../../../../arm-none-eabi/lib/thumb/v7e-m+fp/hard\libc_nano.a(libc_a-mprec.o)
                0x0800e680                _Balloc
 .text._Bfree   0x0800e700       0x44 C:/ST/STM32CubeIDE_1.18.0/STM32CubeIDE/plugins/com.st.stm32cube.ide.mcu.externaltools.gnu-tools-for-stm32.13.3.rel1.win32_1.0.0.202411081344/tools/bin/../lib/gcc/arm-none-eabi/13.3.1/../../../../arm-none-eabi/lib/thumb/v7e-m+fp/hard\libc_nano.a(libc_a-mprec.o)
                0x0800e700                _Bfree
 .text.__multadd
                0x0800e744       0x8c C:/ST/STM32CubeIDE_1.18.0/STM32CubeIDE/plugins/com.st.stm32cube.ide.mcu.externaltools.gnu-tools-for-stm32.13.3.rel1.win32_1.0.0.202411081344/tools/bin/../lib/gcc/arm-none-eabi/13.3.1/../../../../arm-none-eabi/lib/thumb/v7e-m+fp/hard\libc_nano.a(libc_a-mprec.o)
                0x0800e744                __multadd
 .text.__hi0bits
                0x0800e7d0       0x3e C:/ST/STM32CubeIDE_1.18.0/STM32CubeIDE/plugins/com.st.stm32cube.ide.mcu.externaltools.gnu-tools-for-stm32.13.3.rel1.win32_1.0.0.202411081344/tools/bin/../lib/gcc/arm-none-eabi/13.3.1/../../../../arm-none-eabi/lib/thumb/v7e-m+fp/hard\libc_nano.a(libc_a-mprec.o)
                0x0800e7d0                __hi0bits
 .text.__lo0bits