../Drivers/STM32F4xx_HAL_Driver/Inc/stm32f4xx_ll_spi.h:320:26:LL_SPI_IsEnabled	16	static
../Drivers/STM32F4xx_HAL_Driver/Inc/stm32f4xx_ll_spi.h:731:26:LL_SPI_IsActiveFlag_RXNE	16	static
../Drivers/STM32F4xx_HAL_Driver/Inc/stm32f4xx_ll_spi.h:742:26:LL_SPI_IsActiveFlag_TXE	16	static
../Drivers/STM32F4xx_HAL_Driver/Inc/stm32f4xx_ll_spi.h:793:26:LL_SPI_IsActiveFlag_BSY	16	static
../Drivers/STM32F4xx_HAL_Driver/Inc/stm32f4xx_ll_spi.h:1075:25:LL_SPI_ReceiveData8	16	static
../Drivers/STM32F4xx_HAL_Driver/Inc/stm32f4xx_ll_spi.h:1098:22:LL_SPI_TransmitData8	24	static
../Drivers/STM32F4xx_HAL_Driver/Inc/stm32f4xx_ll_gpio.h:800:26:LL_GPIO_IsInputPinSet	16	static
../Drivers/STM32F4xx_HAL_Driver/Inc/stm32f4xx_ll_gpio.h:881:22:LL_GPIO_SetOutputPin	16	static
../Drivers/STM32F4xx_HAL_Driver/Inc/stm32f4xx_ll_gpio.h:910:22:LL_GPIO_ResetOutputPin	16	static
../Core/PHOTO_BOARD/ADS8327/ads8327.c:12:13:ADS8327_set_timeout	16	static
../Core/PHOTO_BOARD/ADS8327/ads8327.c:17:16:ADS8327_get_timeout	4	static
../Core/PHOTO_BOARD/ADS8327/ads8327.c:22:17:ADS8327_Transmit16	24	static
../Core/PHOTO_BOARD/ADS8327/ads8327.c:53:6:ADS8327_Wake_Up	16	static
../Core/PHOTO_BOARD/ADS8327/ads8327.c:63:6:ADS8327_Write_CFR	24	static
../Core/PHOTO_BOARD/ADS8327/ads8327.c:77:6:ADS8327_Default_CFR	16	static
../Core/PHOTO_BOARD/ADS8327/ads8327.c:95:10:ADS8327_Read_Data_Polling	16	static
../Core/PHOTO_BOARD/ADS8327/ads8327.c:111:6:ADS8327_Device_Init	24	static
