../Drivers/STM32F4xx_HAL_Driver/Inc/stm32f4xx_ll_usart.h:410:22:LL_USART_Enable	16	static
../Drivers/STM32F4xx_HAL_Driver/Inc/stm32f4xx_ll_usart.h:424:22:LL_USART_Disable	16	static
../Drivers/STM32F4xx_HAL_Driver/Inc/stm32f4xx_ll_usart.h:1020:22:LL_USART_SetBaudRate	288	static
../Drivers/STM32F4xx_HAL_Driver/Inc/stm32f4xx_ll_usart.h:1792:26:LL_USART_IsActiveFlag_RXNE	16	static
../Drivers/STM32F4xx_HAL_Driver/Inc/stm32f4xx_ll_usart.h:1803:26:LL_USART_IsActiveFlag_TC	16	static
../Drivers/STM32F4xx_HAL_Driver/Inc/stm32f4xx_ll_usart.h:1814:26:LL_USART_IsActiveFlag_TXE	16	static
../Drivers/STM32F4xx_HAL_Driver/Inc/stm32f4xx_ll_usart.h:2035:22:LL_USART_EnableIT_RXNE	40	static,ignoring_inline_asm
../Drivers/STM32F4xx_HAL_Driver/Inc/stm32f4xx_ll_usart.h:2403:25:LL_USART_ReceiveData8	16	static
../Drivers/STM32F4xx_HAL_Driver/Inc/stm32f4xx_ll_usart.h:2426:22:LL_USART_TransmitData8	16	static
../Drivers/STM32F4xx_HAL_Driver/Inc/stm32f4xx_ll_gpio.h:273:22:LL_GPIO_SetPinMode	48	static,ignoring_inline_asm
../Drivers/STM32F4xx_HAL_Driver/Inc/stm32f4xx_ll_gpio.h:881:22:LL_GPIO_SetOutputPin	16	static
../Drivers/STM32F4xx_HAL_Driver/Inc/stm32f4xx_ll_gpio.h:910:22:LL_GPIO_ResetOutputPin	16	static
../Drivers/STM32F4xx_HAL_Driver/Inc/stm32f4xx_ll_bus.h:409:22:LL_AHB1_GRP1_EnableClock	24	static
../Core/Devices/SFC5500/sfc5500.c:23:16:shdlc_crc	24	static
../Core/Devices/SFC5500/sfc5500.c:35:25:shdlc_send_command	32	static
../Core/Devices/SFC5500/sfc5500.c:66:25:shdlc_process_response	32	static
../Core/Devices/SFC5500/sfc5500.c:90:18:SFC5500_Init	16	static
../Core/Devices/SFC5500/sfc5500.c:108:18:SFC5500_GetDeviceInfo	72	dynamic
../Core/Devices/SFC5500/sfc5500.c:142:18:SFC5500_SetBaudrate	56	static
../Core/Devices/SFC5500/sfc5500.c:179:18:SFC5500_GetBaudrate	56	static
../Core/Devices/SFC5500/sfc5500.c:209:18:SFC5500_ResetDevice	56	static
../Core/Devices/SFC5500/sfc5500.c:238:18:SFC5500_SetSetpoint	72	static
../Core/Devices/SFC5500/sfc5500.c:276:18:SFC5500_GetSetpoint	64	static
../Core/Devices/SFC5500/sfc5500.c:311:18:SFC5500_ReadMeasuredFlow	64	static
../Core/Devices/SFC5500/sfc5500.c:346:6:SFC5500_UART_IRQHandler	24	static
