../Drivers/CMSIS/Include/core_cm4.h:1938:34:__NVIC_SystemReset	4	static,ignoring_inline_asm
../Drivers/STM32F4xx_HAL_Driver/Inc/stm32f4xx_ll_gpio.h:881:22:LL_GPIO_SetOutputPin	16	static
../Drivers/STM32F4xx_HAL_Driver/Inc/stm32f4xx_ll_gpio.h:910:22:LL_GPIO_ResetOutputPin	16	static
../Core/CLI_Terminal/CLI_Command/cli_command.c:151:6:CLI_Command_Init	16	static
../Core/CLI_Terminal/CLI_Command/cli_command.c:156:6:CLI_Command_CreateTask	8	static
../Core/CLI_Terminal/CLI_Command/cli_command.c:160:13:CLI_Command_Task_Update	16	static
../Core/CLI_Terminal/CLI_Command/cli_command.c:168:13:CMD_Clear_CLI	40	static
../Core/CLI_Terminal/CLI_Command/cli_command.c:174:13:CMD_Reset	24	static
../Core/CLI_Terminal/CLI_Command/cli_command.c:179:13:CMD_NTC_Get_Temp	144	static
../Core/CLI_Terminal/CLI_Command/cli_command.c:220:13:CMD_PWR_5V_Set	32	static
../Core/CLI_Terminal/CLI_Command/cli_command.c:234:13:CMD_PWR_5V_Get	24	static
../Core/CLI_Terminal/CLI_Command/cli_command.c:244:13:CMD_TEC_Init	128	static
../Core/CLI_Terminal/CLI_Command/cli_command.c:284:13:CMD_TEC_Set_Volt	168	static
../Core/CLI_Terminal/CLI_Command/cli_command.c:307:13:CMD_TEC_Get_Volt	192	static
../Core/CLI_Terminal/CLI_Command/cli_command.c:332:13:CMD_TEC_Set_Dir	48	static
../Core/CLI_Terminal/CLI_Command/cli_command.c:354:13:CMD_TEC_Get_Dir	88	static
../Core/CLI_Terminal/CLI_Command/cli_command.c:381:13:CMD_HTR_Set_Duty	152	static
../Core/CLI_Terminal/CLI_Command/cli_command.c:402:13:CMD_HTR_Get_Duty	112	static
../Core/CLI_Terminal/CLI_Command/cli_command.c:423:13:CMD_Ref_Set_Temp	80	static
../Core/CLI_Terminal/CLI_Command/cli_command.c:434:13:CMD_Ref_Get_Temp	96	static
../Core/CLI_Terminal/CLI_Command/cli_command.c:443:13:CMD_Ref_Set_NTC	96	static
../Core/CLI_Terminal/CLI_Command/cli_command.c:454:13:CMD_Ref_Get_NTC	88	static
../Core/CLI_Terminal/CLI_Command/cli_command.c:464:13:CMD_TEC_Set_Auto	104	static
../Core/CLI_Terminal/CLI_Command/cli_command.c:495:13:CMD_TEC_Get_Auto	112	static
../Core/CLI_Terminal/CLI_Command/cli_command.c:521:13:CMD_HTR_Set_Auto	112	static
../Core/CLI_Terminal/CLI_Command/cli_command.c:539:13:CMD_HTR_Get_Auto	112	static
../Core/CLI_Terminal/CLI_Command/cli_command.c:565:13:CMD_Temp_Set_Auto	32	static
../Core/CLI_Terminal/CLI_Command/cli_command.c:577:13:CMD_Temp_Get_Auto	32	static
../Core/CLI_Terminal/CLI_Command/cli_command.c:589:13:CMD_Sens_List	136	static
../Core/CLI_Terminal/CLI_Command/cli_command.c:637:13:CMD_LSMSens_Get	152	static
../Core/CLI_Terminal/CLI_Command/cli_command.c:655:13:CMD_H3LSens_Get	88	static
../Core/CLI_Terminal/CLI_Command/cli_command.c:664:13:CMD_BMESens_Get	152	static
../Core/CLI_Terminal/CLI_Command/cli_command.c:682:13:CMD_H250Sens_Get	64	static
../Core/CLI_Terminal/CLI_Command/cli_command.c:691:13:CMD_K33Sens_Get	152	static
../Core/CLI_Terminal/CLI_Command/cli_command.c:709:13:CMD_Ref_Set_NFC	72	static
../Core/CLI_Terminal/CLI_Command/cli_command.c:720:13:CMD_Ref_Get_NFC	64	static
../Core/CLI_Terminal/CLI_Command/cli_command.c:730:13:CMD_SFC_Flow_Get	64	static
../Core/CLI_Terminal/CLI_Command/cli_command.c:741:13:CMD_SFC_Dev_Inf	56	static
../Core/CLI_Terminal/CLI_Command/cli_command.c:754:26:getCliStaticBindings	4	static
../Core/CLI_Terminal/CLI_Command/cli_command.c:758:10:getCliStaticBindingCount	4	static
