../Drivers/CMSIS/Include/core_cm4.h:1938:34:__NVIC_SystemReset	4	static,ignoring_inline_asm
../Drivers/STM32F4xx_HAL_Driver/Inc/stm32f4xx_ll_gpio.h:881:22:LL_GPIO_SetOutputPin	16	static
../Drivers/STM32F4xx_HAL_Driver/Inc/stm32f4xx_ll_gpio.h:910:22:LL_GPIO_ResetOutputPin	16	static
../Core/CLI_Terminal/CLI_Command/cli_command.c:121:6:CLI_Command_Init	16	static
../Core/CLI_Terminal/CLI_Command/cli_command.c:126:6:CLI_Command_CreateTask	8	static
../Core/CLI_Terminal/CLI_Command/cli_command.c:130:13:CLI_Command_Task_Update	16	static
../Core/CLI_Terminal/CLI_Command/cli_command.c:138:13:CMD_Clear_CLI	40	static
../Core/CLI_Terminal/CLI_Command/cli_command.c:144:13:CMD_Reset	24	static
../Core/CLI_Terminal/CLI_Command/cli_command.c:149:13:CMD_NTC_Get_Temp	128	static
../Core/CLI_Terminal/CLI_Command/cli_command.c:181:13:CMD_PWR_5V_Set	32	static
../Core/CLI_Terminal/CLI_Command/cli_command.c:195:13:CMD_PWR_5V_Get	24	static
../Core/CLI_Terminal/CLI_Command/cli_command.c:205:13:CMD_TEC_Init	128	static
../Core/CLI_Terminal/CLI_Command/cli_command.c:245:13:CMD_TEC_Set_Volt	168	static
../Core/CLI_Terminal/CLI_Command/cli_command.c:268:13:CMD_TEC_Get_Volt	192	static
../Core/CLI_Terminal/CLI_Command/cli_command.c:293:13:CMD_TEC_Set_Dir	48	static
../Core/CLI_Terminal/CLI_Command/cli_command.c:315:13:CMD_TEC_Get_Dir	88	static
../Core/CLI_Terminal/CLI_Command/cli_command.c:342:13:CMD_HTR_Set_Duty	152	static
../Core/CLI_Terminal/CLI_Command/cli_command.c:363:13:CMD_HTR_Get_Duty	112	static
../Core/CLI_Terminal/CLI_Command/cli_command.c:384:13:CMD_Ref_Set_Temp	80	static
../Core/CLI_Terminal/CLI_Command/cli_command.c:395:13:CMD_Ref_Get_Temp	96	static
../Core/CLI_Terminal/CLI_Command/cli_command.c:404:13:CMD_Ref_Set_NTC	96	static
../Core/CLI_Terminal/CLI_Command/cli_command.c:415:13:CMD_Ref_Get_NTC	88	static
../Core/CLI_Terminal/CLI_Command/cli_command.c:425:13:CMD_TEC_Set_Auto	104	static
../Core/CLI_Terminal/CLI_Command/cli_command.c:456:13:CMD_TEC_Get_Auto	112	static
../Core/CLI_Terminal/CLI_Command/cli_command.c:482:13:CMD_HTR_Set_Auto	112	static
../Core/CLI_Terminal/CLI_Command/cli_command.c:500:13:CMD_HTR_Get_Auto	112	static
../Core/CLI_Terminal/CLI_Command/cli_command.c:526:13:CMD_Temp_Set_Auto	32	static
../Core/CLI_Terminal/CLI_Command/cli_command.c:538:13:CMD_Temp_Get_Auto	32	static
../Core/CLI_Terminal/CLI_Command/cli_command.c:549:13:CMD_LSMSens_Get	152	static
../Core/CLI_Terminal/CLI_Command/cli_command.c:568:13:CMD_H3LSens_Get	88	static
../Core/CLI_Terminal/CLI_Command/cli_command.c:577:13:CMD_BMESens_Get	128	static
../Core/CLI_Terminal/CLI_Command/cli_command.c:596:13:CMD_H250Sens_Get	64	static
../Core/CLI_Terminal/CLI_Command/cli_command.c:605:13:CMD_K33Sens_Get	128	static
../Core/CLI_Terminal/CLI_Command/cli_command.c:630:26:getCliStaticBindings	4	static
../Core/CLI_Terminal/CLI_Command/cli_command.c:634:10:getCliStaticBindingCount	4	static
